173.245.52.74 - - [27/Apr/2015:19:37:53 +0000] "GET /favicon.ico HTTP/1.1" 404 672 "http://canvas.infowall.net/" "Mozilla/5.0 (X11; Linux x86_64) AppleWebKit/537.36 (KHTML, like Gecko) Chrome/42.0.2311.90 Safari/537.36"
173.245.52.69 - - [27/Apr/2015:19:37:55 +0000] "GET / HTTP/1.1" 200 4184 "-" "Mozilla/5.0 (X11; Linux x86_64) AppleWebKit/537.36 (KHTML, like Gecko) Chrome/42.0.2311.90 Safari/537.36"
173.245.52.82 - - [27/Apr/2015:19:38:00 +0000] "GET /modules/system/system.base.css?nnh30f HTTP/1.1" 200 2220 "http://canvas.infowall.net/" "Mozilla/5.0 (X11; Linux x86_64) AppleWebKit/537.36 (KHTML, like Gecko) Chrome/42.0.2311.90 Safari/537.36"
108.162.219.74 - - [27/Apr/2015:19:38:00 +0000] "GET /modules/comment/comment.css?nnh30f HTTP/1.1" 200 476 "http://canvas.infowall.net/" "Mozilla/5.0 (X11; Linux x86_64) AppleWebKit/537.36 (KHTML, like Gecko) Chrome/42.0.2311.90 Safari/537.36"
108.162.219.67 - - [27/Apr/2015:19:38:00 +0000] "GET /sites/all/modules/date/date_api/date.css?nnh30f HTTP/1.1" 200 1484 "http://canvas.infowall.net/" "Mozilla/5.0 (X11; Linux x86_64) AppleWebKit/537.36 (KHTML, like Gecko) Chrome/42.0.2311.90 Safari/537.36"
108.162.219.76 - - [27/Apr/2015:19:38:00 +0000] "GET /modules/node/node.css?nnh30f HTTP/1.1" 200 443 "http://canvas.infowall.net/" "Mozilla/5.0 (X11; Linux x86_64) AppleWebKit/537.36 (KHTML, like Gecko) Chrome/42.0.2311.90 Safari/537.36"
173.245.52.69 - - [27/Apr/2015:19:38:00 +0000] "GET /sites/all/modules/logintoboggan/logintoboggan.css?nnh30f HTTP/1.1" 200 663 "http://canvas.infowall.net/" "Mozilla/5.0 (X11; Linux x86_64) AppleWebKit/537.36 (KHTML, like Gecko) Chrome/42.0.2311.90 Safari/537.36"
108.162.219.169 - - [27/Apr/2015:19:38:00 +0000] "GET /modules/poll/poll.css?nnh30f HTTP/1.1" 200 674 "http://canvas.infowall.net/" "Mozilla/5.0 (X11; Linux x86_64) AppleWebKit/537.36 (KHTML, like Gecko) Chrome/42.0.2311.90 Safari/537.36"
173.245.52.167 - - [27/Apr/2015:19:38:00 +0000] "GET /sites/all/modules/date/date_popup/themes/datepicker.1.7.css?nnh30f HTTP/1.1" 200 1242 "http://canvas.infowall.net/" "Mozilla/5.0 (X11; Linux x86_64) AppleWebKit/537.36 (KHTML, like Gecko) Chrome/42.0.2311.90 Safari/537.36"
108.162.219.82 - - [27/Apr/2015:19:38:00 +0000] "GET /sites/all/modules/fences/field.css?nnh30f HTTP/1.1" 200 545 "http://canvas.infowall.net/" "Mozilla/5.0 (X11; Linux x86_64) AppleWebKit/537.36 (KHTML, like Gecko) Chrome/42.0.2311.90 Safari/537.36"
108.162.219.84 - - [27/Apr/2015:19:38:00 +0000] "GET /sites/all/modules/date/date_repeat_field/date_repeat_field.css?nnh30f HTTP/1.1" 200 882 "http://canvas.infowall.net/" "Mozilla/5.0 (X11; Linux x86_64) AppleWebKit/537.36 (KHTML, like Gecko) Chrome/42.0.2311.90 Safari/537.36"
173.245.52.77 - - [27/Apr/2015:19:38:01 +0000] "GET /modules/search/search.css?nnh30f HTTP/1.1" 200 567 "http://canvas.infowall.net/" "Mozilla/5.0 (X11; Linux x86_64) AppleWebKit/537.36 (KHTML, like Gecko) Chrome/42.0.2311.90 Safari/537.36"
108.162.219.79 - - [27/Apr/2015:19:38:01 +0000] "GET /modules/user/user.css?nnh30f HTTP/1.1" 200 1033 "http://canvas.infowall.net/" "Mozilla/5.0 (X11; Linux x86_64) AppleWebKit/537.36 (KHTML, like Gecko) Chrome/42.0.2311.90 Safari/537.36"
108.162.219.75 - - [27/Apr/2015:19:38:02 +0000] "GET /sites/all/modules/quiz/quiz.css?nnh30f HTTP/1.1" 200 2022 "http://canvas.infowall.net/" "Mozilla/5.0 (X11; Linux x86_64) AppleWebKit/537.36 (KHTML, like Gecko) Chrome/42.0.2311.90 Safari/537.36"
108.162.219.84 - - [27/Apr/2015:19:38:02 +0000] "GET /sites/all/modules/webform_steps/webform_steps.css?nnh30f HTTP/1.1" 200 773 "http://canvas.infowall.net/" "Mozilla/5.0 (X11; Linux x86_64) AppleWebKit/537.36 (KHTML, like Gecko) Chrome/42.0.2311.90 Safari/537.36"
108.162.219.84 - - [27/Apr/2015:19:38:02 +0000] "GET /sites/all/modules/views/css/views.css?nnh30f HTTP/1.1" 200 644 "http://canvas.infowall.net/" "Mozilla/5.0 (X11; Linux x86_64) AppleWebKit/537.36 (KHTML, like Gecko) Chrome/42.0.2311.90 Safari/537.36"
108.162.219.69 - - [27/Apr/2015:19:38:02 +0000] "GET /sites/all/modules/ckeditor/css/ckeditor.css?nnh30f HTTP/1.1" 200 521 "http://canvas.infowall.net/" "Mozilla/5.0 (X11; Linux x86_64) AppleWebKit/537.36 (KHTML, like Gecko) Chrome/42.0.2311.90 Safari/537.36"
173.245.52.79 - - [27/Apr/2015:19:38:03 +0000] "GET /sites/all/modules/colorbox/styles/default/colorbox_style.css?nnh30f HTTP/1.1" 200 1574 "http://canvas.infowall.net/" "Mozilla/5.0 (X11; Linux x86_64) AppleWebKit/537.36 (KHTML, like Gecko) Chrome/42.0.2311.90 Safari/537.36"
173.245.52.73 - - [27/Apr/2015:19:38:03 +0000] "GET /sites/all/modules/ctools/css/ctools.css?nnh30f HTTP/1.1" 200 587 "http://canvas.infowall.net/" "Mozilla/5.0 (X11; Linux x86_64) AppleWebKit/537.36 (KHTML, like Gecko) Chrome/42.0.2311.90 Safari/537.36"
173.245.52.82 - - [27/Apr/2015:19:38:03 +0000] "GET /sites/all/modules/panels/css/panels.css?nnh30f HTTP/1.1" 200 677 "http://canvas.infowall.net/" "Mozilla/5.0 (X11; Linux x86_64) AppleWebKit/537.36 (KHTML, like Gecko) Chrome/42.0.2311.90 Safari/537.36"
173.245.52.63 - - [27/Apr/2015:19:38:03 +0000] "GET /sites/all/modules/nice_menus/css/nice_menus_default.css?nnh30f HTTP/1.1" 200 1487 "http://canvas.infowall.net/" "Mozilla/5.0 (X11; Linux x86_64) AppleWebKit/537.36 (KHTML, like Gecko) Chrome/42.0.2311.90 Safari/537.36"
173.245.52.68 - - [27/Apr/2015:19:38:03 +0000] "GET /sites/all/modules/nice_menus/css/nice_menus.css?nnh30f HTTP/1.1" 200 1266 "http://canvas.infowall.net/" "Mozilla/5.0 (X11; Linux x86_64) AppleWebKit/537.36 (KHTML, like Gecko) Chrome/42.0.2311.90 Safari/537.36"
108.162.219.69 - - [27/Apr/2015:19:38:03 +0000] "GET /sites/all/modules/panels/plugins/layouts/threecol_33_34_33_stacked/threecol_33_34_33_stacked.css?nnh30f HTTP/1.1" 200 552 "http://canvas.infowall.net/" "Mozilla/5.0 (X11; Linux x86_64) AppleWebKit/537.36 (KHTML, like Gecko) Chrome/42.0.2311.90 Safari/537.36"
108.162.219.62 - - [27/Apr/2015:19:38:03 +0000] "GET /sites/all/modules/panels/plugins/layouts/threecol_33_34_33/threecol_33_34_33.css?nnh30f HTTP/1.1" 200 507 "http://canvas.infowall.net/" "Mozilla/5.0 (X11; Linux x86_64) AppleWebKit/537.36 (KHTML, like Gecko) Chrome/42.0.2311.90 Safari/537.36"
108.162.219.70 - - [27/Apr/2015:19:38:03 +0000] "GET /sites/all/modules/userloginbar/userloginbar.css?nnh30f HTTP/1.1" 200 1131 "http://canvas.infowall.net/" "Mozilla/5.0 (X11; Linux x86_64) AppleWebKit/537.36 (KHTML, like Gecko) Chrome/42.0.2311.90 Safari/537.36"
173.245.52.77 - - [27/Apr/2015:19:38:03 +0000] "GET /sites/all/modules/nice_menus/js/jquery.bgiframe.js?v=2.1 HTTP/1.1" 200 1157 "http://canvas.infowall.net/" "Mozilla/5.0 (X11; Linux x86_64) AppleWebKit/537.36 (KHTML, like Gecko) Chrome/42.0.2311.90 Safari/537.36"
108.162.219.66 - - [27/Apr/2015:19:38:04 +0000] "GET /sites/all/themes/canvasresearch/css/styles.css?nnh30f HTTP/1.1" 200 671 "http://canvas.infowall.net/" "Mozilla/5.0 (X11; Linux x86_64) AppleWebKit/537.36 (KHTML, like Gecko) Chrome/42.0.2311.90 Safari/537.36"
108.162.219.67 - - [27/Apr/2015:19:38:04 +0000] "GET /misc/jquery.js?v=1.4.4 HTTP/1.1" 200 27427 "http://canvas.infowall.net/" "Mozilla/5.0 (X11; Linux x86_64) AppleWebKit/537.36 (KHTML, like Gecko) Chrome/42.0.2311.90 Safari/537.36"
108.162.219.80 - - [27/Apr/2015:19:38:04 +0000] "GET /misc/jquery.once.js?v=1.2 HTTP/1.1" 200 1416 "http://canvas.infowall.net/" "Mozilla/5.0 (X11; Linux x86_64) AppleWebKit/537.36 (KHTML, like Gecko) Chrome/42.0.2311.90 Safari/537.36"
108.162.219.78 - - [27/Apr/2015:19:38:04 +0000] "GET /misc/drupal.js?nnh30f HTTP/1.1" 200 5327 "http://canvas.infowall.net/" "Mozilla/5.0 (X11; Linux x86_64) AppleWebKit/537.36 (KHTML, like Gecko) Chrome/42.0.2311.90 Safari/537.36"
173.245.52.81 - - [27/Apr/2015:19:38:04 +0000] "GET /sites/all/modules/nice_menus/js/jquery.hoverIntent.js?v=0.5 HTTP/1.1" 200 1054 "http://canvas.infowall.net/" "Mozilla/5.0 (X11; Linux x86_64) AppleWebKit/537.36 (KHTML, like Gecko) Chrome/42.0.2311.90 Safari/537.36"
173.245.52.83 - - [27/Apr/2015:19:38:04 +0000] "GET /sites/all/modules/nice_menus/js/superfish.js?v=1.4.8 HTTP/1.1" 200 1891 "http://canvas.infowall.net/" "Mozilla/5.0 (X11; Linux x86_64) AppleWebKit/537.36 (KHTML, like Gecko) Chrome/42.0.2311.90 Safari/537.36"
173.245.52.80 - - [27/Apr/2015:19:38:04 +0000] "GET /sites/all/modules/nice_menus/js/nice_menus.js?v=1.0 HTTP/1.1" 200 915 "http://canvas.infowall.net/" "Mozilla/5.0 (X11; Linux x86_64) AppleWebKit/537.36 (KHTML, like Gecko) Chrome/42.0.2311.90 Safari/537.36"
173.245.52.85 - - [27/Apr/2015:19:38:04 +0000] "GET /sites/all/themes/canvasresearch/css/normalize.css HTTP/1.1" 200 5861 "http://canvas.infowall.net/" "Mozilla/5.0 (X11; Linux x86_64) AppleWebKit/537.36 (KHTML, like Gecko) Chrome/42.0.2311.90 Safari/537.36"
108.162.219.76 - - [27/Apr/2015:19:38:04 +0000] "GET /sites/all/themes/canvasresearch/css/components/misc.css HTTP/1.1" 200 8489 "http://canvas.infowall.net/" "Mozilla/5.0 (X11; Linux x86_64) AppleWebKit/537.36 (KHTML, like Gecko) Chrome/42.0.2311.90 Safari/537.36"
173.245.52.69 - - [27/Apr/2015:19:38:04 +0000] "GET /sites/all/themes/canvasresearch/css/layouts/responsive.css HTTP/1.1" 200 1639 "http://canvas.infowall.net/" "Mozilla/5.0 (X11; Linux x86_64) AppleWebKit/537.36 (KHTML, like Gecko) Chrome/42.0.2311.90 Safari/537.36"
108.162.219.74 - - [27/Apr/2015:19:38:04 +0000] "GET /sites/all/themes/canvasresearch/css/print.css HTTP/1.1" 200 1034 "http://canvas.infowall.net/" "Mozilla/5.0 (X11; Linux x86_64) AppleWebKit/537.36 (KHTML, like Gecko) Chrome/42.0.2311.90 Safari/537.36"
173.245.52.64 - - [27/Apr/2015:19:38:04 +0000] "GET /sites/all/modules/media_colorbox/media_colorbox.js?nnh30f HTTP/1.1" 200 947 "http://canvas.infowall.net/" "Mozilla/5.0 (X11; Linux x86_64) AppleWebKit/537.36 (KHTML, like Gecko) Chrome/42.0.2311.90 Safari/537.36"
108.162.219.82 - - [27/Apr/2015:19:38:05 +0000] "GET /sites/all/modules/colorbox/js/colorbox.js?nnh30f HTTP/1.1" 200 688 "http://canvas.infowall.net/" "Mozilla/5.0 (X11; Linux x86_64) AppleWebKit/537.36 (KHTML, like Gecko) Chrome/42.0.2311.90 Safari/537.36"
173.245.52.79 - - [27/Apr/2015:19:38:05 +0000] "GET /sites/all/libraries/colorbox/jquery.colorbox-min.js?nnh30f HTTP/1.1" 200 5074 "http://canvas.infowall.net/" "Mozilla/5.0 (X11; Linux x86_64) AppleWebKit/537.36 (KHTML, like Gecko) Chrome/42.0.2311.90 Safari/537.36"
173.245.52.67 - - [27/Apr/2015:19:38:05 +0000] "GET /sites/all/modules/colorbox/styles/default/colorbox_style.js?nnh30f HTTP/1.1" 200 639 "http://canvas.infowall.net/" "Mozilla/5.0 (X11; Linux x86_64) AppleWebKit/537.36 (KHTML, like Gecko) Chrome/42.0.2311.90 Safari/537.36"
173.245.52.66 - - [27/Apr/2015:19:38:05 +0000] "GET /sites/all/modules/webform_steps/webform_steps.js?nnh30f HTTP/1.1" 200 667 "http://canvas.infowall.net/" "Mozilla/5.0 (X11; Linux x86_64) AppleWebKit/537.36 (KHTML, like Gecko) Chrome/42.0.2311.90 Safari/537.36"
108.162.219.66 - - [27/Apr/2015:19:38:05 +0000] "GET /sites/all/modules/colorbox/js/colorbox_inline.js?nnh30f HTTP/1.1" 200 924 "http://canvas.infowall.net/" "Mozilla/5.0 (X11; Linux x86_64) AppleWebKit/537.36 (KHTML, like Gecko) Chrome/42.0.2311.90 Safari/537.36"
108.162.219.68 - - [27/Apr/2015:19:38:05 +0000] "GET /sites/all/modules/colorbox/js/colorbox_load.js?nnh30f HTTP/1.1" 200 881 "http://canvas.infowall.net/" "Mozilla/5.0 (X11; Linux x86_64) AppleWebKit/537.36 (KHTML, like Gecko) Chrome/42.0.2311.90 Safari/537.36"
173.245.52.85 - - [27/Apr/2015:19:38:05 +0000] "GET /sites/all/modules/clientside_validation/jquery-validate/jquery.validate.js?nnh30f HTTP/1.1" 200 10271 "http://canvas.infowall.net/" "Mozilla/5.0 (X11; Linux x86_64) AppleWebKit/537.36 (KHTML, like Gecko) Chrome/42.0.2311.90 Safari/537.36"
173.245.52.167 - - [27/Apr/2015:19:38:05 +0000] "GET /sites/all/modules/clientside_validation/clientside_validation.js?nnh30f HTTP/1.1" 200 9983 "http://canvas.infowall.net/" "Mozilla/5.0 (X11; Linux x86_64) AppleWebKit/537.36 (KHTML, like Gecko) Chrome/42.0.2311.90 Safari/537.36"
173.245.52.65 - - [27/Apr/2015:19:38:05 +0000] "GET /sites/all/modules/clientside_validation/clientside_validation.ie8.js?nnh30f HTTP/1.1" 200 2301 "http://canvas.infowall.net/" "Mozilla/5.0 (X11; Linux x86_64) AppleWebKit/537.36 (KHTML, like Gecko) Chrome/42.0.2311.90 Safari/537.36"
108.162.219.71 - - [27/Apr/2015:19:38:05 +0000] "GET /sites/all/modules/clientside_validation/clientside_validation_html5/clientside_validation_html5.js?nnh30f HTTP/1.1" 200 1405 "http://canvas.infowall.net/" "Mozilla/5.0 (X11; Linux x86_64) AppleWebKit/537.36 (KHTML, like Gecko) Chrome/42.0.2311.90 Safari/537.36"
108.162.219.84 - - [27/Apr/2015:19:38:05 +0000] "GET /sites/default/files/imagegallery/123-file-canvas.png HTTP/1.1" 200 25685 "http://canvas.infowall.net/" "Mozilla/5.0 (X11; Linux x86_64) AppleWebKit/537.36 (KHTML, like Gecko) Chrome/42.0.2311.90 Safari/537.36"
173.245.52.76 - - [27/Apr/2015:19:38:05 +0000] "GET /sites/default/files/header-object.png HTTP/1.1" 200 8421 "http://canvas.infowall.net/" "Mozilla/5.0 (X11; Linux x86_64) AppleWebKit/537.36 (KHTML, like Gecko) Chrome/42.0.2311.90 Safari/537.36"
173.245.52.168 - - [27/Apr/2015:19:38:05 +0000] "GET /sites/all/themes/canvasresearch/favicon.ico HTTP/1.1" 200 15388 "http://canvas.infowall.net/" "Mozilla/5.0 (X11; Linux x86_64) AppleWebKit/537.36 (KHTML, like Gecko) Chrome/42.0.2311.90 Safari/537.36"
::1 - - [27/Apr/2015:19:38:07 +0000] "OPTIONS * HTTP/1.0" 200 125 "-" "Apache/2.4.7 (Ubuntu) PHP/5.5.9-1ubuntu4.7 (internal dummy connection)"
::1 - - [27/Apr/2015:19:38:08 +0000] "OPTIONS * HTTP/1.0" 200 125 "-" "Apache/2.4.7 (Ubuntu) PHP/5.5.9-1ubuntu4.7 (internal dummy connection)"
::1 - - [27/Apr/2015:19:38:09 +0000] "OPTIONS * HTTP/1.0" 200 125 "-" "Apache/2.4.7 (Ubuntu) PHP/5.5.9-1ubuntu4.7 (internal dummy connection)"
::1 - - [27/Apr/2015:19:38:10 +0000] "OPTIONS * HTTP/1.0" 200 125 "-" "Apache/2.4.7 (Ubuntu) PHP/5.5.9-1ubuntu4.7 (internal dummy connection)"
::1 - - [27/Apr/2015:19:38:11 +0000] "OPTIONS * HTTP/1.0" 200 125 "-" "Apache/2.4.7 (Ubuntu) PHP/5.5.9-1ubuntu4.7 (internal dummy connection)"
::1 - - [27/Apr/2015:19:38:12 +0000] "OPTIONS * HTTP/1.0" 200 125 "-" "Apache/2.4.7 (Ubuntu) PHP/5.5.9-1ubuntu4.7 (internal dummy connection)"
::1 - - [27/Apr/2015:19:38:13 +0000] "OPTIONS * HTTP/1.0" 200 125 "-" "Apache/2.4.7 (Ubuntu) PHP/5.5.9-1ubuntu4.7 (internal dummy connection)"
::1 - - [27/Apr/2015:19:38:14 +0000] "OPTIONS * HTTP/1.0" 200 125 "-" "Apache/2.4.7 (Ubuntu) PHP/5.5.9-1ubuntu4.7 (internal dummy connection)"
::1 - - [27/Apr/2015:19:38:15 +0000] "OPTIONS * HTTP/1.0" 200 125 "-" "Apache/2.4.7 (Ubuntu) PHP/5.5.9-1ubuntu4.7 (internal dummy connection)"
::1 - - [27/Apr/2015:19:38:16 +0000] "OPTIONS * HTTP/1.0" 200 125 "-" "Apache/2.4.7 (Ubuntu) PHP/5.5.9-1ubuntu4.7 (internal dummy connection)"
::1 - - [27/Apr/2015:19:38:17 +0000] "OPTIONS * HTTP/1.0" 200 125 "-" "Apache/2.4.7 (Ubuntu) PHP/5.5.9-1ubuntu4.7 (internal dummy connection)"
::1 - - [27/Apr/2015:19:38:18 +0000] "OPTIONS * HTTP/1.0" 200 125 "-" "Apache/2.4.7 (Ubuntu) PHP/5.5.9-1ubuntu4.7 (internal dummy connection)"
::1 - - [27/Apr/2015:19:38:19 +0000] "OPTIONS * HTTP/1.0" 200 125 "-" "Apache/2.4.7 (Ubuntu) PHP/5.5.9-1ubuntu4.7 (internal dummy connection)"
::1 - - [27/Apr/2015:19:38:20 +0000] "OPTIONS * HTTP/1.0" 200 125 "-" "Apache/2.4.7 (Ubuntu) PHP/5.5.9-1ubuntu4.7 (internal dummy connection)"
::1 - - [27/Apr/2015:19:38:21 +0000] "OPTIONS * HTTP/1.0" 200 125 "-" "Apache/2.4.7 (Ubuntu) PHP/5.5.9-1ubuntu4.7 (internal dummy connection)"
::1 - - [27/Apr/2015:19:38:22 +0000] "OPTIONS * HTTP/1.0" 200 125 "-" "Apache/2.4.7 (Ubuntu) PHP/5.5.9-1ubuntu4.7 (internal dummy connection)"
::1 - - [27/Apr/2015:19:38:23 +0000] "OPTIONS * HTTP/1.0" 200 125 "-" "Apache/2.4.7 (Ubuntu) PHP/5.5.9-1ubuntu4.7 (internal dummy connection)"
::1 - - [27/Apr/2015:19:38:24 +0000] "OPTIONS * HTTP/1.0" 200 125 "-" "Apache/2.4.7 (Ubuntu) PHP/5.5.9-1ubuntu4.7 (internal dummy connection)"
::1 - - [27/Apr/2015:19:38:25 +0000] "OPTIONS * HTTP/1.0" 200 125 "-" "Apache/2.4.7 (Ubuntu) PHP/5.5.9-1ubuntu4.7 (internal dummy connection)"
::1 - - [27/Apr/2015:19:38:26 +0000] "OPTIONS * HTTP/1.0" 200 125 "-" "Apache/2.4.7 (Ubuntu) PHP/5.5.9-1ubuntu4.7 (internal dummy connection)"
::1 - - [27/Apr/2015:19:38:27 +0000] "OPTIONS * HTTP/1.0" 200 125 "-" "Apache/2.4.7 (Ubuntu) PHP/5.5.9-1ubuntu4.7 (internal dummy connection)"
::1 - - [27/Apr/2015:19:38:28 +0000] "OPTIONS * HTTP/1.0" 200 125 "-" "Apache/2.4.7 (Ubuntu) PHP/5.5.9-1ubuntu4.7 (internal dummy connection)"
::1 - - [27/Apr/2015:19:38:29 +0000] "OPTIONS * HTTP/1.0" 200 125 "-" "Apache/2.4.7 (Ubuntu) PHP/5.5.9-1ubuntu4.7 (internal dummy connection)"
::1 - - [27/Apr/2015:19:38:30 +0000] "OPTIONS * HTTP/1.0" 200 125 "-" "Apache/2.4.7 (Ubuntu) PHP/5.5.9-1ubuntu4.7 (internal dummy connection)"
::1 - - [27/Apr/2015:19:38:31 +0000] "OPTIONS * HTTP/1.0" 200 125 "-" "Apache/2.4.7 (Ubuntu) PHP/5.5.9-1ubuntu4.7 (internal dummy connection)"
::1 - - [27/Apr/2015:19:38:32 +0000] "OPTIONS * HTTP/1.0" 200 125 "-" "Apache/2.4.7 (Ubuntu) PHP/5.5.9-1ubuntu4.7 (internal dummy connection)"
::1 - - [27/Apr/2015:19:38:33 +0000] "OPTIONS * HTTP/1.0" 200 125 "-" "Apache/2.4.7 (Ubuntu) PHP/5.5.9-1ubuntu4.7 (internal dummy connection)"
::1 - - [27/Apr/2015:19:38:34 +0000] "OPTIONS * HTTP/1.0" 200 125 "-" "Apache/2.4.7 (Ubuntu) PHP/5.5.9-1ubuntu4.7 (internal dummy connection)"
::1 - - [27/Apr/2015:19:38:35 +0000] "OPTIONS * HTTP/1.0" 200 125 "-" "Apache/2.4.7 (Ubuntu) PHP/5.5.9-1ubuntu4.7 (internal dummy connection)"
::1 - - [27/Apr/2015:19:38:36 +0000] "OPTIONS * HTTP/1.0" 200 125 "-" "Apache/2.4.7 (Ubuntu) PHP/5.5.9-1ubuntu4.7 (internal dummy connection)"
::1 - - [27/Apr/2015:19:38:37 +0000] "OPTIONS * HTTP/1.0" 200 125 "-" "Apache/2.4.7 (Ubuntu) PHP/5.5.9-1ubuntu4.7 (internal dummy connection)"
::1 - - [27/Apr/2015:19:38:38 +0000] "OPTIONS * HTTP/1.0" 200 125 "-" "Apache/2.4.7 (Ubuntu) PHP/5.5.9-1ubuntu4.7 (internal dummy connection)"
::1 - - [27/Apr/2015:19:38:39 +0000] "OPTIONS * HTTP/1.0" 200 125 "-" "Apache/2.4.7 (Ubuntu) PHP/5.5.9-1ubuntu4.7 (internal dummy connection)"
::1 - - [27/Apr/2015:19:38:40 +0000] "OPTIONS * HTTP/1.0" 200 125 "-" "Apache/2.4.7 (Ubuntu) PHP/5.5.9-1ubuntu4.7 (internal dummy connection)"
173.245.52.69 - - [27/Apr/2015:19:38:40 +0000] "GET /user/reset/1/1430163509/AwN8L7fX8-XxaoUKotpKVAlSEXaUVNRpNZs4Dqui_50/login HTTP/1.1" 302 643 "-" "Mozilla/5.0 (X11; Linux x86_64) AppleWebKit/537.36 (KHTML, like Gecko) Chrome/42.0.2311.90 Safari/537.36"
::1 - - [27/Apr/2015:19:38:41 +0000] "OPTIONS * HTTP/1.0" 200 125 "-" "Apache/2.4.7 (Ubuntu) PHP/5.5.9-1ubuntu4.7 (internal dummy connection)"
::1 - - [27/Apr/2015:19:38:42 +0000] "OPTIONS * HTTP/1.0" 200 125 "-" "Apache/2.4.7 (Ubuntu) PHP/5.5.9-1ubuntu4.7 (internal dummy connection)"
173.245.52.69 - - [27/Apr/2015:19:38:40 +0000] "GET /user/1/edit?pass-reset-token=zlrkaKukANKV0F116XJOlwqtKCUQOZEnghBQesiwRlE HTTP/1.1" 200 26544 "-" "Mozilla/5.0 (X11; Linux x86_64) AppleWebKit/537.36 (KHTML, like Gecko) Chrome/42.0.2311.90 Safari/537.36"
173.245.52.168 - - [27/Apr/2015:19:38:42 +0000] "GET /modules/system/system.menus.css?nnh30f HTTP/1.1" 200 996 "http://canvas.infowall.net/user/1/edit?pass-reset-token=zlrkaKukANKV0F116XJOlwqtKCUQOZEnghBQesiwRlE" "Mozilla/5.0 (X11; Linux x86_64) AppleWebKit/537.36 (KHTML, like Gecko) Chrome/42.0.2311.90 Safari/537.36"
108.162.219.84 - - [27/Apr/2015:19:38:42 +0000] "GET /modules/system/system.messages.css?nnh30f HTTP/1.1" 200 717 "http://canvas.infowall.net/user/1/edit?pass-reset-token=zlrkaKukANKV0F116XJOlwqtKCUQOZEnghBQesiwRlE" "Mozilla/5.0 (X11; Linux x86_64) AppleWebKit/537.36 (KHTML, like Gecko) Chrome/42.0.2311.90 Safari/537.36"
173.245.52.73 - - [27/Apr/2015:19:38:42 +0000] "GET /modules/system/system.theme.css?nnh30f HTTP/1.1" 200 1556 "http://canvas.infowall.net/user/1/edit?pass-reset-token=zlrkaKukANKV0F116XJOlwqtKCUQOZEnghBQesiwRlE" "Mozilla/5.0 (X11; Linux x86_64) AppleWebKit/537.36 (KHTML, like Gecko) Chrome/42.0.2311.90 Safari/537.36"
108.162.219.74 - - [27/Apr/2015:19:38:42 +0000] "GET /modules/system/system.admin.css?nnh30f HTTP/1.1" 200 1716 "http://canvas.infowall.net/user/1/edit?pass-reset-token=zlrkaKukANKV0F116XJOlwqtKCUQOZEnghBQesiwRlE" "Mozilla/5.0 (X11; Linux x86_64) AppleWebKit/537.36 (KHTML, like Gecko) Chrome/42.0.2311.90 Safari/537.36"
108.162.219.168 - - [27/Apr/2015:19:38:42 +0000] "GET /sites/all/modules/admin_menu/admin_menu.css?nnh30f HTTP/1.1" 200 1926 "http://canvas.infowall.net/user/1/edit?pass-reset-token=zlrkaKukANKV0F116XJOlwqtKCUQOZEnghBQesiwRlE" "Mozilla/5.0 (X11; Linux x86_64) AppleWebKit/537.36 (KHTML, like Gecko) Chrome/42.0.2311.90 Safari/537.36"
108.162.219.83 - - [27/Apr/2015:19:38:42 +0000] "GET /sites/all/modules/admin_menu/admin_menu.uid1.css?nnh30f HTTP/1.1" 200 490 "http://canvas.infowall.net/user/1/edit?pass-reset-token=zlrkaKukANKV0F116XJOlwqtKCUQOZEnghBQesiwRlE" "Mozilla/5.0 (X11; Linux x86_64) AppleWebKit/537.36 (KHTML, like Gecko) Chrome/42.0.2311.90 Safari/537.36"
173.245.52.65 - - [27/Apr/2015:19:38:42 +0000] "GET /sites/all/modules/admin_menu/admin_menu_toolbar/admin_menu_toolbar.css?nnh30f HTTP/1.1" 200 1465 "http://canvas.infowall.net/user/1/edit?pass-reset-token=zlrkaKukANKV0F116XJOlwqtKCUQOZEnghBQesiwRlE" "Mozilla/5.0 (X11; Linux x86_64) AppleWebKit/537.36 (KHTML, like Gecko) Chrome/42.0.2311.90 Safari/537.36"
108.162.219.64 - - [27/Apr/2015:19:38:42 +0000] "GET /modules/shortcut/shortcut.css?nnh30f HTTP/1.1" 200 983 "http://canvas.infowall.net/user/1/edit?pass-reset-token=zlrkaKukANKV0F116XJOlwqtKCUQOZEnghBQesiwRlE" "Mozilla/5.0 (X11; Linux x86_64) AppleWebKit/537.36 (KHTML, like Gecko) Chrome/42.0.2311.90 Safari/537.36"
108.162.219.73 - - [27/Apr/2015:19:38:42 +0000] "GET /sites/all/modules/location/location.css?nnh30f HTTP/1.1" 200 791 "http://canvas.infowall.net/user/1/edit?pass-reset-token=zlrkaKukANKV0F116XJOlwqtKCUQOZEnghBQesiwRlE" "Mozilla/5.0 (X11; Linux x86_64) AppleWebKit/537.36 (KHTML, like Gecko) Chrome/42.0.2311.90 Safari/537.36"
173.245.52.85 - - [27/Apr/2015:19:38:42 +0000] "GET /sites/all/modules/link/link.css?nnh30f HTTP/1.1" 200 426 "http://canvas.infowall.net/user/1/edit?pass-reset-token=zlrkaKukANKV0F116XJOlwqtKCUQOZEnghBQesiwRlE" "Mozilla/5.0 (X11; Linux x86_64) AppleWebKit/537.36 (KHTML, like Gecko) Chrome/42.0.2311.90 Safari/537.36"
173.245.52.81 - - [27/Apr/2015:19:38:42 +0000] "GET /sites/all/modules/field_group%202/field_group.field_ui.css?nnh30f HTTP/1.1" 200 488 "http://canvas.infowall.net/user/1/edit?pass-reset-token=zlrkaKukANKV0F116XJOlwqtKCUQOZEnghBQesiwRlE" "Mozilla/5.0 (X11; Linux x86_64) AppleWebKit/537.36 (KHTML, like Gecko) Chrome/42.0.2311.90 Safari/537.36"
108.162.219.84 - - [27/Apr/2015:19:38:42 +0000] "GET /misc/form.js?v=7.36 HTTP/1.1" 200 1350 "http://canvas.infowall.net/user/1/edit?pass-reset-token=zlrkaKukANKV0F116XJOlwqtKCUQOZEnghBQesiwRlE" "Mozilla/5.0 (X11; Linux x86_64) AppleWebKit/537.36 (KHTML, like Gecko) Chrome/42.0.2311.90 Safari/537.36"
173.245.52.167 - - [27/Apr/2015:19:38:42 +0000] "GET /themes/seven/reset.css?nnh30f HTTP/1.1" 200 1611 "http://canvas.infowall.net/user/1/edit?pass-reset-token=zlrkaKukANKV0F116XJOlwqtKCUQOZEnghBQesiwRlE" "Mozilla/5.0 (X11; Linux x86_64) AppleWebKit/537.36 (KHTML, like Gecko) Chrome/42.0.2311.90 Safari/537.36"
173.245.52.62 - - [27/Apr/2015:19:38:42 +0000] "GET /themes/seven/style.css?nnh30f HTTP/1.1" 200 4958 "http://canvas.infowall.net/user/1/edit?pass-reset-token=zlrkaKukANKV0F116XJOlwqtKCUQOZEnghBQesiwRlE" "Mozilla/5.0 (X11; Linux x86_64) AppleWebKit/537.36 (KHTML, like Gecko) Chrome/42.0.2311.90 Safari/537.36"
108.162.219.65 - - [27/Apr/2015:19:38:42 +0000] "GET /sites/all/modules/admin_menu/admin_menu.js?nnh30f HTTP/1.1" 200 4336 "http://canvas.infowall.net/user/1/edit?pass-reset-token=zlrkaKukANKV0F116XJOlwqtKCUQOZEnghBQesiwRlE" "Mozilla/5.0 (X11; Linux x86_64) AppleWebKit/537.36 (KHTML, like Gecko) Chrome/42.0.2311.90 Safari/537.36"
173.245.52.168 - - [27/Apr/2015:19:38:42 +0000] "GET /sites/all/modules/admin_menu/admin_menu_toolbar/admin_menu_toolbar.js?nnh30f HTTP/1.1" 200 982 "http://canvas.infowall.net/user/1/edit?pass-reset-token=zlrkaKukANKV0F116XJOlwqtKCUQOZEnghBQesiwRlE" "Mozilla/5.0 (X11; Linux x86_64) AppleWebKit/537.36 (KHTML, like Gecko) Chrome/42.0.2311.90 Safari/537.36"
108.162.219.167 - - [27/Apr/2015:19:38:42 +0000] "GET /sites/all/modules/devel/devel_krumo_path.js?nnh30f HTTP/1.1" 200 1170 "http://canvas.infowall.net/user/1/edit?pass-reset-token=zlrkaKukANKV0F116XJOlwqtKCUQOZEnghBQesiwRlE" "Mozilla/5.0 (X11; Linux x86_64) AppleWebKit/537.36 (KHTML, like Gecko) Chrome/42.0.2311.90 Safari/537.36"
108.162.219.70 - - [27/Apr/2015:19:38:42 +0000] "GET /modules/user/user.js?nnh30f HTTP/1.1" 200 2448 "http://canvas.infowall.net/user/1/edit?pass-reset-token=zlrkaKukANKV0F116XJOlwqtKCUQOZEnghBQesiwRlE" "Mozilla/5.0 (X11; Linux x86_64) AppleWebKit/537.36 (KHTML, like Gecko) Chrome/42.0.2311.90 Safari/537.36"
173.245.52.169 - - [27/Apr/2015:19:38:42 +0000] "GET /misc/collapse.js?v=7.36 HTTP/1.1" 200 1532 "http://canvas.infowall.net/user/1/edit?pass-reset-token=zlrkaKukANKV0F116XJOlwqtKCUQOZEnghBQesiwRlE" "Mozilla/5.0 (X11; Linux x86_64) AppleWebKit/537.36 (KHTML, like Gecko) Chrome/42.0.2311.90 Safari/537.36"
108.162.219.84 - - [27/Apr/2015:19:38:42 +0000] "GET /sites/all/modules/date/date.js?nnh30f HTTP/1.1" 200 1813 "http://canvas.infowall.net/user/1/edit?pass-reset-token=zlrkaKukANKV0F116XJOlwqtKCUQOZEnghBQesiwRlE" "Mozilla/5.0 (X11; Linux x86_64) AppleWebKit/537.36 (KHTML, like Gecko) Chrome/42.0.2311.90 Safari/537.36"
108.162.219.73 - - [27/Apr/2015:19:38:43 +0000] "GET /misc/autocomplete.js?v=7.36 HTTP/1.1" 200 2945 "http://canvas.infowall.net/user/1/edit?pass-reset-token=zlrkaKukANKV0F116XJOlwqtKCUQOZEnghBQesiwRlE" "Mozilla/5.0 (X11; Linux x86_64) AppleWebKit/537.36 (KHTML, like Gecko) Chrome/42.0.2311.90 Safari/537.36"
173.245.52.80 - - [27/Apr/2015:19:38:43 +0000] "GET /sites/all/themes/canvasresearch/icons/32x32/comment.png HTTP/1.1" 200 2916 "http://canvas.infowall.net/user/1/edit?pass-reset-token=zlrkaKukANKV0F116XJOlwqtKCUQOZEnghBQesiwRlE" "Mozilla/5.0 (X11; Linux x86_64) AppleWebKit/537.36 (KHTML, like Gecko) Chrome/42.0.2311.90 Safari/537.36"
173.245.52.74 - - [27/Apr/2015:19:38:43 +0000] "GET /modules/shortcut/shortcut.png HTTP/1.1" 200 842 "http://canvas.infowall.net/modules/shortcut/shortcut.css?nnh30f" "Mozilla/5.0 (X11; Linux x86_64) AppleWebKit/537.36 (KHTML, like Gecko) Chrome/42.0.2311.90 Safari/537.36"
108.162.219.74 - - [27/Apr/2015:19:38:43 +0000] "GET /misc/message-24-ok.png HTTP/1.1" 200 1343 "http://canvas.infowall.net/modules/system/system.messages.css?nnh30f" "Mozilla/5.0 (X11; Linux x86_64) AppleWebKit/537.36 (KHTML, like Gecko) Chrome/42.0.2311.90 Safari/537.36"
173.245.52.78 - - [27/Apr/2015:19:38:43 +0000] "GET /misc/menu-expanded.png HTTP/1.1" 200 389 "http://canvas.infowall.net/modules/system/system.theme.css?nnh30f" "Mozilla/5.0 (X11; Linux x86_64) AppleWebKit/537.36 (KHTML, like Gecko) Chrome/42.0.2311.90 Safari/537.36"
173.245.52.168 - - [27/Apr/2015:19:38:43 +0000] "GET /sites/all/modules/admin_menu/images/bkg.png HTTP/1.1" 200 518 "http://canvas.infowall.net/sites/all/modules/admin_menu/admin_menu.css?nnh30f" "Mozilla/5.0 (X11; Linux x86_64) AppleWebKit/537.36 (KHTML, like Gecko) Chrome/42.0.2311.90 Safari/537.36"
108.162.219.63 - - [27/Apr/2015:19:38:43 +0000] "GET /misc/throbber-inactive.png HTTP/1.1" 200 604 "http://canvas.infowall.net/modules/system/system.base.css?nnh30f" "Mozilla/5.0 (X11; Linux x86_64) AppleWebKit/537.36 (KHTML, like Gecko) Chrome/42.0.2311.90 Safari/537.36"
108.162.219.85 - - [27/Apr/2015:19:38:43 +0000] "GET /themes/seven/images/buttons.png HTTP/1.1" 200 1070 "http://canvas.infowall.net/themes/seven/style.css?nnh30f" "Mozilla/5.0 (X11; Linux x86_64) AppleWebKit/537.36 (KHTML, like Gecko) Chrome/42.0.2311.90 Safari/537.36"
108.162.219.69 - - [27/Apr/2015:19:38:43 +0000] "GET /sites/all/modules/admin_menu/admin_menu_toolbar/toolbar.png HTTP/1.1" 200 842 "http://canvas.infowall.net/sites/all/modules/admin_menu/admin_menu_toolbar/admin_menu_toolbar.css?nnh30f" "Mozilla/5.0 (X11; Linux x86_64) AppleWebKit/537.36 (KHTML, like Gecko) Chrome/42.0.2311.90 Safari/537.36"
173.245.52.78 - - [27/Apr/2015:19:38:43 +0000] "GET /misc/menu-collapsed.png HTTP/1.1" 200 388 "http://canvas.infowall.net/modules/system/system.theme.css?nnh30f" "Mozilla/5.0 (X11; Linux x86_64) AppleWebKit/537.36 (KHTML, like Gecko) Chrome/42.0.2311.90 Safari/537.36"
173.245.52.169 - - [27/Apr/2015:19:38:43 +0000] "GET /sites/all/modules/admin_menu/images/bkg-red.png HTTP/1.1" 200 519 "http://canvas.infowall.net/sites/all/modules/admin_menu/admin_menu.uid1.css?nnh30f" "Mozilla/5.0 (X11; Linux x86_64) AppleWebKit/537.36 (KHTML, like Gecko) Chrome/42.0.2311.90 Safari/537.36"
108.162.219.62 - - [27/Apr/2015:19:38:43 +0000] "GET /sites/all/modules/admin_menu/images/icon_users.png HTTP/1.1" 200 913 "http://canvas.infowall.net/sites/all/modules/admin_menu/admin_menu.css?nnh30f" "Mozilla/5.0 (X11; Linux x86_64) AppleWebKit/537.36 (KHTML, like Gecko) Chrome/42.0.2311.90 Safari/537.36"
173.245.52.82 - - [27/Apr/2015:19:38:43 +0000] "GET /misc/message-24-error.png HTTP/1.1" 200 1017 "http://canvas.infowall.net/modules/system/system.messages.css?nnh30f" "Mozilla/5.0 (X11; Linux x86_64) AppleWebKit/537.36 (KHTML, like Gecko) Chrome/42.0.2311.90 Safari/537.36"
108.162.219.71 - - [27/Apr/2015:19:38:43 +0000] "GET /misc/help.png HTTP/1.1" 200 578 "http://canvas.infowall.net/user/1/edit?pass-reset-token=zlrkaKukANKV0F116XJOlwqtKCUQOZEnghBQesiwRlE" "Mozilla/5.0 (X11; Linux x86_64) AppleWebKit/537.36 (KHTML, like Gecko) Chrome/42.0.2311.90 Safari/537.36"
108.162.219.81 - - [27/Apr/2015:19:38:43 +0000] "GET /misc/favicon.ico HTTP/1.1" 200 5731 "http://canvas.infowall.net/user/1/edit?pass-reset-token=zlrkaKukANKV0F116XJOlwqtKCUQOZEnghBQesiwRlE" "Mozilla/5.0 (X11; Linux x86_64) AppleWebKit/537.36 (KHTML, like Gecko) Chrome/42.0.2311.90 Safari/537.36"
108.162.219.62 - - [27/Apr/2015:19:38:47 +0000] "GET /sites/all/modules/admin_menu/images/arrow.png HTTP/1.1" 200 466 "http://canvas.infowall.net/sites/all/modules/admin_menu/admin_menu.css?nnh30f" "Mozilla/5.0 (X11; Linux x86_64) AppleWebKit/537.36 (KHTML, like Gecko) Chrome/42.0.2311.90 Safari/537.36"
::1 - - [27/Apr/2015:19:38:48 +0000] "OPTIONS * HTTP/1.0" 200 125 "-" "Apache/2.4.7 (Ubuntu) PHP/5.5.9-1ubuntu4.7 (internal dummy connection)"
173.245.52.69 - - [27/Apr/2015:19:38:47 +0000] "GET /admin/config HTTP/1.1" 200 5362 "http://canvas.infowall.net/user/1/edit?pass-reset-token=zlrkaKukANKV0F116XJOlwqtKCUQOZEnghBQesiwRlE" "Mozilla/5.0 (X11; Linux x86_64) AppleWebKit/537.36 (KHTML, like Gecko) Chrome/42.0.2311.90 Safari/537.36"
108.162.219.64 - - [27/Apr/2015:19:38:48 +0000] "GET /themes/seven/images/list-item.png HTTP/1.1" 200 478 "http://canvas.infowall.net/themes/seven/style.css?nnh30f" "Mozilla/5.0 (X11; Linux x86_64) AppleWebKit/537.36 (KHTML, like Gecko) Chrome/42.0.2311.90 Safari/537.36"
173.245.52.69 - - [27/Apr/2015:19:38:48 +0000] "GET /js/admin_menu/cache/bb552c81a203238ebfe3f487d34a7d79 HTTP/1.1" 200 10338 "http://canvas.infowall.net/admin/config" "Mozilla/5.0 (X11; Linux x86_64) AppleWebKit/537.36 (KHTML, like Gecko) Chrome/42.0.2311.90 Safari/537.36"
::1 - - [27/Apr/2015:19:38:49 +0000] "OPTIONS * HTTP/1.0" 200 125 "-" "Apache/2.4.7 (Ubuntu) PHP/5.5.9-1ubuntu4.7 (internal dummy connection)"
::1 - - [27/Apr/2015:19:38:50 +0000] "OPTIONS * HTTP/1.0" 200 125 "-" "Apache/2.4.7 (Ubuntu) PHP/5.5.9-1ubuntu4.7 (internal dummy connection)"
::1 - - [27/Apr/2015:19:38:51 +0000] "OPTIONS * HTTP/1.0" 200 125 "-" "Apache/2.4.7 (Ubuntu) PHP/5.5.9-1ubuntu4.7 (internal dummy connection)"
::1 - - [27/Apr/2015:19:38:52 +0000] "OPTIONS * HTTP/1.0" 200 125 "-" "Apache/2.4.7 (Ubuntu) PHP/5.5.9-1ubuntu4.7 (internal dummy connection)"
173.245.52.69 - - [27/Apr/2015:19:38:51 +0000] "GET /admin/reports/status HTTP/1.1" 200 4742 "http://canvas.infowall.net/admin/config" "Mozilla/5.0 (X11; Linux x86_64) AppleWebKit/537.36 (KHTML, like Gecko) Chrome/42.0.2311.90 Safari/537.36"
173.245.52.168 - - [27/Apr/2015:19:38:52 +0000] "GET /modules/dblog/dblog.css?nnh30f HTTP/1.1" 200 892 "http://canvas.infowall.net/admin/reports/status" "Mozilla/5.0 (X11; Linux x86_64) AppleWebKit/537.36 (KHTML, like Gecko) Chrome/42.0.2311.90 Safari/537.36"
173.245.52.79 - - [27/Apr/2015:19:38:52 +0000] "GET /misc/message-16-error.png HTTP/1.1" 200 803 "http://canvas.infowall.net/modules/system/system.admin.css?nnh30f" "Mozilla/5.0 (X11; Linux x86_64) AppleWebKit/537.36 (KHTML, like Gecko) Chrome/42.0.2311.90 Safari/537.36"
173.245.52.84 - - [27/Apr/2015:19:38:52 +0000] "GET /misc/message-16-warning.png HTTP/1.1" 200 726 "http://canvas.infowall.net/modules/system/system.admin.css?nnh30f" "Mozilla/5.0 (X11; Linux x86_64) AppleWebKit/537.36 (KHTML, like Gecko) Chrome/42.0.2311.90 Safari/537.36"
::1 - - [27/Apr/2015:19:38:53 +0000] "OPTIONS * HTTP/1.0" 200 125 "-" "Apache/2.4.7 (Ubuntu) PHP/5.5.9-1ubuntu4.7 (internal dummy connection)"
::1 - - [27/Apr/2015:19:38:54 +0000] "OPTIONS * HTTP/1.0" 200 125 "-" "Apache/2.4.7 (Ubuntu) PHP/5.5.9-1ubuntu4.7 (internal dummy connection)"
::1 - - [27/Apr/2015:19:38:55 +0000] "OPTIONS * HTTP/1.0" 200 125 "-" "Apache/2.4.7 (Ubuntu) PHP/5.5.9-1ubuntu4.7 (internal dummy connection)"
::1 - - [27/Apr/2015:19:38:56 +0000] "OPTIONS * HTTP/1.0" 200 125 "-" "Apache/2.4.7 (Ubuntu) PHP/5.5.9-1ubuntu4.7 (internal dummy connection)"
173.245.52.69 - - [27/Apr/2015:19:38:56 +0000] "GET /admin/config/media/file-system HTTP/1.1" 200 4492 "http://canvas.infowall.net/admin/config" "Mozilla/5.0 (X11; Linux x86_64) AppleWebKit/537.36 (KHTML, like Gecko) Chrome/42.0.2311.90 Safari/537.36"
173.245.52.81 - - [27/Apr/2015:19:38:56 +0000] "GET /misc/states.js?v=7.36 HTTP/1.1" 200 5621 "http://canvas.infowall.net/admin/config/media/file-system" "Mozilla/5.0 (X11; Linux x86_64) AppleWebKit/537.36 (KHTML, like Gecko) Chrome/42.0.2311.90 Safari/537.36"
::1 - - [27/Apr/2015:19:38:57 +0000] "OPTIONS * HTTP/1.0" 200 125 "-" "Apache/2.4.7 (Ubuntu) PHP/5.5.9-1ubuntu4.7 (internal dummy connection)"
::1 - - [27/Apr/2015:19:38:58 +0000] "OPTIONS * HTTP/1.0" 200 125 "-" "Apache/2.4.7 (Ubuntu) PHP/5.5.9-1ubuntu4.7 (internal dummy connection)"
::1 - - [27/Apr/2015:19:38:59 +0000] "OPTIONS * HTTP/1.0" 200 125 "-" "Apache/2.4.7 (Ubuntu) PHP/5.5.9-1ubuntu4.7 (internal dummy connection)"
::1 - - [27/Apr/2015:19:39:00 +0000] "OPTIONS * HTTP/1.0" 200 125 "-" "Apache/2.4.7 (Ubuntu) PHP/5.5.9-1ubuntu4.7 (internal dummy connection)"
::1 - - [27/Apr/2015:19:39:01 +0000] "OPTIONS * HTTP/1.0" 200 125 "-" "Apache/2.4.7 (Ubuntu) PHP/5.5.9-1ubuntu4.7 (internal dummy connection)"
::1 - - [27/Apr/2015:19:39:02 +0000] "OPTIONS * HTTP/1.0" 200 125 "-" "Apache/2.4.7 (Ubuntu) PHP/5.5.9-1ubuntu4.7 (internal dummy connection)"
::1 - - [27/Apr/2015:19:39:03 +0000] "OPTIONS * HTTP/1.0" 200 125 "-" "Apache/2.4.7 (Ubuntu) PHP/5.5.9-1ubuntu4.7 (internal dummy connection)"
::1 - - [27/Apr/2015:19:39:04 +0000] "OPTIONS * HTTP/1.0" 200 125 "-" "Apache/2.4.7 (Ubuntu) PHP/5.5.9-1ubuntu4.7 (internal dummy connection)"
::1 - - [27/Apr/2015:19:39:05 +0000] "OPTIONS * HTTP/1.0" 200 125 "-" "Apache/2.4.7 (Ubuntu) PHP/5.5.9-1ubuntu4.7 (internal dummy connection)"
::1 - - [27/Apr/2015:19:39:06 +0000] "OPTIONS * HTTP/1.0" 200 125 "-" "Apache/2.4.7 (Ubuntu) PHP/5.5.9-1ubuntu4.7 (internal dummy connection)"
::1 - - [27/Apr/2015:19:39:07 +0000] "OPTIONS * HTTP/1.0" 200 125 "-" "Apache/2.4.7 (Ubuntu) PHP/5.5.9-1ubuntu4.7 (internal dummy connection)"
::1 - - [27/Apr/2015:19:39:08 +0000] "OPTIONS * HTTP/1.0" 200 125 "-" "Apache/2.4.7 (Ubuntu) PHP/5.5.9-1ubuntu4.7 (internal dummy connection)"
::1 - - [27/Apr/2015:19:39:09 +0000] "OPTIONS * HTTP/1.0" 200 125 "-" "Apache/2.4.7 (Ubuntu) PHP/5.5.9-1ubuntu4.7 (internal dummy connection)"
::1 - - [27/Apr/2015:19:39:10 +0000] "OPTIONS * HTTP/1.0" 200 125 "-" "Apache/2.4.7 (Ubuntu) PHP/5.5.9-1ubuntu4.7 (internal dummy connection)"
::1 - - [27/Apr/2015:19:39:11 +0000] "OPTIONS * HTTP/1.0" 200 125 "-" "Apache/2.4.7 (Ubuntu) PHP/5.5.9-1ubuntu4.7 (internal dummy connection)"
::1 - - [27/Apr/2015:19:39:12 +0000] "OPTIONS * HTTP/1.0" 200 125 "-" "Apache/2.4.7 (Ubuntu) PHP/5.5.9-1ubuntu4.7 (internal dummy connection)"
::1 - - [27/Apr/2015:19:39:13 +0000] "OPTIONS * HTTP/1.0" 200 125 "-" "Apache/2.4.7 (Ubuntu) PHP/5.5.9-1ubuntu4.7 (internal dummy connection)"
::1 - - [27/Apr/2015:19:39:14 +0000] "OPTIONS * HTTP/1.0" 200 125 "-" "Apache/2.4.7 (Ubuntu) PHP/5.5.9-1ubuntu4.7 (internal dummy connection)"
::1 - - [27/Apr/2015:19:39:15 +0000] "OPTIONS * HTTP/1.0" 200 125 "-" "Apache/2.4.7 (Ubuntu) PHP/5.5.9-1ubuntu4.7 (internal dummy connection)"
::1 - - [27/Apr/2015:19:39:16 +0000] "OPTIONS * HTTP/1.0" 200 125 "-" "Apache/2.4.7 (Ubuntu) PHP/5.5.9-1ubuntu4.7 (internal dummy connection)"
173.245.52.69 - - [27/Apr/2015:19:39:16 +0000] "GET /admin/config/media/file-system HTTP/1.1" 200 4387 "http://canvas.infowall.net/admin/config" "Mozilla/5.0 (X11; Linux x86_64) AppleWebKit/537.36 (KHTML, like Gecko) Chrome/42.0.2311.90 Safari/537.36"
173.245.52.82 - - [27/Apr/2015:19:39:17 +0000] "GET /modules/system/system.base.css?nnh30f HTTP/1.1" 200 2220 "http://canvas.infowall.net/admin/config/media/file-system" "Mozilla/5.0 (X11; Linux x86_64) AppleWebKit/537.36 (KHTML, like Gecko) Chrome/42.0.2311.90 Safari/537.36"
108.162.219.74 - - [27/Apr/2015:19:39:17 +0000] "GET /modules/system/system.admin.css?nnh30f HTTP/1.1" 200 1716 "http://canvas.infowall.net/admin/config/media/file-system" "Mozilla/5.0 (X11; Linux x86_64) AppleWebKit/537.36 (KHTML, like Gecko) Chrome/42.0.2311.90 Safari/537.36"
173.245.52.73 - - [27/Apr/2015:19:39:17 +0000] "GET /modules/system/system.theme.css?nnh30f HTTP/1.1" 200 1556 "http://canvas.infowall.net/admin/config/media/file-system" "Mozilla/5.0 (X11; Linux x86_64) AppleWebKit/537.36 (KHTML, like Gecko) Chrome/42.0.2311.90 Safari/537.36"
108.162.219.74 - - [27/Apr/2015:19:39:17 +0000] "GET /modules/comment/comment.css?nnh30f HTTP/1.1" 200 476 "http://canvas.infowall.net/admin/config/media/file-system" "Mozilla/5.0 (X11; Linux x86_64) AppleWebKit/537.36 (KHTML, like Gecko) Chrome/42.0.2311.90 Safari/537.36"
173.245.52.168 - - [27/Apr/2015:19:39:17 +0000] "GET /modules/system/system.menus.css?nnh30f HTTP/1.1" 200 996 "http://canvas.infowall.net/admin/config/media/file-system" "Mozilla/5.0 (X11; Linux x86_64) AppleWebKit/537.36 (KHTML, like Gecko) Chrome/42.0.2311.90 Safari/537.36"
108.162.219.67 - - [27/Apr/2015:19:39:17 +0000] "GET /sites/all/modules/date/date_api/date.css?nnh30f HTTP/1.1" 200 1484 "http://canvas.infowall.net/admin/config/media/file-system" "Mozilla/5.0 (X11; Linux x86_64) AppleWebKit/537.36 (KHTML, like Gecko) Chrome/42.0.2311.90 Safari/537.36"
173.245.52.167 - - [27/Apr/2015:19:39:17 +0000] "GET /sites/all/modules/date/date_popup/themes/datepicker.1.7.css?nnh30f HTTP/1.1" 200 1242 "http://canvas.infowall.net/admin/config/media/file-system" "Mozilla/5.0 (X11; Linux x86_64) AppleWebKit/537.36 (KHTML, like Gecko) Chrome/42.0.2311.90 Safari/537.36"
108.162.219.82 - - [27/Apr/2015:19:39:17 +0000] "GET /sites/all/modules/fences/field.css?nnh30f HTTP/1.1" 200 545 "http://canvas.infowall.net/admin/config/media/file-system" "Mozilla/5.0 (X11; Linux x86_64) AppleWebKit/537.36 (KHTML, like Gecko) Chrome/42.0.2311.90 Safari/537.36"
173.245.52.69 - - [27/Apr/2015:19:39:17 +0000] "GET /sites/all/modules/logintoboggan/logintoboggan.css?nnh30f HTTP/1.1" 200 663 "http://canvas.infowall.net/admin/config/media/file-system" "Mozilla/5.0 (X11; Linux x86_64) AppleWebKit/537.36 (KHTML, like Gecko) Chrome/42.0.2311.90 Safari/537.36"
108.162.219.76 - - [27/Apr/2015:19:39:18 +0000] "GET /modules/node/node.css?nnh30f HTTP/1.1" 200 443 "http://canvas.infowall.net/admin/config/media/file-system" "Mozilla/5.0 (X11; Linux x86_64) AppleWebKit/537.36 (KHTML, like Gecko) Chrome/42.0.2311.90 Safari/537.36"
108.162.219.84 - - [27/Apr/2015:19:39:19 +0000] "GET /modules/system/system.messages.css?nnh30f HTTP/1.1" 200 717 "http://canvas.infowall.net/admin/config/media/file-system" "Mozilla/5.0 (X11; Linux x86_64) AppleWebKit/537.36 (KHTML, like Gecko) Chrome/42.0.2311.90 Safari/537.36"
108.162.219.169 - - [27/Apr/2015:19:39:19 +0000] "GET /modules/poll/poll.css?nnh30f HTTP/1.1" 200 674 "http://canvas.infowall.net/admin/config/media/file-system" "Mozilla/5.0 (X11; Linux x86_64) AppleWebKit/537.36 (KHTML, like Gecko) Chrome/42.0.2311.90 Safari/537.36"
108.162.219.84 - - [27/Apr/2015:19:39:20 +0000] "GET /sites/all/modules/date/date_repeat_field/date_repeat_field.css?nnh30f HTTP/1.1" 200 882 "http://canvas.infowall.net/admin/config/media/file-system" "Mozilla/5.0 (X11; Linux x86_64) AppleWebKit/537.36 (KHTML, like Gecko) Chrome/42.0.2311.90 Safari/537.36"
108.162.219.75 - - [27/Apr/2015:19:39:20 +0000] "GET /sites/all/modules/quiz/quiz.css?nnh30f HTTP/1.1" 200 2022 "http://canvas.infowall.net/admin/config/media/file-system" "Mozilla/5.0 (X11; Linux x86_64) AppleWebKit/537.36 (KHTML, like Gecko) Chrome/42.0.2311.90 Safari/537.36"
173.245.52.77 - - [27/Apr/2015:19:39:20 +0000] "GET /modules/search/search.css?nnh30f HTTP/1.1" 200 567 "http://canvas.infowall.net/admin/config/media/file-system" "Mozilla/5.0 (X11; Linux x86_64) AppleWebKit/537.36 (KHTML, like Gecko) Chrome/42.0.2311.90 Safari/537.36"
108.162.219.79 - - [27/Apr/2015:19:39:20 +0000] "GET /modules/user/user.css?nnh30f HTTP/1.1" 200 1033 "http://canvas.infowall.net/admin/config/media/file-system" "Mozilla/5.0 (X11; Linux x86_64) AppleWebKit/537.36 (KHTML, like Gecko) Chrome/42.0.2311.90 Safari/537.36"
108.162.219.84 - - [27/Apr/2015:19:39:21 +0000] "GET /sites/all/modules/webform_steps/webform_steps.css?nnh30f HTTP/1.1" 200 773 "http://canvas.infowall.net/admin/config/media/file-system" "Mozilla/5.0 (X11; Linux x86_64) AppleWebKit/537.36 (KHTML, like Gecko) Chrome/42.0.2311.90 Safari/537.36"
108.162.219.84 - - [27/Apr/2015:19:39:21 +0000] "GET /sites/all/modules/views/css/views.css?nnh30f HTTP/1.1" 200 644 "http://canvas.infowall.net/admin/config/media/file-system" "Mozilla/5.0 (X11; Linux x86_64) AppleWebKit/537.36 (KHTML, like Gecko) Chrome/42.0.2311.90 Safari/537.36"
108.162.219.69 - - [27/Apr/2015:19:39:21 +0000] "GET /sites/all/modules/ckeditor/css/ckeditor.css?nnh30f HTTP/1.1" 200 521 "http://canvas.infowall.net/admin/config/media/file-system" "Mozilla/5.0 (X11; Linux x86_64) AppleWebKit/537.36 (KHTML, like Gecko) Chrome/42.0.2311.90 Safari/537.36"
108.162.219.83 - - [27/Apr/2015:19:39:21 +0000] "GET /sites/all/modules/admin_menu/admin_menu.uid1.css?nnh30f HTTP/1.1" 200 490 "http://canvas.infowall.net/admin/config/media/file-system" "Mozilla/5.0 (X11; Linux x86_64) AppleWebKit/537.36 (KHTML, like Gecko) Chrome/42.0.2311.90 Safari/537.36"
108.162.219.168 - - [27/Apr/2015:19:39:21 +0000] "GET /sites/all/modules/admin_menu/admin_menu.css?nnh30f HTTP/1.1" 200 1926 "http://canvas.infowall.net/admin/config/media/file-system" "Mozilla/5.0 (X11; Linux x86_64) AppleWebKit/537.36 (KHTML, like Gecko) Chrome/42.0.2311.90 Safari/537.36"
173.245.52.65 - - [27/Apr/2015:19:39:21 +0000] "GET /sites/all/modules/admin_menu/admin_menu_toolbar/admin_menu_toolbar.css?nnh30f HTTP/1.1" 200 1465 "http://canvas.infowall.net/admin/config/media/file-system" "Mozilla/5.0 (X11; Linux x86_64) AppleWebKit/537.36 (KHTML, like Gecko) Chrome/42.0.2311.90 Safari/537.36"
173.245.52.73 - - [27/Apr/2015:19:39:21 +0000] "GET /sites/all/modules/ctools/css/ctools.css?nnh30f HTTP/1.1" 200 586 "http://canvas.infowall.net/admin/config/media/file-system" "Mozilla/5.0 (X11; Linux x86_64) AppleWebKit/537.36 (KHTML, like Gecko) Chrome/42.0.2311.90 Safari/537.36"
173.245.52.167 - - [27/Apr/2015:19:39:21 +0000] "GET /themes/seven/reset.css?nnh30f HTTP/1.1" 200 1610 "http://canvas.infowall.net/admin/config/media/file-system" "Mozilla/5.0 (X11; Linux x86_64) AppleWebKit/537.36 (KHTML, like Gecko) Chrome/42.0.2311.90 Safari/537.36"
173.245.52.82 - - [27/Apr/2015:19:39:21 +0000] "GET /sites/all/modules/panels/css/panels.css?nnh30f HTTP/1.1" 200 677 "http://canvas.infowall.net/admin/config/media/file-system" "Mozilla/5.0 (X11; Linux x86_64) AppleWebKit/537.36 (KHTML, like Gecko) Chrome/42.0.2311.90 Safari/537.36"
108.162.219.64 - - [27/Apr/2015:19:39:21 +0000] "GET /modules/shortcut/shortcut.css?nnh30f HTTP/1.1" 200 983 "http://canvas.infowall.net/admin/config/media/file-system" "Mozilla/5.0 (X11; Linux x86_64) AppleWebKit/537.36 (KHTML, like Gecko) Chrome/42.0.2311.90 Safari/537.36"
173.245.52.62 - - [27/Apr/2015:19:39:22 +0000] "GET /themes/seven/style.css?nnh30f HTTP/1.1" 200 4958 "http://canvas.infowall.net/admin/config/media/file-system" "Mozilla/5.0 (X11; Linux x86_64) AppleWebKit/537.36 (KHTML, like Gecko) Chrome/42.0.2311.90 Safari/537.36"
108.162.219.67 - - [27/Apr/2015:19:39:22 +0000] "GET /misc/jquery.js?v=1.4.4 HTTP/1.1" 200 27427 "http://canvas.infowall.net/admin/config/media/file-system" "Mozilla/5.0 (X11; Linux x86_64) AppleWebKit/537.36 (KHTML, like Gecko) Chrome/42.0.2311.90 Safari/537.36"
108.162.219.80 - - [27/Apr/2015:19:39:22 +0000] "GET /misc/jquery.once.js?v=1.2 HTTP/1.1" 200 1416 "http://canvas.infowall.net/admin/config/media/file-system" "Mozilla/5.0 (X11; Linux x86_64) AppleWebKit/537.36 (KHTML, like Gecko) Chrome/42.0.2311.90 Safari/537.36"
108.162.219.78 - - [27/Apr/2015:19:39:22 +0000] "GET /misc/drupal.js?nnh30f HTTP/1.1" 200 5327 "http://canvas.infowall.net/admin/config/media/file-system" "Mozilla/5.0 (X11; Linux x86_64) AppleWebKit/537.36 (KHTML, like Gecko) Chrome/42.0.2311.90 Safari/537.36"
173.245.52.81 - - [27/Apr/2015:19:39:22 +0000] "GET /misc/states.js?v=7.36 HTTP/1.1" 200 5621 "http://canvas.infowall.net/admin/config/media/file-system" "Mozilla/5.0 (X11; Linux x86_64) AppleWebKit/537.36 (KHTML, like Gecko) Chrome/42.0.2311.90 Safari/537.36"
173.245.52.64 - - [27/Apr/2015:19:39:22 +0000] "GET /sites/all/modules/media_colorbox/media_colorbox.js?nnh30f HTTP/1.1" 200 947 "http://canvas.infowall.net/admin/config/media/file-system" "Mozilla/5.0 (X11; Linux x86_64) AppleWebKit/537.36 (KHTML, like Gecko) Chrome/42.0.2311.90 Safari/537.36"
173.245.52.66 - - [27/Apr/2015:19:39:22 +0000] "GET /sites/all/modules/webform_steps/webform_steps.js?nnh30f HTTP/1.1" 200 667 "http://canvas.infowall.net/admin/config/media/file-system" "Mozilla/5.0 (X11; Linux x86_64) AppleWebKit/537.36 (KHTML, like Gecko) Chrome/42.0.2311.90 Safari/537.36"
108.162.219.65 - - [27/Apr/2015:19:39:22 +0000] "GET /sites/all/modules/admin_menu/admin_menu.js?nnh30f HTTP/1.1" 200 4336 "http://canvas.infowall.net/admin/config/media/file-system" "Mozilla/5.0 (X11; Linux x86_64) AppleWebKit/537.36 (KHTML, like Gecko) Chrome/42.0.2311.90 Safari/537.36"
173.245.52.168 - - [27/Apr/2015:19:39:22 +0000] "GET /sites/all/modules/admin_menu/admin_menu_toolbar/admin_menu_toolbar.js?nnh30f HTTP/1.1" 200 982 "http://canvas.infowall.net/admin/config/media/file-system" "Mozilla/5.0 (X11; Linux x86_64) AppleWebKit/537.36 (KHTML, like Gecko) Chrome/42.0.2311.90 Safari/537.36"
108.162.219.167 - - [27/Apr/2015:19:39:22 +0000] "GET /sites/all/modules/devel/devel_krumo_path.js?nnh30f HTTP/1.1" 200 1170 "http://canvas.infowall.net/admin/config/media/file-system" "Mozilla/5.0 (X11; Linux x86_64) AppleWebKit/537.36 (KHTML, like Gecko) Chrome/42.0.2311.90 Safari/537.36"
173.245.52.85 - - [27/Apr/2015:19:39:22 +0000] "GET /sites/all/modules/clientside_validation/jquery-validate/jquery.validate.js?nnh30f HTTP/1.1" 200 10271 "http://canvas.infowall.net/admin/config/media/file-system" "Mozilla/5.0 (X11; Linux x86_64) AppleWebKit/537.36 (KHTML, like Gecko) Chrome/42.0.2311.90 Safari/537.36"
173.245.52.65 - - [27/Apr/2015:19:39:22 +0000] "GET /sites/all/modules/clientside_validation/clientside_validation.ie8.js?nnh30f HTTP/1.1" 200 2301 "http://canvas.infowall.net/admin/config/media/file-system" "Mozilla/5.0 (X11; Linux x86_64) AppleWebKit/537.36 (KHTML, like Gecko) Chrome/42.0.2311.90 Safari/537.36"
108.162.219.71 - - [27/Apr/2015:19:39:22 +0000] "GET /sites/all/modules/clientside_validation/clientside_validation_html5/clientside_validation_html5.js?nnh30f HTTP/1.1" 200 1405 "http://canvas.infowall.net/admin/config/media/file-system" "Mozilla/5.0 (X11; Linux x86_64) AppleWebKit/537.36 (KHTML, like Gecko) Chrome/42.0.2311.90 Safari/537.36"
173.245.52.167 - - [27/Apr/2015:19:39:22 +0000] "GET /sites/all/modules/clientside_validation/clientside_validation.js?nnh30f HTTP/1.1" 200 9983 "http://canvas.infowall.net/admin/config/media/file-system" "Mozilla/5.0 (X11; Linux x86_64) AppleWebKit/537.36 (KHTML, like Gecko) Chrome/42.0.2311.90 Safari/537.36"
173.245.52.69 - - [27/Apr/2015:19:39:22 +0000] "GET /js/admin_menu/cache/bb552c81a203238ebfe3f487d34a7d79 HTTP/1.1" 200 10337 "http://canvas.infowall.net/admin/config/media/file-system" "Mozilla/5.0 (X11; Linux x86_64) AppleWebKit/537.36 (KHTML, like Gecko) Chrome/42.0.2311.90 Safari/537.36"
::1 - - [27/Apr/2015:19:39:24 +0000] "OPTIONS * HTTP/1.0" 200 125 "-" "Apache/2.4.7 (Ubuntu) PHP/5.5.9-1ubuntu4.7 (internal dummy connection)"
::1 - - [27/Apr/2015:19:39:25 +0000] "OPTIONS * HTTP/1.0" 200 125 "-" "Apache/2.4.7 (Ubuntu) PHP/5.5.9-1ubuntu4.7 (internal dummy connection)"
::1 - - [27/Apr/2015:19:39:26 +0000] "OPTIONS * HTTP/1.0" 200 125 "-" "Apache/2.4.7 (Ubuntu) PHP/5.5.9-1ubuntu4.7 (internal dummy connection)"
::1 - - [27/Apr/2015:19:39:27 +0000] "OPTIONS * HTTP/1.0" 200 125 "-" "Apache/2.4.7 (Ubuntu) PHP/5.5.9-1ubuntu4.7 (internal dummy connection)"
173.245.52.69 - - [27/Apr/2015:19:39:27 +0000] "GET /admin/reports/status HTTP/1.1" 200 4442 "http://canvas.infowall.net/admin/config" "Mozilla/5.0 (X11; Linux x86_64) AppleWebKit/537.36 (KHTML, like Gecko) Chrome/42.0.2311.90 Safari/537.36"
173.245.52.168 - - [27/Apr/2015:19:39:27 +0000] "GET /modules/system/system.menus.css?nnh30f HTTP/1.1" 200 996 "http://canvas.infowall.net/admin/reports/status" "Mozilla/5.0 (X11; Linux x86_64) AppleWebKit/537.36 (KHTML, like Gecko) Chrome/42.0.2311.90 Safari/537.36"
