108.162.219.80 - - [27/Apr/2015:19:49:28 +0000] "GET /misc/jquery.once.js?v=1.2 HTTP/1.1" 200 1416 "http://canvas.infowall.net/batch?op=start&id=77" "Mozilla/5.0 (X11; Linux x86_64) AppleWebKit/537.36 (KHTML, like Gecko) Chrome/42.0.2311.90 Safari/537.36"
108.162.219.71 - - [27/Apr/2015:19:49:28 +0000] "GET /misc/progress.js?v=7.36 HTTP/1.1" 200 1552 "http://canvas.infowall.net/batch?op=start&id=77" "Mozilla/5.0 (X11; Linux x86_64) AppleWebKit/537.36 (KHTML, like Gecko) Chrome/42.0.2311.90 Safari/537.36"
173.245.52.69 - - [27/Apr/2015:19:49:28 +0000] "POST /batch?id=77&op=do HTTP/1.1" 200 567 "http://canvas.infowall.net/batch?op=start&id=77" "Mozilla/5.0 (X11; Linux x86_64) AppleWebKit/537.36 (KHTML, like Gecko) Chrome/42.0.2311.90 Safari/537.36"
::1 - - [27/Apr/2015:19:49:29 +0000] "OPTIONS * HTTP/1.0" 200 125 "-" "Apache/2.4.7 (Ubuntu) PHP/5.5.9-1ubuntu4.7 (internal dummy connection)"
173.245.52.69 - - [27/Apr/2015:19:49:29 +0000] "POST /batch?id=77&op=do HTTP/1.1" 200 574 "http://canvas.infowall.net/batch?op=start&id=77" "Mozilla/5.0 (X11; Linux x86_64) AppleWebKit/537.36 (KHTML, like Gecko) Chrome/42.0.2311.90 Safari/537.36"
173.245.52.69 - - [27/Apr/2015:19:49:30 +0000] "GET /batch?id=77&op=finished HTTP/1.1" 302 394 "http://canvas.infowall.net/batch?op=start&id=77" "Mozilla/5.0 (X11; Linux x86_64) AppleWebKit/537.36 (KHTML, like Gecko) Chrome/42.0.2311.90 Safari/537.36"
::1 - - [27/Apr/2015:19:49:30 +0000] "OPTIONS * HTTP/1.0" 200 125 "-" "Apache/2.4.7 (Ubuntu) PHP/5.5.9-1ubuntu4.7 (internal dummy connection)"
::1 - - [27/Apr/2015:19:49:31 +0000] "OPTIONS * HTTP/1.0" 200 125 "-" "Apache/2.4.7 (Ubuntu) PHP/5.5.9-1ubuntu4.7 (internal dummy connection)"
173.245.52.69 - - [27/Apr/2015:19:49:30 +0000] "GET /admin/reports/updates HTTP/1.1" 200 8069 "http://canvas.infowall.net/batch?op=start&id=77" "Mozilla/5.0 (X11; Linux x86_64) AppleWebKit/537.36 (KHTML, like Gecko) Chrome/42.0.2311.90 Safari/537.36"
173.245.52.67 - - [27/Apr/2015:19:49:32 +0000] "GET /modules/dblog/dblog.css?nnhdpk HTTP/1.1" 200 892 "http://canvas.infowall.net/admin/reports/updates" "Mozilla/5.0 (X11; Linux x86_64) AppleWebKit/537.36 (KHTML, like Gecko) Chrome/42.0.2311.90 Safari/537.36"
108.162.219.74 - - [27/Apr/2015:19:49:32 +0000] "GET /sites/all/modules/module_filter/css/module_filter.css?nnhdpk HTTP/1.1" 200 541 "http://canvas.infowall.net/admin/reports/updates" "Mozilla/5.0 (X11; Linux x86_64) AppleWebKit/537.36 (KHTML, like Gecko) Chrome/42.0.2311.90 Safari/537.36"
108.162.219.85 - - [27/Apr/2015:19:49:32 +0000] "GET /modules/update/update.css?nnhdpk HTTP/1.1" 200 997 "http://canvas.infowall.net/admin/reports/updates" "Mozilla/5.0 (X11; Linux x86_64) AppleWebKit/537.36 (KHTML, like Gecko) Chrome/42.0.2311.90 Safari/537.36"
173.245.52.168 - - [27/Apr/2015:19:49:32 +0000] "GET /sites/all/modules/module_filter/css/update_status.css?nnhdpk HTTP/1.1" 200 534 "http://canvas.infowall.net/admin/reports/updates" "Mozilla/5.0 (X11; Linux x86_64) AppleWebKit/537.36 (KHTML, like Gecko) Chrome/42.0.2311.90 Safari/537.36"
173.245.52.81 - - [27/Apr/2015:19:49:32 +0000] "GET /sites/all/modules/devel/devel_krumo_path.js?nnhdpk HTTP/1.1" 200 1170 "http://canvas.infowall.net/admin/reports/updates" "Mozilla/5.0 (X11; Linux x86_64) AppleWebKit/537.36 (KHTML, like Gecko) Chrome/42.0.2311.90 Safari/537.36"
108.162.219.75 - - [27/Apr/2015:19:49:32 +0000] "GET /sites/all/modules/module_filter/js/update_status.js?nnhdpk HTTP/1.1" 200 1346 "http://canvas.infowall.net/admin/reports/updates" "Mozilla/5.0 (X11; Linux x86_64) AppleWebKit/537.36 (KHTML, like Gecko) Chrome/42.0.2311.90 Safari/537.36"
173.245.52.168 - - [27/Apr/2015:19:49:32 +0000] "GET /sites/all/modules/module_filter/js/module_filter.js?nnhdpk HTTP/1.1" 200 2508 "http://canvas.infowall.net/admin/reports/updates" "Mozilla/5.0 (X11; Linux x86_64) AppleWebKit/537.36 (KHTML, like Gecko) Chrome/42.0.2311.90 Safari/537.36"
173.245.52.69 - - [27/Apr/2015:19:49:32 +0000] "GET /sites/all/modules/clientside_validation/jquery-validate/jquery.validate.js?nnhdpk HTTP/1.1" 200 10271 "http://canvas.infowall.net/admin/reports/updates" "Mozilla/5.0 (X11; Linux x86_64) AppleWebKit/537.36 (KHTML, like Gecko) Chrome/42.0.2311.90 Safari/537.36"
173.245.52.82 - - [27/Apr/2015:19:49:32 +0000] "GET /misc/jquery.cookie.js?nnhdpk HTTP/1.1" 200 904 "http://canvas.infowall.net/admin/reports/updates" "Mozilla/5.0 (X11; Linux x86_64) AppleWebKit/537.36 (KHTML, like Gecko) Chrome/42.0.2311.90 Safari/537.36"
173.245.52.66 - - [27/Apr/2015:19:49:32 +0000] "GET /sites/all/modules/clientside_validation/clientside_validation.ie8.js?nnhdpk HTTP/1.1" 200 2301 "http://canvas.infowall.net/admin/reports/updates" "Mozilla/5.0 (X11; Linux x86_64) AppleWebKit/537.36 (KHTML, like Gecko) Chrome/42.0.2311.90 Safari/537.36"
108.162.219.79 - - [27/Apr/2015:19:49:32 +0000] "GET /sites/all/modules/clientside_validation/clientside_validation.js?nnhdpk HTTP/1.1" 200 9983 "http://canvas.infowall.net/admin/reports/updates" "Mozilla/5.0 (X11; Linux x86_64) AppleWebKit/537.36 (KHTML, like Gecko) Chrome/42.0.2311.90 Safari/537.36"
173.245.52.84 - - [27/Apr/2015:19:49:32 +0000] "GET /sites/all/modules/clientside_validation/clientside_validation_html5/clientside_validation_html5.js?nnhdpk HTTP/1.1" 200 1405 "http://canvas.infowall.net/admin/reports/updates" "Mozilla/5.0 (X11; Linux x86_64) AppleWebKit/537.36 (KHTML, like Gecko) Chrome/42.0.2311.90 Safari/537.36"
::1 - - [27/Apr/2015:19:49:32 +0000] "OPTIONS * HTTP/1.0" 200 125 "-" "Apache/2.4.7 (Ubuntu) PHP/5.5.9-1ubuntu4.7 (internal dummy connection)"
::1 - - [27/Apr/2015:19:49:33 +0000] "OPTIONS * HTTP/1.0" 200 125 "-" "Apache/2.4.7 (Ubuntu) PHP/5.5.9-1ubuntu4.7 (internal dummy connection)"
173.245.52.69 - - [27/Apr/2015:19:49:32 +0000] "GET /js/admin_menu/cache/51f5b1479f9b9b31190b7c2f6ef0b0b1 HTTP/1.1" 200 10651 "http://canvas.infowall.net/admin/reports/updates" "Mozilla/5.0 (X11; Linux x86_64) AppleWebKit/537.36 (KHTML, like Gecko) Chrome/42.0.2311.90 Safari/537.36"
::1 - - [27/Apr/2015:19:49:34 +0000] "OPTIONS * HTTP/1.0" 200 125 "-" "Apache/2.4.7 (Ubuntu) PHP/5.5.9-1ubuntu4.7 (internal dummy connection)"
::1 - - [27/Apr/2015:19:49:35 +0000] "OPTIONS * HTTP/1.0" 200 125 "-" "Apache/2.4.7 (Ubuntu) PHP/5.5.9-1ubuntu4.7 (internal dummy connection)"
::1 - - [27/Apr/2015:19:49:36 +0000] "OPTIONS * HTTP/1.0" 200 125 "-" "Apache/2.4.7 (Ubuntu) PHP/5.5.9-1ubuntu4.7 (internal dummy connection)"
::1 - - [27/Apr/2015:19:49:37 +0000] "OPTIONS * HTTP/1.0" 200 125 "-" "Apache/2.4.7 (Ubuntu) PHP/5.5.9-1ubuntu4.7 (internal dummy connection)"
::1 - - [27/Apr/2015:19:49:38 +0000] "OPTIONS * HTTP/1.0" 200 125 "-" "Apache/2.4.7 (Ubuntu) PHP/5.5.9-1ubuntu4.7 (internal dummy connection)"
::1 - - [27/Apr/2015:19:49:39 +0000] "OPTIONS * HTTP/1.0" 200 125 "-" "Apache/2.4.7 (Ubuntu) PHP/5.5.9-1ubuntu4.7 (internal dummy connection)"
::1 - - [27/Apr/2015:19:49:40 +0000] "OPTIONS * HTTP/1.0" 200 125 "-" "Apache/2.4.7 (Ubuntu) PHP/5.5.9-1ubuntu4.7 (internal dummy connection)"
::1 - - [27/Apr/2015:19:49:41 +0000] "OPTIONS * HTTP/1.0" 200 125 "-" "Apache/2.4.7 (Ubuntu) PHP/5.5.9-1ubuntu4.7 (internal dummy connection)"
::1 - - [27/Apr/2015:19:49:42 +0000] "OPTIONS * HTTP/1.0" 200 125 "-" "Apache/2.4.7 (Ubuntu) PHP/5.5.9-1ubuntu4.7 (internal dummy connection)"
::1 - - [27/Apr/2015:19:49:43 +0000] "OPTIONS * HTTP/1.0" 200 125 "-" "Apache/2.4.7 (Ubuntu) PHP/5.5.9-1ubuntu4.7 (internal dummy connection)"
::1 - - [27/Apr/2015:19:49:44 +0000] "OPTIONS * HTTP/1.0" 200 125 "-" "Apache/2.4.7 (Ubuntu) PHP/5.5.9-1ubuntu4.7 (internal dummy connection)"
::1 - - [27/Apr/2015:19:49:45 +0000] "OPTIONS * HTTP/1.0" 200 125 "-" "Apache/2.4.7 (Ubuntu) PHP/5.5.9-1ubuntu4.7 (internal dummy connection)"
173.245.52.78 - - [27/Apr/2015:19:49:46 +0000] "GET /sites/all/modules/views/css/views-admin.css?nnhdpk HTTP/1.1" 200 2047 "http://canvas.infowall.net/admin/modules" "Mozilla/5.0 (X11; Linux x86_64) AppleWebKit/537.36 (KHTML, like Gecko) Chrome/42.0.2311.90 Safari/537.36"
108.162.219.64 - - [27/Apr/2015:19:49:46 +0000] "GET /sites/all/modules/views/css/views-admin.contextual.css?nnhdpk HTTP/1.1" 200 782 "http://canvas.infowall.net/admin/modules" "Mozilla/5.0 (X11; Linux x86_64) AppleWebKit/537.36 (KHTML, like Gecko) Chrome/42.0.2311.90 Safari/537.36"
108.162.219.168 - - [27/Apr/2015:19:49:46 +0000] "GET /sites/all/modules/views/css/views-admin.theme.css?nnhdpk HTTP/1.1" 200 5279 "http://canvas.infowall.net/admin/modules" "Mozilla/5.0 (X11; Linux x86_64) AppleWebKit/537.36 (KHTML, like Gecko) Chrome/42.0.2311.90 Safari/537.36"
173.245.52.69 - - [27/Apr/2015:19:49:42 +0000] "GET /admin/modules HTTP/1.1" 200 74260 "http://canvas.infowall.net/admin/reports/updates" "Mozilla/5.0 (X11; Linux x86_64) AppleWebKit/537.36 (KHTML, like Gecko) Chrome/42.0.2311.90 Safari/537.36"
108.162.219.66 - - [27/Apr/2015:19:49:46 +0000] "GET /sites/all/modules/views/css/views-admin.advanced_help.css?nnhdpk HTTP/1.1" 200 608 "http://canvas.infowall.net/admin/modules" "Mozilla/5.0 (X11; Linux x86_64) AppleWebKit/537.36 (KHTML, like Gecko) Chrome/42.0.2311.90 Safari/537.36"
108.162.219.79 - - [27/Apr/2015:19:49:46 +0000] "GET /sites/all/modules/views/css/views-admin.ctools.css?nnhdpk HTTP/1.1" 200 1400 "http://canvas.infowall.net/admin/modules" "Mozilla/5.0 (X11; Linux x86_64) AppleWebKit/537.36 (KHTML, like Gecko) Chrome/42.0.2311.90 Safari/537.36"
173.245.52.64 - - [27/Apr/2015:19:49:46 +0000] "GET /sites/all/modules/ctools/css/button.css?nnhdpk HTTP/1.1" 200 564 "http://canvas.infowall.net/admin/modules" "Mozilla/5.0 (X11; Linux x86_64) AppleWebKit/537.36 (KHTML, like Gecko) Chrome/42.0.2311.90 Safari/537.36"
173.245.52.71 - - [27/Apr/2015:19:49:46 +0000] "GET /sites/all/modules/module_filter/css/module_filter_tab.css?nnhdpk HTTP/1.1" 200 1859 "http://canvas.infowall.net/admin/modules" "Mozilla/5.0 (X11; Linux x86_64) AppleWebKit/537.36 (KHTML, like Gecko) Chrome/42.0.2311.90 Safari/537.36"
108.162.219.71 - - [27/Apr/2015:19:49:46 +0000] "GET /sites/all/modules/module_filter/css/dynamic_position.css?nnhdpk HTTP/1.1" 200 551 "http://canvas.infowall.net/admin/modules" "Mozilla/5.0 (X11; Linux x86_64) AppleWebKit/537.36 (KHTML, like Gecko) Chrome/42.0.2311.90 Safari/537.36"
173.245.52.69 - - [27/Apr/2015:19:49:46 +0000] "GET /sites/all/modules/module_filter/css/modules.css?nnhdpk HTTP/1.1" 200 733 "http://canvas.infowall.net/admin/modules" "Mozilla/5.0 (X11; Linux x86_64) AppleWebKit/537.36 (KHTML, like Gecko) Chrome/42.0.2311.90 Safari/537.36"
108.162.219.77 - - [27/Apr/2015:19:49:46 +0000] "GET /sites/all/modules/views/css/views-admin.seven.css?nnhdpk HTTP/1.1" 200 2784 "http://canvas.infowall.net/admin/modules" "Mozilla/5.0 (X11; Linux x86_64) AppleWebKit/537.36 (KHTML, like Gecko) Chrome/42.0.2311.90 Safari/537.36"
108.162.219.85 - - [27/Apr/2015:19:49:46 +0000] "GET /misc/jquery.ba-bbq.js?v=1.2.1 HTTP/1.1" 200 2426 "http://canvas.infowall.net/admin/modules" "Mozilla/5.0 (X11; Linux x86_64) AppleWebKit/537.36 (KHTML, like Gecko) Chrome/42.0.2311.90 Safari/537.36"
173.245.52.75 - - [27/Apr/2015:19:49:46 +0000] "GET /sites/all/modules/ctools/js/dropbutton.js?nnhdpk HTTP/1.1" 200 1478 "http://canvas.infowall.net/admin/modules" "Mozilla/5.0 (X11; Linux x86_64) AppleWebKit/537.36 (KHTML, like Gecko) Chrome/42.0.2311.90 Safari/537.36"
173.245.52.85 - - [27/Apr/2015:19:49:46 +0000] "GET /misc/textarea.js?v=7.36 HTTP/1.1" 200 767 "http://canvas.infowall.net/admin/modules" "Mozilla/5.0 (X11; Linux x86_64) AppleWebKit/537.36 (KHTML, like Gecko) Chrome/42.0.2311.90 Safari/537.36"
173.245.52.63 - - [27/Apr/2015:19:49:46 +0000] "GET /sites/all/modules/module_filter/js/modules.js?nnhdpk HTTP/1.1" 200 1687 "http://canvas.infowall.net/admin/modules" "Mozilla/5.0 (X11; Linux x86_64) AppleWebKit/537.36 (KHTML, like Gecko) Chrome/42.0.2311.90 Safari/537.36"
108.162.219.84 - - [27/Apr/2015:19:49:46 +0000] "GET /sites/all/modules/ctools/css/dropbutton.css?nnhdpk HTTP/1.1" 200 762 "http://canvas.infowall.net/admin/modules" "Mozilla/5.0 (X11; Linux x86_64) AppleWebKit/537.36 (KHTML, like Gecko) Chrome/42.0.2311.90 Safari/537.36"
173.245.52.70 - - [27/Apr/2015:19:49:46 +0000] "GET /sites/all/modules/module_filter/js/module_filter_tab.js?nnhdpk HTTP/1.1" 200 4659 "http://canvas.infowall.net/admin/modules" "Mozilla/5.0 (X11; Linux x86_64) AppleWebKit/537.36 (KHTML, like Gecko) Chrome/42.0.2311.90 Safari/537.36"
173.245.52.64 - - [27/Apr/2015:19:49:46 +0000] "GET /sites/all/modules/module_filter/js/dynamic_position.js?nnhdpk HTTP/1.1" 200 929 "http://canvas.infowall.net/admin/modules" "Mozilla/5.0 (X11; Linux x86_64) AppleWebKit/537.36 (KHTML, like Gecko) Chrome/42.0.2311.90 Safari/537.36"
173.245.52.72 - - [27/Apr/2015:19:49:46 +0000] "GET /misc/tableheader.js?nnhdpk HTTP/1.1" 200 2199 "http://canvas.infowall.net/admin/modules" "Mozilla/5.0 (X11; Linux x86_64) AppleWebKit/537.36 (KHTML, like Gecko) Chrome/42.0.2311.90 Safari/537.36"
::1 - - [27/Apr/2015:19:49:51 +0000] "OPTIONS * HTTP/1.0" 200 125 "-" "Apache/2.4.7 (Ubuntu) PHP/5.5.9-1ubuntu4.7 (internal dummy connection)"
::1 - - [27/Apr/2015:19:49:52 +0000] "OPTIONS * HTTP/1.0" 200 125 "-" "Apache/2.4.7 (Ubuntu) PHP/5.5.9-1ubuntu4.7 (internal dummy connection)"
::1 - - [27/Apr/2015:19:49:53 +0000] "OPTIONS * HTTP/1.0" 200 125 "-" "Apache/2.4.7 (Ubuntu) PHP/5.5.9-1ubuntu4.7 (internal dummy connection)"
::1 - - [27/Apr/2015:19:49:54 +0000] "OPTIONS * HTTP/1.0" 200 125 "-" "Apache/2.4.7 (Ubuntu) PHP/5.5.9-1ubuntu4.7 (internal dummy connection)"
::1 - - [27/Apr/2015:19:49:55 +0000] "OPTIONS * HTTP/1.0" 200 125 "-" "Apache/2.4.7 (Ubuntu) PHP/5.5.9-1ubuntu4.7 (internal dummy connection)"
::1 - - [27/Apr/2015:19:49:56 +0000] "OPTIONS * HTTP/1.0" 200 125 "-" "Apache/2.4.7 (Ubuntu) PHP/5.5.9-1ubuntu4.7 (internal dummy connection)"
::1 - - [27/Apr/2015:19:49:57 +0000] "OPTIONS * HTTP/1.0" 200 125 "-" "Apache/2.4.7 (Ubuntu) PHP/5.5.9-1ubuntu4.7 (internal dummy connection)"
::1 - - [27/Apr/2015:19:49:58 +0000] "OPTIONS * HTTP/1.0" 200 125 "-" "Apache/2.4.7 (Ubuntu) PHP/5.5.9-1ubuntu4.7 (internal dummy connection)"
::1 - - [27/Apr/2015:19:49:59 +0000] "OPTIONS * HTTP/1.0" 200 125 "-" "Apache/2.4.7 (Ubuntu) PHP/5.5.9-1ubuntu4.7 (internal dummy connection)"
::1 - - [27/Apr/2015:19:50:00 +0000] "OPTIONS * HTTP/1.0" 200 125 "-" "Apache/2.4.7 (Ubuntu) PHP/5.5.9-1ubuntu4.7 (internal dummy connection)"
::1 - - [27/Apr/2015:19:50:01 +0000] "OPTIONS * HTTP/1.0" 200 125 "-" "Apache/2.4.7 (Ubuntu) PHP/5.5.9-1ubuntu4.7 (internal dummy connection)"
::1 - - [27/Apr/2015:19:50:02 +0000] "OPTIONS * HTTP/1.0" 200 125 "-" "Apache/2.4.7 (Ubuntu) PHP/5.5.9-1ubuntu4.7 (internal dummy connection)"
::1 - - [27/Apr/2015:19:50:03 +0000] "OPTIONS * HTTP/1.0" 200 125 "-" "Apache/2.4.7 (Ubuntu) PHP/5.5.9-1ubuntu4.7 (internal dummy connection)"
::1 - - [27/Apr/2015:19:50:04 +0000] "OPTIONS * HTTP/1.0" 200 125 "-" "Apache/2.4.7 (Ubuntu) PHP/5.5.9-1ubuntu4.7 (internal dummy connection)"
66.249.75.31 - - [27/Apr/2015:19:50:55 +0000] "GET /physicians/rhonda-jenkins HTTP/1.1" 404 13943 "-" "Mozilla/5.0 (compatible; Googlebot/2.1; +http://www.google.com/bot.html)"
173.245.52.69 - - [27/Apr/2015:19:51:51 +0000] "GET /admin/modules HTTP/1.1" 200 64071 "http://canvas.infowall.net/admin/reports/updates" "Mozilla/5.0 (X11; Linux x86_64) AppleWebKit/537.36 (KHTML, like Gecko) Chrome/42.0.2311.90 Safari/537.36"
173.245.52.84 - - [27/Apr/2015:19:51:54 +0000] "GET /modules/system/system.base.css?nnhdpk HTTP/1.1" 200 2220 "http://canvas.infowall.net/admin/modules" "Mozilla/5.0 (X11; Linux x86_64) AppleWebKit/537.36 (KHTML, like Gecko) Chrome/42.0.2311.90 Safari/537.36"
108.162.219.80 - - [27/Apr/2015:19:51:54 +0000] "GET /modules/system/system.menus.css?nnhdpk HTTP/1.1" 200 996 "http://canvas.infowall.net/admin/modules" "Mozilla/5.0 (X11; Linux x86_64) AppleWebKit/537.36 (KHTML, like Gecko) Chrome/42.0.2311.90 Safari/537.36"
173.245.52.71 - - [27/Apr/2015:19:51:54 +0000] "GET /modules/system/system.messages.css?nnhdpk HTTP/1.1" 200 717 "http://canvas.infowall.net/admin/modules" "Mozilla/5.0 (X11; Linux x86_64) AppleWebKit/537.36 (KHTML, like Gecko) Chrome/42.0.2311.90 Safari/537.36"
108.162.219.71 - - [27/Apr/2015:19:51:54 +0000] "GET /modules/system/system.theme.css?nnhdpk HTTP/1.1" 200 1556 "http://canvas.infowall.net/admin/modules" "Mozilla/5.0 (X11; Linux x86_64) AppleWebKit/537.36 (KHTML, like Gecko) Chrome/42.0.2311.90 Safari/537.36"
108.162.219.62 - - [27/Apr/2015:19:51:54 +0000] "GET /modules/comment/comment.css?nnhdpk HTTP/1.1" 200 476 "http://canvas.infowall.net/admin/modules" "Mozilla/5.0 (X11; Linux x86_64) AppleWebKit/537.36 (KHTML, like Gecko) Chrome/42.0.2311.90 Safari/537.36"
173.245.52.83 - - [27/Apr/2015:19:51:54 +0000] "GET /modules/system/system.admin.css?nnhdpk HTTP/1.1" 200 1716 "http://canvas.infowall.net/admin/modules" "Mozilla/5.0 (X11; Linux x86_64) AppleWebKit/537.36 (KHTML, like Gecko) Chrome/42.0.2311.90 Safari/537.36"
173.245.52.169 - - [27/Apr/2015:19:51:54 +0000] "GET /sites/all/modules/date/date_api/date.css?nnhdpk HTTP/1.1" 200 1484 "http://canvas.infowall.net/admin/modules" "Mozilla/5.0 (X11; Linux x86_64) AppleWebKit/537.36 (KHTML, like Gecko) Chrome/42.0.2311.90 Safari/537.36"
108.162.219.77 - - [27/Apr/2015:19:51:54 +0000] "GET /sites/all/modules/date/date_popup/themes/datepicker.1.7.css?nnhdpk HTTP/1.1" 200 1242 "http://canvas.infowall.net/admin/modules" "Mozilla/5.0 (X11; Linux x86_64) AppleWebKit/537.36 (KHTML, like Gecko) Chrome/42.0.2311.90 Safari/537.36"
108.162.219.77 - - [27/Apr/2015:19:51:54 +0000] "GET /sites/all/modules/date/date_repeat_field/date_repeat_field.css?nnhdpk HTTP/1.1" 200 882 "http://canvas.infowall.net/admin/modules" "Mozilla/5.0 (X11; Linux x86_64) AppleWebKit/537.36 (KHTML, like Gecko) Chrome/42.0.2311.90 Safari/537.36"
173.245.52.73 - - [27/Apr/2015:19:51:55 +0000] "GET /sites/all/modules/fences/field.css?nnhdpk HTTP/1.1" 200 545 "http://canvas.infowall.net/admin/modules" "Mozilla/5.0 (X11; Linux x86_64) AppleWebKit/537.36 (KHTML, like Gecko) Chrome/42.0.2311.90 Safari/537.36"
108.162.219.65 - - [27/Apr/2015:19:51:56 +0000] "GET /sites/all/modules/logintoboggan/logintoboggan.css?nnhdpk HTTP/1.1" 200 663 "http://canvas.infowall.net/admin/modules" "Mozilla/5.0 (X11; Linux x86_64) AppleWebKit/537.36 (KHTML, like Gecko) Chrome/42.0.2311.90 Safari/537.36"
173.245.52.67 - - [27/Apr/2015:19:51:56 +0000] "GET /modules/poll/poll.css?nnhdpk HTTP/1.1" 200 674 "http://canvas.infowall.net/admin/modules" "Mozilla/5.0 (X11; Linux x86_64) AppleWebKit/537.36 (KHTML, like Gecko) Chrome/42.0.2311.90 Safari/537.36"
173.245.52.84 - - [27/Apr/2015:19:51:57 +0000] "GET /sites/all/modules/quiz/quiz.css?nnhdpk HTTP/1.1" 200 2045 "http://canvas.infowall.net/admin/modules" "Mozilla/5.0 (X11; Linux x86_64) AppleWebKit/537.36 (KHTML, like Gecko) Chrome/42.0.2311.90 Safari/537.36"
108.162.219.67 - - [27/Apr/2015:19:51:57 +0000] "GET /modules/search/search.css?nnhdpk HTTP/1.1" 200 567 "http://canvas.infowall.net/admin/modules" "Mozilla/5.0 (X11; Linux x86_64) AppleWebKit/537.36 (KHTML, like Gecko) Chrome/42.0.2311.90 Safari/537.36"
108.162.219.81 - - [27/Apr/2015:19:51:57 +0000] "GET /modules/node/node.css?nnhdpk HTTP/1.1" 200 443 "http://canvas.infowall.net/admin/modules" "Mozilla/5.0 (X11; Linux x86_64) AppleWebKit/537.36 (KHTML, like Gecko) Chrome/42.0.2311.90 Safari/537.36"
173.245.52.78 - - [27/Apr/2015:19:51:57 +0000] "GET /modules/user/user.css?nnhdpk HTTP/1.1" 200 1033 "http://canvas.infowall.net/admin/modules" "Mozilla/5.0 (X11; Linux x86_64) AppleWebKit/537.36 (KHTML, like Gecko) Chrome/42.0.2311.90 Safari/537.36"
108.162.219.79 - - [27/Apr/2015:19:51:58 +0000] "GET /sites/all/modules/webform_steps/webform_steps.css?nnhdpk HTTP/1.1" 200 773 "http://canvas.infowall.net/admin/modules" "Mozilla/5.0 (X11; Linux x86_64) AppleWebKit/537.36 (KHTML, like Gecko) Chrome/42.0.2311.90 Safari/537.36"
173.245.52.80 - - [27/Apr/2015:19:51:58 +0000] "GET /sites/all/modules/views/css/views.css?nnhdpk HTTP/1.1" 200 644 "http://canvas.infowall.net/admin/modules" "Mozilla/5.0 (X11; Linux x86_64) AppleWebKit/537.36 (KHTML, like Gecko) Chrome/42.0.2311.90 Safari/537.36"
173.245.52.65 - - [27/Apr/2015:19:51:58 +0000] "GET /sites/all/modules/ckeditor/css/ckeditor.css?nnhdpk HTTP/1.1" 200 521 "http://canvas.infowall.net/admin/modules" "Mozilla/5.0 (X11; Linux x86_64) AppleWebKit/537.36 (KHTML, like Gecko) Chrome/42.0.2311.90 Safari/537.36"
108.162.219.72 - - [27/Apr/2015:19:51:58 +0000] "GET /sites/all/modules/admin_menu/admin_menu.css?nnhdpk HTTP/1.1" 200 1864 "http://canvas.infowall.net/admin/modules" "Mozilla/5.0 (X11; Linux x86_64) AppleWebKit/537.36 (KHTML, like Gecko) Chrome/42.0.2311.90 Safari/537.36"
173.245.52.78 - - [27/Apr/2015:19:51:58 +0000] "GET /sites/all/modules/admin_menu/admin_menu.uid1.css?nnhdpk HTTP/1.1" 200 490 "http://canvas.infowall.net/admin/modules" "Mozilla/5.0 (X11; Linux x86_64) AppleWebKit/537.36 (KHTML, like Gecko) Chrome/42.0.2311.90 Safari/537.36"
173.245.52.85 - - [27/Apr/2015:19:51:58 +0000] "GET /sites/all/modules/admin_menu/admin_menu_toolbar/admin_menu_toolbar.css?nnhdpk HTTP/1.1" 200 1465 "http://canvas.infowall.net/admin/modules" "Mozilla/5.0 (X11; Linux x86_64) AppleWebKit/537.36 (KHTML, like Gecko) Chrome/42.0.2311.90 Safari/537.36"
108.162.219.76 - - [27/Apr/2015:19:51:58 +0000] "GET /modules/shortcut/shortcut.css?nnhdpk HTTP/1.1" 200 983 "http://canvas.infowall.net/admin/modules" "Mozilla/5.0 (X11; Linux x86_64) AppleWebKit/537.36 (KHTML, like Gecko) Chrome/42.0.2311.90 Safari/537.36"
108.162.219.63 - - [27/Apr/2015:19:51:58 +0000] "GET /sites/all/modules/ctools/css/ctools.css?nnhdpk HTTP/1.1" 200 587 "http://canvas.infowall.net/admin/modules" "Mozilla/5.0 (X11; Linux x86_64) AppleWebKit/537.36 (KHTML, like Gecko) Chrome/42.0.2311.90 Safari/537.36"
108.162.219.168 - - [27/Apr/2015:19:51:59 +0000] "GET /sites/all/modules/views/css/views-admin.theme.css?nnhdpk HTTP/1.1" 200 5279 "http://canvas.infowall.net/admin/modules" "Mozilla/5.0 (X11; Linux x86_64) AppleWebKit/537.36 (KHTML, like Gecko) Chrome/42.0.2311.90 Safari/537.36"
173.245.52.78 - - [27/Apr/2015:19:51:59 +0000] "GET /sites/all/modules/views/css/views-admin.css?nnhdpk HTTP/1.1" 200 2047 "http://canvas.infowall.net/admin/modules" "Mozilla/5.0 (X11; Linux x86_64) AppleWebKit/537.36 (KHTML, like Gecko) Chrome/42.0.2311.90 Safari/537.36"
108.162.219.64 - - [27/Apr/2015:19:51:59 +0000] "GET /sites/all/modules/views/css/views-admin.contextual.css?nnhdpk HTTP/1.1" 200 782 "http://canvas.infowall.net/admin/modules" "Mozilla/5.0 (X11; Linux x86_64) AppleWebKit/537.36 (KHTML, like Gecko) Chrome/42.0.2311.90 Safari/537.36"
108.162.219.66 - - [27/Apr/2015:19:51:59 +0000] "GET /sites/all/modules/views/css/views-admin.advanced_help.css?nnhdpk HTTP/1.1" 200 608 "http://canvas.infowall.net/admin/modules" "Mozilla/5.0 (X11; Linux x86_64) AppleWebKit/537.36 (KHTML, like Gecko) Chrome/42.0.2311.90 Safari/537.36"
108.162.219.79 - - [27/Apr/2015:19:51:59 +0000] "GET /sites/all/modules/views/css/views-admin.ctools.css?nnhdpk HTTP/1.1" 200 1400 "http://canvas.infowall.net/admin/modules" "Mozilla/5.0 (X11; Linux x86_64) AppleWebKit/537.36 (KHTML, like Gecko) Chrome/42.0.2311.90 Safari/537.36"
108.162.219.70 - - [27/Apr/2015:19:51:59 +0000] "GET /sites/all/modules/panels/css/panels.css?nnhdpk HTTP/1.1" 200 677 "http://canvas.infowall.net/admin/modules" "Mozilla/5.0 (X11; Linux x86_64) AppleWebKit/537.36 (KHTML, like Gecko) Chrome/42.0.2311.90 Safari/537.36"
108.162.219.74 - - [27/Apr/2015:19:51:59 +0000] "GET /sites/all/modules/module_filter/css/module_filter.css?nnhdpk HTTP/1.1" 200 541 "http://canvas.infowall.net/admin/modules" "Mozilla/5.0 (X11; Linux x86_64) AppleWebKit/537.36 (KHTML, like Gecko) Chrome/42.0.2311.90 Safari/537.36"
108.162.219.84 - - [27/Apr/2015:19:51:59 +0000] "GET /sites/all/modules/ctools/css/dropbutton.css?nnhdpk HTTP/1.1" 200 762 "http://canvas.infowall.net/admin/modules" "Mozilla/5.0 (X11; Linux x86_64) AppleWebKit/537.36 (KHTML, like Gecko) Chrome/42.0.2311.90 Safari/537.36"
173.245.52.64 - - [27/Apr/2015:19:51:59 +0000] "GET /sites/all/modules/ctools/css/button.css?nnhdpk HTTP/1.1" 200 564 "http://canvas.infowall.net/admin/modules" "Mozilla/5.0 (X11; Linux x86_64) AppleWebKit/537.36 (KHTML, like Gecko) Chrome/42.0.2311.90 Safari/537.36"
173.245.52.71 - - [27/Apr/2015:19:51:59 +0000] "GET /sites/all/modules/module_filter/css/module_filter_tab.css?nnhdpk HTTP/1.1" 200 1859 "http://canvas.infowall.net/admin/modules" "Mozilla/5.0 (X11; Linux x86_64) AppleWebKit/537.36 (KHTML, like Gecko) Chrome/42.0.2311.90 Safari/537.36"
108.162.219.69 - - [27/Apr/2015:19:51:59 +0000] "GET /themes/seven/reset.css?nnhdpk HTTP/1.1" 200 1611 "http://canvas.infowall.net/admin/modules" "Mozilla/5.0 (X11; Linux x86_64) AppleWebKit/537.36 (KHTML, like Gecko) Chrome/42.0.2311.90 Safari/537.36"
108.162.219.71 - - [27/Apr/2015:19:51:59 +0000] "GET /sites/all/modules/module_filter/css/dynamic_position.css?nnhdpk HTTP/1.1" 200 551 "http://canvas.infowall.net/admin/modules" "Mozilla/5.0 (X11; Linux x86_64) AppleWebKit/537.36 (KHTML, like Gecko) Chrome/42.0.2311.90 Safari/537.36"
173.245.52.79 - - [27/Apr/2015:19:51:59 +0000] "GET /themes/seven/style.css?nnhdpk HTTP/1.1" 200 4958 "http://canvas.infowall.net/admin/modules" "Mozilla/5.0 (X11; Linux x86_64) AppleWebKit/537.36 (KHTML, like Gecko) Chrome/42.0.2311.90 Safari/537.36"
173.245.52.69 - - [27/Apr/2015:19:51:59 +0000] "GET /sites/all/modules/module_filter/css/modules.css?nnhdpk HTTP/1.1" 200 733 "http://canvas.infowall.net/admin/modules" "Mozilla/5.0 (X11; Linux x86_64) AppleWebKit/537.36 (KHTML, like Gecko) Chrome/42.0.2311.90 Safari/537.36"
108.162.219.77 - - [27/Apr/2015:19:51:59 +0000] "GET /sites/all/modules/views/css/views-admin.seven.css?nnhdpk HTTP/1.1" 200 2784 "http://canvas.infowall.net/admin/modules" "Mozilla/5.0 (X11; Linux x86_64) AppleWebKit/537.36 (KHTML, like Gecko) Chrome/42.0.2311.90 Safari/537.36"
108.162.219.67 - - [27/Apr/2015:19:51:59 +0000] "GET /misc/jquery.js?v=1.4.4 HTTP/1.1" 200 27426 "http://canvas.infowall.net/admin/modules" "Mozilla/5.0 (X11; Linux x86_64) AppleWebKit/537.36 (KHTML, like Gecko) Chrome/42.0.2311.90 Safari/537.36"
108.162.219.64 - - [27/Apr/2015:19:51:59 +0000] "GET /misc/drupal.js?nnhdpk HTTP/1.1" 200 5326 "http://canvas.infowall.net/admin/modules" "Mozilla/5.0 (X11; Linux x86_64) AppleWebKit/537.36 (KHTML, like Gecko) Chrome/42.0.2311.90 Safari/537.36"
108.162.219.80 - - [27/Apr/2015:19:51:59 +0000] "GET /misc/jquery.once.js?v=1.2 HTTP/1.1" 200 1416 "http://canvas.infowall.net/admin/modules" "Mozilla/5.0 (X11; Linux x86_64) AppleWebKit/537.36 (KHTML, like Gecko) Chrome/42.0.2311.90 Safari/537.36"
108.162.219.80 - - [27/Apr/2015:19:51:59 +0000] "GET /sites/all/modules/admin_menu/admin_menu_toolbar/admin_menu_toolbar.js?nnhdpk HTTP/1.1" 200 981 "http://canvas.infowall.net/admin/modules" "Mozilla/5.0 (X11; Linux x86_64) AppleWebKit/537.36 (KHTML, like Gecko) Chrome/42.0.2311.90 Safari/537.36"
108.162.219.85 - - [27/Apr/2015:19:51:59 +0000] "GET /misc/jquery.ba-bbq.js?v=1.2.1 HTTP/1.1" 200 2426 "http://canvas.infowall.net/admin/modules" "Mozilla/5.0 (X11; Linux x86_64) AppleWebKit/537.36 (KHTML, like Gecko) Chrome/42.0.2311.90 Safari/537.36"
173.245.52.69 - - [27/Apr/2015:19:51:59 +0000] "GET /sites/all/modules/clientside_validation/jquery-validate/jquery.validate.js?nnhdpk HTTP/1.1" 200 10270 "http://canvas.infowall.net/admin/modules" "Mozilla/5.0 (X11; Linux x86_64) AppleWebKit/537.36 (KHTML, like Gecko) Chrome/42.0.2311.90 Safari/537.36"
173.245.52.71 - - [27/Apr/2015:19:51:59 +0000] "GET /sites/all/modules/webform_steps/webform_steps.js?nnhdpk HTTP/1.1" 200 667 "http://canvas.infowall.net/admin/modules" "Mozilla/5.0 (X11; Linux x86_64) AppleWebKit/537.36 (KHTML, like Gecko) Chrome/42.0.2311.90 Safari/537.36"
173.245.52.75 - - [27/Apr/2015:19:51:59 +0000] "GET /sites/all/modules/media_colorbox/media_colorbox.js?nnhdpk HTTP/1.1" 200 947 "http://canvas.infowall.net/admin/modules" "Mozilla/5.0 (X11; Linux x86_64) AppleWebKit/537.36 (KHTML, like Gecko) Chrome/42.0.2311.90 Safari/537.36"
108.162.219.68 - - [27/Apr/2015:19:51:59 +0000] "GET /sites/all/modules/admin_menu/admin_menu.js?nnhdpk HTTP/1.1" 200 4260 "http://canvas.infowall.net/admin/modules" "Mozilla/5.0 (X11; Linux x86_64) AppleWebKit/537.36 (KHTML, like Gecko) Chrome/42.0.2311.90 Safari/537.36"
173.245.52.81 - - [27/Apr/2015:19:51:59 +0000] "GET /sites/all/modules/devel/devel_krumo_path.js?nnhdpk HTTP/1.1" 200 1170 "http://canvas.infowall.net/admin/modules" "Mozilla/5.0 (X11; Linux x86_64) AppleWebKit/537.36 (KHTML, like Gecko) Chrome/42.0.2311.90 Safari/537.36"
173.245.52.85 - - [27/Apr/2015:19:51:59 +0000] "GET /misc/textarea.js?v=7.36 HTTP/1.1" 200 767 "http://canvas.infowall.net/admin/modules" "Mozilla/5.0 (X11; Linux x86_64) AppleWebKit/537.36 (KHTML, like Gecko) Chrome/42.0.2311.90 Safari/537.36"
173.245.52.75 - - [27/Apr/2015:19:51:59 +0000] "GET /sites/all/modules/ctools/js/dropbutton.js?nnhdpk HTTP/1.1" 200 1478 "http://canvas.infowall.net/admin/modules" "Mozilla/5.0 (X11; Linux x86_64) AppleWebKit/537.36 (KHTML, like Gecko) Chrome/42.0.2311.90 Safari/537.36"
173.245.52.82 - - [27/Apr/2015:19:51:59 +0000] "GET /misc/jquery.cookie.js?nnhdpk HTTP/1.1" 200 904 "http://canvas.infowall.net/admin/modules" "Mozilla/5.0 (X11; Linux x86_64) AppleWebKit/537.36 (KHTML, like Gecko) Chrome/42.0.2311.90 Safari/537.36"
173.245.52.64 - - [27/Apr/2015:19:51:59 +0000] "GET /sites/all/modules/module_filter/js/dynamic_position.js?nnhdpk HTTP/1.1" 200 928 "http://canvas.infowall.net/admin/modules" "Mozilla/5.0 (X11; Linux x86_64) AppleWebKit/537.36 (KHTML, like Gecko) Chrome/42.0.2311.90 Safari/537.36"
173.245.52.168 - - [27/Apr/2015:19:52:00 +0000] "GET /sites/all/modules/module_filter/js/module_filter.js?nnhdpk HTTP/1.1" 200 2508 "http://canvas.infowall.net/admin/modules" "Mozilla/5.0 (X11; Linux x86_64) AppleWebKit/537.36 (KHTML, like Gecko) Chrome/42.0.2311.90 Safari/537.36"
173.245.52.63 - - [27/Apr/2015:19:52:00 +0000] "GET /sites/all/modules/module_filter/js/modules.js?nnhdpk HTTP/1.1" 200 1687 "http://canvas.infowall.net/admin/modules" "Mozilla/5.0 (X11; Linux x86_64) AppleWebKit/537.36 (KHTML, like Gecko) Chrome/42.0.2311.90 Safari/537.36"
173.245.52.70 - - [27/Apr/2015:19:52:00 +0000] "GET /sites/all/modules/module_filter/js/module_filter_tab.js?nnhdpk HTTP/1.1" 200 4659 "http://canvas.infowall.net/admin/modules" "Mozilla/5.0 (X11; Linux x86_64) AppleWebKit/537.36 (KHTML, like Gecko) Chrome/42.0.2311.90 Safari/537.36"
173.245.52.72 - - [27/Apr/2015:19:52:00 +0000] "GET /misc/tableheader.js?nnhdpk HTTP/1.1" 200 2199 "http://canvas.infowall.net/admin/modules" "Mozilla/5.0 (X11; Linux x86_64) AppleWebKit/537.36 (KHTML, like Gecko) Chrome/42.0.2311.90 Safari/537.36"
108.162.219.79 - - [27/Apr/2015:19:52:00 +0000] "GET /sites/all/modules/clientside_validation/clientside_validation.js?nnhdpk HTTP/1.1" 200 9982 "http://canvas.infowall.net/admin/modules" "Mozilla/5.0 (X11; Linux x86_64) AppleWebKit/537.36 (KHTML, like Gecko) Chrome/42.0.2311.90 Safari/537.36"
173.245.52.66 - - [27/Apr/2015:19:52:00 +0000] "GET /sites/all/modules/clientside_validation/clientside_validation.ie8.js?nnhdpk HTTP/1.1" 200 2301 "http://canvas.infowall.net/admin/modules" "Mozilla/5.0 (X11; Linux x86_64) AppleWebKit/537.36 (KHTML, like Gecko) Chrome/42.0.2311.90 Safari/537.36"
173.245.52.84 - - [27/Apr/2015:19:52:00 +0000] "GET /sites/all/modules/clientside_validation/clientside_validation_html5/clientside_validation_html5.js?nnhdpk HTTP/1.1" 200 1405 "http://canvas.infowall.net/admin/modules" "Mozilla/5.0 (X11; Linux x86_64) AppleWebKit/537.36 (KHTML, like Gecko) Chrome/42.0.2311.90 Safari/537.36"
173.245.52.69 - - [27/Apr/2015:19:52:00 +0000] "GET /js/admin_menu/cache/51f5b1479f9b9b31190b7c2f6ef0b0b1 HTTP/1.1" 200 10650 "http://canvas.infowall.net/admin/modules" "Mozilla/5.0 (X11; Linux x86_64) AppleWebKit/537.36 (KHTML, like Gecko) Chrome/42.0.2311.90 Safari/537.36"
::1 - - [27/Apr/2015:19:52:01 +0000] "OPTIONS * HTTP/1.0" 200 125 "-" "Apache/2.4.7 (Ubuntu) PHP/5.5.9-1ubuntu4.7 (internal dummy connection)"
::1 - - [27/Apr/2015:19:52:02 +0000] "OPTIONS * HTTP/1.0" 200 125 "-" "Apache/2.4.7 (Ubuntu) PHP/5.5.9-1ubuntu4.7 (internal dummy connection)"
::1 - - [27/Apr/2015:19:52:03 +0000] "OPTIONS * HTTP/1.0" 200 125 "-" "Apache/2.4.7 (Ubuntu) PHP/5.5.9-1ubuntu4.7 (internal dummy connection)"
::1 - - [27/Apr/2015:19:52:04 +0000] "OPTIONS * HTTP/1.0" 200 125 "-" "Apache/2.4.7 (Ubuntu) PHP/5.5.9-1ubuntu4.7 (internal dummy connection)"
::1 - - [27/Apr/2015:19:52:05 +0000] "OPTIONS * HTTP/1.0" 200 125 "-" "Apache/2.4.7 (Ubuntu) PHP/5.5.9-1ubuntu4.7 (internal dummy connection)"
::1 - - [27/Apr/2015:19:52:06 +0000] "OPTIONS * HTTP/1.0" 200 125 "-" "Apache/2.4.7 (Ubuntu) PHP/5.5.9-1ubuntu4.7 (internal dummy connection)"
::1 - - [27/Apr/2015:19:52:07 +0000] "OPTIONS * HTTP/1.0" 200 125 "-" "Apache/2.4.7 (Ubuntu) PHP/5.5.9-1ubuntu4.7 (internal dummy connection)"
::1 - - [27/Apr/2015:19:52:08 +0000] "OPTIONS * HTTP/1.0" 200 125 "-" "Apache/2.4.7 (Ubuntu) PHP/5.5.9-1ubuntu4.7 (internal dummy connection)"
::1 - - [27/Apr/2015:19:52:09 +0000] "OPTIONS * HTTP/1.0" 200 125 "-" "Apache/2.4.7 (Ubuntu) PHP/5.5.9-1ubuntu4.7 (internal dummy connection)"
::1 - - [27/Apr/2015:19:52:10 +0000] "OPTIONS * HTTP/1.0" 200 125 "-" "Apache/2.4.7 (Ubuntu) PHP/5.5.9-1ubuntu4.7 (internal dummy connection)"
::1 - - [27/Apr/2015:19:52:11 +0000] "OPTIONS * HTTP/1.0" 200 125 "-" "Apache/2.4.7 (Ubuntu) PHP/5.5.9-1ubuntu4.7 (internal dummy connection)"
::1 - - [27/Apr/2015:19:52:12 +0000] "OPTIONS * HTTP/1.0" 200 125 "-" "Apache/2.4.7 (Ubuntu) PHP/5.5.9-1ubuntu4.7 (internal dummy connection)"
::1 - - [27/Apr/2015:19:52:13 +0000] "OPTIONS * HTTP/1.0" 200 125 "-" "Apache/2.4.7 (Ubuntu) PHP/5.5.9-1ubuntu4.7 (internal dummy connection)"
::1 - - [27/Apr/2015:19:52:14 +0000] "OPTIONS * HTTP/1.0" 200 125 "-" "Apache/2.4.7 (Ubuntu) PHP/5.5.9-1ubuntu4.7 (internal dummy connection)"
::1 - - [27/Apr/2015:19:52:15 +0000] "OPTIONS * HTTP/1.0" 200 125 "-" "Apache/2.4.7 (Ubuntu) PHP/5.5.9-1ubuntu4.7 (internal dummy connection)"
::1 - - [27/Apr/2015:19:52:16 +0000] "OPTIONS * HTTP/1.0" 200 125 "-" "Apache/2.4.7 (Ubuntu) PHP/5.5.9-1ubuntu4.7 (internal dummy connection)"
::1 - - [27/Apr/2015:19:52:17 +0000] "OPTIONS * HTTP/1.0" 200 125 "-" "Apache/2.4.7 (Ubuntu) PHP/5.5.9-1ubuntu4.7 (internal dummy connection)"
::1 - - [27/Apr/2015:19:52:18 +0000] "OPTIONS * HTTP/1.0" 200 125 "-" "Apache/2.4.7 (Ubuntu) PHP/5.5.9-1ubuntu4.7 (internal dummy connection)"
::1 - - [27/Apr/2015:19:52:19 +0000] "OPTIONS * HTTP/1.0" 200 125 "-" "Apache/2.4.7 (Ubuntu) PHP/5.5.9-1ubuntu4.7 (internal dummy connection)"
173.245.52.69 - - [27/Apr/2015:19:52:16 +0000] "GET /admin/modules HTTP/1.1" 200 64068 "-" "Mozilla/5.0 (X11; Linux x86_64) AppleWebKit/537.36 (KHTML, like Gecko) Chrome/42.0.2311.90 Safari/537.36"
::1 - - [27/Apr/2015:19:52:20 +0000] "OPTIONS * HTTP/1.0" 200 125 "-" "Apache/2.4.7 (Ubuntu) PHP/5.5.9-1ubuntu4.7 (internal dummy connection)"
::1 - - [27/Apr/2015:19:52:21 +0000] "OPTIONS * HTTP/1.0" 200 125 "-" "Apache/2.4.7 (Ubuntu) PHP/5.5.9-1ubuntu4.7 (internal dummy connection)"
::1 - - [27/Apr/2015:19:52:22 +0000] "OPTIONS * HTTP/1.0" 200 125 "-" "Apache/2.4.7 (Ubuntu) PHP/5.5.9-1ubuntu4.7 (internal dummy connection)"
::1 - - [27/Apr/2015:19:52:23 +0000] "OPTIONS * HTTP/1.0" 200 125 "-" "Apache/2.4.7 (Ubuntu) PHP/5.5.9-1ubuntu4.7 (internal dummy connection)"
::1 - - [27/Apr/2015:19:52:24 +0000] "OPTIONS * HTTP/1.0" 200 125 "-" "Apache/2.4.7 (Ubuntu) PHP/5.5.9-1ubuntu4.7 (internal dummy connection)"
::1 - - [27/Apr/2015:19:52:25 +0000] "OPTIONS * HTTP/1.0" 200 125 "-" "Apache/2.4.7 (Ubuntu) PHP/5.5.9-1ubuntu4.7 (internal dummy connection)"
::1 - - [27/Apr/2015:19:52:26 +0000] "OPTIONS * HTTP/1.0" 200 125 "-" "Apache/2.4.7 (Ubuntu) PHP/5.5.9-1ubuntu4.7 (internal dummy connection)"
::1 - - [27/Apr/2015:19:52:27 +0000] "OPTIONS * HTTP/1.0" 200 125 "-" "Apache/2.4.7 (Ubuntu) PHP/5.5.9-1ubuntu4.7 (internal dummy connection)"
::1 - - [27/Apr/2015:19:52:28 +0000] "OPTIONS * HTTP/1.0" 200 125 "-" "Apache/2.4.7 (Ubuntu) PHP/5.5.9-1ubuntu4.7 (internal dummy connection)"
::1 - - [27/Apr/2015:19:52:29 +0000] "OPTIONS * HTTP/1.0" 200 125 "-" "Apache/2.4.7 (Ubuntu) PHP/5.5.9-1ubuntu4.7 (internal dummy connection)"
::1 - - [27/Apr/2015:19:52:30 +0000] "OPTIONS * HTTP/1.0" 200 125 "-" "Apache/2.4.7 (Ubuntu) PHP/5.5.9-1ubuntu4.7 (internal dummy connection)"
::1 - - [27/Apr/2015:19:52:31 +0000] "OPTIONS * HTTP/1.0" 200 125 "-" "Apache/2.4.7 (Ubuntu) PHP/5.5.9-1ubuntu4.7 (internal dummy connection)"
::1 - - [27/Apr/2015:19:52:32 +0000] "OPTIONS * HTTP/1.0" 200 125 "-" "Apache/2.4.7 (Ubuntu) PHP/5.5.9-1ubuntu4.7 (internal dummy connection)"
::1 - - [27/Apr/2015:19:52:33 +0000] "OPTIONS * HTTP/1.0" 200 125 "-" "Apache/2.4.7 (Ubuntu) PHP/5.5.9-1ubuntu4.7 (internal dummy connection)"
::1 - - [27/Apr/2015:19:52:34 +0000] "OPTIONS * HTTP/1.0" 200 125 "-" "Apache/2.4.7 (Ubuntu) PHP/5.5.9-1ubuntu4.7 (internal dummy connection)"
::1 - - [27/Apr/2015:19:52:35 +0000] "OPTIONS * HTTP/1.0" 200 125 "-" "Apache/2.4.7 (Ubuntu) PHP/5.5.9-1ubuntu4.7 (internal dummy connection)"
::1 - - [27/Apr/2015:19:52:36 +0000] "OPTIONS * HTTP/1.0" 200 125 "-" "Apache/2.4.7 (Ubuntu) PHP/5.5.9-1ubuntu4.7 (internal dummy connection)"
::1 - - [27/Apr/2015:19:52:37 +0000] "OPTIONS * HTTP/1.0" 200 125 "-" "Apache/2.4.7 (Ubuntu) PHP/5.5.9-1ubuntu4.7 (internal dummy connection)"
::1 - - [27/Apr/2015:19:52:38 +0000] "OPTIONS * HTTP/1.0" 200 125 "-" "Apache/2.4.7 (Ubuntu) PHP/5.5.9-1ubuntu4.7 (internal dummy connection)"
::1 - - [27/Apr/2015:19:52:39 +0000] "OPTIONS * HTTP/1.0" 200 125 "-" "Apache/2.4.7 (Ubuntu) PHP/5.5.9-1ubuntu4.7 (internal dummy connection)"
::1 - - [27/Apr/2015:19:52:40 +0000] "OPTIONS * HTTP/1.0" 200 125 "-" "Apache/2.4.7 (Ubuntu) PHP/5.5.9-1ubuntu4.7 (internal dummy connection)"
::1 - - [27/Apr/2015:19:52:41 +0000] "OPTIONS * HTTP/1.0" 200 125 "-" "Apache/2.4.7 (Ubuntu) PHP/5.5.9-1ubuntu4.7 (internal dummy connection)"
::1 - - [27/Apr/2015:19:52:42 +0000] "OPTIONS * HTTP/1.0" 200 125 "-" "Apache/2.4.7 (Ubuntu) PHP/5.5.9-1ubuntu4.7 (internal dummy connection)"
::1 - - [27/Apr/2015:19:52:43 +0000] "OPTIONS * HTTP/1.0" 200 125 "-" "Apache/2.4.7 (Ubuntu) PHP/5.5.9-1ubuntu4.7 (internal dummy connection)"
::1 - - [27/Apr/2015:19:52:44 +0000] "OPTIONS * HTTP/1.0" 200 125 "-" "Apache/2.4.7 (Ubuntu) PHP/5.5.9-1ubuntu4.7 (internal dummy connection)"
::1 - - [27/Apr/2015:19:52:45 +0000] "OPTIONS * HTTP/1.0" 200 125 "-" "Apache/2.4.7 (Ubuntu) PHP/5.5.9-1ubuntu4.7 (internal dummy connection)"
::1 - - [27/Apr/2015:19:52:46 +0000] "OPTIONS * HTTP/1.0" 200 125 "-" "Apache/2.4.7 (Ubuntu) PHP/5.5.9-1ubuntu4.7 (internal dummy connection)"
::1 - - [27/Apr/2015:19:52:47 +0000] "OPTIONS * HTTP/1.0" 200 125 "-" "Apache/2.4.7 (Ubuntu) PHP/5.5.9-1ubuntu4.7 (internal dummy connection)"
::1 - - [27/Apr/2015:19:52:48 +0000] "OPTIONS * HTTP/1.0" 200 125 "-" "Apache/2.4.7 (Ubuntu) PHP/5.5.9-1ubuntu4.7 (internal dummy connection)"
::1 - - [27/Apr/2015:19:52:49 +0000] "OPTIONS * HTTP/1.0" 200 125 "-" "Apache/2.4.7 (Ubuntu) PHP/5.5.9-1ubuntu4.7 (internal dummy connection)"
::1 - - [27/Apr/2015:19:52:50 +0000] "OPTIONS * HTTP/1.0" 200 125 "-" "Apache/2.4.7 (Ubuntu) PHP/5.5.9-1ubuntu4.7 (internal dummy connection)"
::1 - - [27/Apr/2015:19:52:51 +0000] "OPTIONS * HTTP/1.0" 200 125 "-" "Apache/2.4.7 (Ubuntu) PHP/5.5.9-1ubuntu4.7 (internal dummy connection)"
::1 - - [27/Apr/2015:19:52:52 +0000] "OPTIONS * HTTP/1.0" 200 125 "-" "Apache/2.4.7 (Ubuntu) PHP/5.5.9-1ubuntu4.7 (internal dummy connection)"
::1 - - [27/Apr/2015:19:52:53 +0000] "OPTIONS * HTTP/1.0" 200 125 "-" "Apache/2.4.7 (Ubuntu) PHP/5.5.9-1ubuntu4.7 (internal dummy connection)"
::1 - - [27/Apr/2015:19:52:54 +0000] "OPTIONS * HTTP/1.0" 200 125 "-" "Apache/2.4.7 (Ubuntu) PHP/5.5.9-1ubuntu4.7 (internal dummy connection)"
::1 - - [27/Apr/2015:19:52:55 +0000] "OPTIONS * HTTP/1.0" 200 125 "-" "Apache/2.4.7 (Ubuntu) PHP/5.5.9-1ubuntu4.7 (internal dummy connection)"
::1 - - [27/Apr/2015:19:52:56 +0000] "OPTIONS * HTTP/1.0" 200 125 "-" "Apache/2.4.7 (Ubuntu) PHP/5.5.9-1ubuntu4.7 (internal dummy connection)"
::1 - - [27/Apr/2015:19:52:57 +0000] "OPTIONS * HTTP/1.0" 200 125 "-" "Apache/2.4.7 (Ubuntu) PHP/5.5.9-1ubuntu4.7 (internal dummy connection)"
::1 - - [27/Apr/2015:19:52:58 +0000] "OPTIONS * HTTP/1.0" 200 125 "-" "Apache/2.4.7 (Ubuntu) PHP/5.5.9-1ubuntu4.7 (internal dummy connection)"
::1 - - [27/Apr/2015:19:52:59 +0000] "OPTIONS * HTTP/1.0" 200 125 "-" "Apache/2.4.7 (Ubuntu) PHP/5.5.9-1ubuntu4.7 (internal dummy connection)"
::1 - - [27/Apr/2015:19:53:00 +0000] "OPTIONS * HTTP/1.0" 200 125 "-" "Apache/2.4.7 (Ubuntu) PHP/5.5.9-1ubuntu4.7 (internal dummy connection)"
::1 - - [27/Apr/2015:19:53:01 +0000] "OPTIONS * HTTP/1.0" 200 125 "-" "Apache/2.4.7 (Ubuntu) PHP/5.5.9-1ubuntu4.7 (internal dummy connection)"
::1 - - [27/Apr/2015:19:53:02 +0000] "OPTIONS * HTTP/1.0" 200 125 "-" "Apache/2.4.7 (Ubuntu) PHP/5.5.9-1ubuntu4.7 (internal dummy connection)"
::1 - - [27/Apr/2015:19:53:03 +0000] "OPTIONS * HTTP/1.0" 200 125 "-" "Apache/2.4.7 (Ubuntu) PHP/5.5.9-1ubuntu4.7 (internal dummy connection)"
::1 - - [27/Apr/2015:19:55:11 +0000] "OPTIONS * HTTP/1.0" 200 125 "-" "Apache/2.4.7 (Ubuntu) PHP/5.5.9-1ubuntu4.7 (internal dummy connection)"
173.245.52.69 - - [27/Apr/2015:19:55:23 +0000] "GET /admin/modules/uninstall HTTP/1.1" 200 4833 "http://canvas.infowall.net/admin/modules" "Mozilla/5.0 (X11; Linux x86_64) AppleWebKit/537.36 (KHTML, like Gecko) Chrome/42.0.2311.90 Safari/537.36"
173.245.52.84 - - [27/Apr/2015:19:55:24 +0000] "GET /modules/system/system.base.css?nnhdpk HTTP/1.1" 200 2220 "http://canvas.infowall.net/admin/modules/uninstall" "Mozilla/5.0 (X11; Linux x86_64) AppleWebKit/537.36 (KHTML, like Gecko) Chrome/42.0.2311.90 Safari/537.36"
108.162.219.80 - - [27/Apr/2015:19:55:24 +0000] "GET /modules/system/system.menus.css?nnhdpk HTTP/1.1" 200 996 "http://canvas.infowall.net/admin/modules/uninstall" "Mozilla/5.0 (X11; Linux x86_64) AppleWebKit/537.36 (KHTML, like Gecko) Chrome/42.0.2311.90 Safari/537.36"
173.245.52.71 - - [27/Apr/2015:19:55:24 +0000] "GET /modules/system/system.messages.css?nnhdpk HTTP/1.1" 200 717 "http://canvas.infowall.net/admin/modules/uninstall" "Mozilla/5.0 (X11; Linux x86_64) AppleWebKit/537.36 (KHTML, like Gecko) Chrome/42.0.2311.90 Safari/537.36"
108.162.219.71 - - [27/Apr/2015:19:55:24 +0000] "GET /modules/system/system.theme.css?nnhdpk HTTP/1.1" 200 1556 "http://canvas.infowall.net/admin/modules/uninstall" "Mozilla/5.0 (X11; Linux x86_64) AppleWebKit/537.36 (KHTML, like Gecko) Chrome/42.0.2311.90 Safari/537.36"
173.245.52.83 - - [27/Apr/2015:19:55:24 +0000] "GET /modules/system/system.admin.css?nnhdpk HTTP/1.1" 200 1716 "http://canvas.infowall.net/admin/modules/uninstall" "Mozilla/5.0 (X11; Linux x86_64) AppleWebKit/537.36 (KHTML, like Gecko) Chrome/42.0.2311.90 Safari/537.36"
108.162.219.62 - - [27/Apr/2015:19:55:24 +0000] "GET /modules/comment/comment.css?nnhdpk HTTP/1.1" 200 476 "http://canvas.infowall.net/admin/modules/uninstall" "Mozilla/5.0 (X11; Linux x86_64) AppleWebKit/537.36 (KHTML, like Gecko) Chrome/42.0.2311.90 Safari/537.36"
173.245.52.169 - - [27/Apr/2015:19:55:24 +0000] "GET /sites/all/modules/date/date_api/date.css?nnhdpk HTTP/1.1" 200 1484 "http://canvas.infowall.net/admin/modules/uninstall" "Mozilla/5.0 (X11; Linux x86_64) AppleWebKit/537.36 (KHTML, like Gecko) Chrome/42.0.2311.90 Safari/537.36"
108.162.219.77 - - [27/Apr/2015:19:55:24 +0000] "GET /sites/all/modules/date/date_popup/themes/datepicker.1.7.css?nnhdpk HTTP/1.1" 200 1242 "http://canvas.infowall.net/admin/modules/uninstall" "Mozilla/5.0 (X11; Linux x86_64) AppleWebKit/537.36 (KHTML, like Gecko) Chrome/42.0.2311.90 Safari/537.36"
108.162.219.77 - - [27/Apr/2015:19:55:24 +0000] "GET /sites/all/modules/date/date_repeat_field/date_repeat_field.css?nnhdpk HTTP/1.1" 200 882 "http://canvas.infowall.net/admin/modules/uninstall" "Mozilla/5.0 (X11; Linux x86_64) AppleWebKit/537.36 (KHTML, like Gecko) Chrome/42.0.2311.90 Safari/537.36"
108.162.219.65 - - [27/Apr/2015:19:55:24 +0000] "GET /sites/all/modules/logintoboggan/logintoboggan.css?nnhdpk HTTP/1.1" 200 663 "http://canvas.infowall.net/admin/modules/uninstall" "Mozilla/5.0 (X11; Linux x86_64) AppleWebKit/537.36 (KHTML, like Gecko) Chrome/42.0.2311.90 Safari/537.36"
173.245.52.73 - - [27/Apr/2015:19:55:25 +0000] "GET /sites/all/modules/fences/field.css?nnhdpk HTTP/1.1" 200 545 "http://canvas.infowall.net/admin/modules/uninstall" "Mozilla/5.0 (X11; Linux x86_64) AppleWebKit/537.36 (KHTML, like Gecko) Chrome/42.0.2311.90 Safari/537.36"
108.162.219.81 - - [27/Apr/2015:19:55:25 +0000] "GET /modules/node/node.css?nnhdpk HTTP/1.1" 200 443 "http://canvas.infowall.net/admin/modules/uninstall" "Mozilla/5.0 (X11; Linux x86_64) AppleWebKit/537.36 (KHTML, like Gecko) Chrome/42.0.2311.90 Safari/537.36"
173.245.52.67 - - [27/Apr/2015:19:55:26 +0000] "GET /modules/poll/poll.css?nnhdpk HTTP/1.1" 200 674 "http://canvas.infowall.net/admin/modules/uninstall" "Mozilla/5.0 (X11; Linux x86_64) AppleWebKit/537.36 (KHTML, like Gecko) Chrome/42.0.2311.90 Safari/537.36"
108.162.219.67 - - [27/Apr/2015:19:55:26 +0000] "GET /modules/search/search.css?nnhdpk HTTP/1.1" 200 567 "http://canvas.infowall.net/admin/modules/uninstall" "Mozilla/5.0 (X11; Linux x86_64) AppleWebKit/537.36 (KHTML, like Gecko) Chrome/42.0.2311.90 Safari/537.36"
173.245.52.78 - - [27/Apr/2015:19:55:26 +0000] "GET /modules/user/user.css?nnhdpk HTTP/1.1" 200 1033 "http://canvas.infowall.net/admin/modules/uninstall" "Mozilla/5.0 (X11; Linux x86_64) AppleWebKit/537.36 (KHTML, like Gecko) Chrome/42.0.2311.90 Safari/537.36"
173.245.52.65 - - [27/Apr/2015:19:55:26 +0000] "GET /sites/all/modules/ckeditor/css/ckeditor.css?nnhdpk HTTP/1.1" 200 521 "http://canvas.infowall.net/admin/modules/uninstall" "Mozilla/5.0 (X11; Linux x86_64) AppleWebKit/537.36 (KHTML, like Gecko) Chrome/42.0.2311.90 Safari/537.36"
108.162.219.76 - - [27/Apr/2015:19:55:27 +0000] "GET /modules/shortcut/shortcut.css?nnhdpk HTTP/1.1" 200 983 "http://canvas.infowall.net/admin/modules/uninstall" "Mozilla/5.0 (X11; Linux x86_64) AppleWebKit/537.36 (KHTML, like Gecko) Chrome/42.0.2311.90 Safari/537.36"
108.162.219.69 - - [27/Apr/2015:19:55:27 +0000] "GET /themes/seven/reset.css?nnhdpk HTTP/1.1" 200 1611 "http://canvas.infowall.net/admin/modules/uninstall" "Mozilla/5.0 (X11; Linux x86_64) AppleWebKit/537.36 (KHTML, like Gecko) Chrome/42.0.2311.90 Safari/537.36"
173.245.52.79 - - [27/Apr/2015:19:55:27 +0000] "GET /themes/seven/style.css?nnhdpk HTTP/1.1" 200 4958 "http://canvas.infowall.net/admin/modules/uninstall" "Mozilla/5.0 (X11; Linux x86_64) AppleWebKit/537.36 (KHTML, like Gecko) Chrome/42.0.2311.90 Safari/537.36"
108.162.219.64 - - [27/Apr/2015:19:55:27 +0000] "GET /misc/drupal.js?nnhdpk HTTP/1.1" 200 5327 "http://canvas.infowall.net/admin/modules/uninstall" "Mozilla/5.0 (X11; Linux x86_64) AppleWebKit/537.36 (KHTML, like Gecko) Chrome/42.0.2311.90 Safari/537.36"
108.162.219.80 - - [27/Apr/2015:19:55:27 +0000] "GET /misc/jquery.once.js?v=1.2 HTTP/1.1" 200 1416 "http://canvas.infowall.net/admin/modules/uninstall" "Mozilla/5.0 (X11; Linux x86_64) AppleWebKit/537.36 (KHTML, like Gecko) Chrome/42.0.2311.90 Safari/537.36"
108.162.219.67 - - [27/Apr/2015:19:55:27 +0000] "GET /misc/jquery.js?v=1.4.4 HTTP/1.1" 200 27427 "http://canvas.infowall.net/admin/modules/uninstall" "Mozilla/5.0 (X11; Linux x86_64) AppleWebKit/537.36 (KHTML, like Gecko) Chrome/42.0.2311.90 Safari/537.36"
173.245.52.75 - - [27/Apr/2015:19:55:27 +0000] "GET /sites/all/modules/media_colorbox/media_colorbox.js?nnhdpk HTTP/1.1" 200 947 "http://canvas.infowall.net/admin/modules/uninstall" "Mozilla/5.0 (X11; Linux x86_64) AppleWebKit/537.36 (KHTML, like Gecko) Chrome/42.0.2311.90 Safari/537.36"
173.245.52.81 - - [27/Apr/2015:19:55:27 +0000] "GET /sites/all/modules/devel/devel_krumo_path.js?nnhdpk HTTP/1.1" 200 1170 "http://canvas.infowall.net/admin/modules/uninstall" "Mozilla/5.0 (X11; Linux x86_64) AppleWebKit/537.36 (KHTML, like Gecko) Chrome/42.0.2311.90 Safari/537.36"
173.245.52.72 - - [27/Apr/2015:19:55:28 +0000] "GET /misc/tableheader.js?nnhdpk HTTP/1.1" 200 2199 "http://canvas.infowall.net/admin/modules/uninstall" "Mozilla/5.0 (X11; Linux x86_64) AppleWebKit/537.36 (KHTML, like Gecko) Chrome/42.0.2311.90 Safari/537.36"
173.245.52.84 - - [27/Apr/2015:19:55:28 +0000] "GET /sites/all/modules/clientside_validation/clientside_validation_html5/clientside_validation_html5.js?nnhdpk HTTP/1.1" 200 1405 "http://canvas.infowall.net/admin/modules/uninstall" "Mozilla/5.0 (X11; Linux x86_64) AppleWebKit/537.36 (KHTML, like Gecko) Chrome/42.0.2311.90 Safari/537.36"
173.245.52.69 - - [27/Apr/2015:19:55:29 +0000] "GET /js/admin_menu/cache/51f5b1479f9b9b31190b7c2f6ef0b0b1 HTTP/1.1" 200 10651 "http://canvas.infowall.net/admin/modules/uninstall" "Mozilla/5.0 (X11; Linux x86_64) AppleWebKit/537.36 (KHTML, like Gecko) Chrome/42.0.2311.90 Safari/537.36"
::1 - - [27/Apr/2015:19:55:29 +0000] "OPTIONS * HTTP/1.0" 200 125 "-" "Apache/2.4.7 (Ubuntu) PHP/5.5.9-1ubuntu4.7 (internal dummy connection)"
::1 - - [27/Apr/2015:19:55:30 +0000] "OPTIONS * HTTP/1.0" 200 125 "-" "Apache/2.4.7 (Ubuntu) PHP/5.5.9-1ubuntu4.7 (internal dummy connection)"
::1 - - [27/Apr/2015:19:55:31 +0000] "OPTIONS * HTTP/1.0" 200 125 "-" "Apache/2.4.7 (Ubuntu) PHP/5.5.9-1ubuntu4.7 (internal dummy connection)"
::1 - - [27/Apr/2015:19:55:32 +0000] "OPTIONS * HTTP/1.0" 200 125 "-" "Apache/2.4.7 (Ubuntu) PHP/5.5.9-1ubuntu4.7 (internal dummy connection)"
::1 - - [27/Apr/2015:19:55:33 +0000] "OPTIONS * HTTP/1.0" 200 125 "-" "Apache/2.4.7 (Ubuntu) PHP/5.5.9-1ubuntu4.7 (internal dummy connection)"
::1 - - [27/Apr/2015:19:55:34 +0000] "OPTIONS * HTTP/1.0" 200 125 "-" "Apache/2.4.7 (Ubuntu) PHP/5.5.9-1ubuntu4.7 (internal dummy connection)"
::1 - - [27/Apr/2015:19:55:35 +0000] "OPTIONS * HTTP/1.0" 200 125 "-" "Apache/2.4.7 (Ubuntu) PHP/5.5.9-1ubuntu4.7 (internal dummy connection)"
