108.162.216.55 - - [27/Apr/2015:23:31:19 +0000] "GET /sites/all/modules/media_colorbox/media_colorbox.js?nnhmlz HTTP/1.1" 200 947 "http://canvas.infowall.net/" "Mozilla/5.0 (Windows NT 6.1; WOW64; rv:37.0) Gecko/20100101 Firefox/37.0"
108.162.216.57 - - [27/Apr/2015:23:31:19 +0000] "GET /sites/all/modules/webform_steps/webform_steps.js?nnhmlz HTTP/1.1" 200 667 "http://canvas.infowall.net/" "Mozilla/5.0 (Windows NT 6.1; WOW64; rv:37.0) Gecko/20100101 Firefox/37.0"
108.162.216.53 - - [27/Apr/2015:23:31:20 +0000] "GET /sites/all/libraries/colorbox/jquery.colorbox-min.js?nnhmlz HTTP/1.1" 200 5074 "http://canvas.infowall.net/" "Mozilla/5.0 (Windows NT 6.1; WOW64; rv:37.0) Gecko/20100101 Firefox/37.0"
108.162.216.83 - - [27/Apr/2015:23:31:21 +0000] "GET /sites/all/modules/colorbox/js/colorbox.js?nnhmlz HTTP/1.1" 200 689 "http://canvas.infowall.net/" "Mozilla/5.0 (Windows NT 6.1; WOW64; rv:37.0) Gecko/20100101 Firefox/37.0"
108.162.216.81 - - [27/Apr/2015:23:31:21 +0000] "GET /sites/all/modules/colorbox/styles/default/colorbox_style.js?nnhmlz HTTP/1.1" 200 639 "http://canvas.infowall.net/" "Mozilla/5.0 (Windows NT 6.1; WOW64; rv:37.0) Gecko/20100101 Firefox/37.0"
108.162.216.81 - - [27/Apr/2015:23:31:21 +0000] "GET /sites/all/modules/clientside_validation/clientside_validation_html5/clientside_validation_html5.js?nnhmlz HTTP/1.1" 200 1404 "http://canvas.infowall.net/" "Mozilla/5.0 (Windows NT 6.1; WOW64; rv:37.0) Gecko/20100101 Firefox/37.0"
108.162.216.60 - - [27/Apr/2015:23:31:22 +0000] "GET /sites/all/modules/colorbox/js/colorbox_load.js?nnhmlz HTTP/1.1" 200 881 "http://canvas.infowall.net/" "Mozilla/5.0 (Windows NT 6.1; WOW64; rv:37.0) Gecko/20100101 Firefox/37.0"
108.162.216.94 - - [27/Apr/2015:23:31:22 +0000] "GET /sites/all/modules/colorbox/js/colorbox_inline.js?nnhmlz HTTP/1.1" 200 925 "http://canvas.infowall.net/" "Mozilla/5.0 (Windows NT 6.1; WOW64; rv:37.0) Gecko/20100101 Firefox/37.0"
108.162.216.67 - - [27/Apr/2015:23:31:22 +0000] "GET /sites/all/modules/clientside_validation/jquery-validate/jquery.validate.js?nnhmlz HTTP/1.1" 200 10271 "http://canvas.infowall.net/" "Mozilla/5.0 (Windows NT 6.1; WOW64; rv:37.0) Gecko/20100101 Firefox/37.0"
108.162.216.88 - - [27/Apr/2015:23:31:22 +0000] "GET /sites/all/modules/clientside_validation/clientside_validation.ie8.js?nnhmlz HTTP/1.1" 200 2301 "http://canvas.infowall.net/" "Mozilla/5.0 (Windows NT 6.1; WOW64; rv:37.0) Gecko/20100101 Firefox/37.0"
108.162.216.94 - - [27/Apr/2015:23:31:23 +0000] "GET /sites/all/modules/clientside_validation/clientside_validation.js?nnhmlz HTTP/1.1" 200 9983 "http://canvas.infowall.net/" "Mozilla/5.0 (Windows NT 6.1; WOW64; rv:37.0) Gecko/20100101 Firefox/37.0"
108.162.216.52 - - [27/Apr/2015:23:31:23 +0000] "GET /modules/system/system.base.css?nnhmlz HTTP/1.1" 200 2220 "http://canvas.infowall.net/" "Mozilla/5.0 (Windows NT 6.1; WOW64; rv:37.0) Gecko/20100101 Firefox/37.0"
108.162.216.82 - - [27/Apr/2015:23:31:23 +0000] "GET /modules/comment/comment.css?nnhmlz HTTP/1.1" 200 476 "http://canvas.infowall.net/" "Mozilla/5.0 (Windows NT 6.1; WOW64; rv:37.0) Gecko/20100101 Firefox/37.0"
108.162.216.87 - - [27/Apr/2015:23:31:23 +0000] "GET /sites/all/modules/date/date_api/date.css?nnhmlz HTTP/1.1" 200 1484 "http://canvas.infowall.net/" "Mozilla/5.0 (Windows NT 6.1; WOW64; rv:37.0) Gecko/20100101 Firefox/37.0"
108.162.216.64 - - [27/Apr/2015:23:31:23 +0000] "GET /sites/all/modules/date/date_repeat_field/date_repeat_field.css?nnhmlz HTTP/1.1" 200 882 "http://canvas.infowall.net/" "Mozilla/5.0 (Windows NT 6.1; WOW64; rv:37.0) Gecko/20100101 Firefox/37.0"
108.162.216.92 - - [27/Apr/2015:23:31:23 +0000] "GET /sites/all/modules/date/date_popup/themes/datepicker.1.7.css?nnhmlz HTTP/1.1" 200 1242 "http://canvas.infowall.net/" "Mozilla/5.0 (Windows NT 6.1; WOW64; rv:37.0) Gecko/20100101 Firefox/37.0"
108.162.216.61 - - [27/Apr/2015:23:31:23 +0000] "GET /sites/all/modules/logintoboggan/logintoboggan.css?nnhmlz HTTP/1.1" 200 663 "http://canvas.infowall.net/" "Mozilla/5.0 (Windows NT 6.1; WOW64; rv:37.0) Gecko/20100101 Firefox/37.0"
108.162.216.72 - - [27/Apr/2015:23:31:23 +0000] "GET /sites/all/modules/fences/field.css?nnhmlz HTTP/1.1" 200 545 "http://canvas.infowall.net/" "Mozilla/5.0 (Windows NT 6.1; WOW64; rv:37.0) Gecko/20100101 Firefox/37.0"
108.162.216.94 - - [27/Apr/2015:23:31:24 +0000] "GET /sites/all/modules/webform_steps/webform_steps.css?nnhmlz HTTP/1.1" 200 772 "http://canvas.infowall.net/" "Mozilla/5.0 (Windows NT 6.1; WOW64; rv:37.0) Gecko/20100101 Firefox/37.0"
108.162.216.84 - - [27/Apr/2015:23:31:24 +0000] "GET /modules/node/node.css?nnhmlz HTTP/1.1" 200 443 "http://canvas.infowall.net/" "Mozilla/5.0 (Windows NT 6.1; WOW64; rv:37.0) Gecko/20100101 Firefox/37.0"
108.162.216.81 - - [27/Apr/2015:23:31:24 +0000] "GET /modules/poll/poll.css?nnhmlz HTTP/1.1" 200 674 "http://canvas.infowall.net/" "Mozilla/5.0 (Windows NT 6.1; WOW64; rv:37.0) Gecko/20100101 Firefox/37.0"
108.162.216.86 - - [27/Apr/2015:23:31:24 +0000] "GET /modules/search/search.css?nnhmlz HTTP/1.1" 200 567 "http://canvas.infowall.net/" "Mozilla/5.0 (Windows NT 6.1; WOW64; rv:37.0) Gecko/20100101 Firefox/37.0"
108.162.216.86 - - [27/Apr/2015:23:31:24 +0000] "GET /sites/all/modules/quiz/quiz.css?nnhmlz HTTP/1.1" 200 2045 "http://canvas.infowall.net/" "Mozilla/5.0 (Windows NT 6.1; WOW64; rv:37.0) Gecko/20100101 Firefox/37.0"
108.162.216.90 - - [27/Apr/2015:23:31:24 +0000] "GET /modules/user/user.css?nnhmlz HTTP/1.1" 200 1033 "http://canvas.infowall.net/" "Mozilla/5.0 (Windows NT 6.1; WOW64; rv:37.0) Gecko/20100101 Firefox/37.0"
108.162.216.58 - - [27/Apr/2015:23:31:24 +0000] "GET /sites/all/modules/views/css/views.css?nnhmlz HTTP/1.1" 200 644 "http://canvas.infowall.net/" "Mozilla/5.0 (Windows NT 6.1; WOW64; rv:37.0) Gecko/20100101 Firefox/37.0"
108.162.216.57 - - [27/Apr/2015:23:31:24 +0000] "GET /sites/all/modules/ckeditor/css/ckeditor.css?nnhmlz HTTP/1.1" 200 521 "http://canvas.infowall.net/" "Mozilla/5.0 (Windows NT 6.1; WOW64; rv:37.0) Gecko/20100101 Firefox/37.0"
108.162.216.62 - - [27/Apr/2015:23:31:24 +0000] "GET /sites/all/modules/panels/css/panels.css?nnhmlz HTTP/1.1" 200 677 "http://canvas.infowall.net/" "Mozilla/5.0 (Windows NT 6.1; WOW64; rv:37.0) Gecko/20100101 Firefox/37.0"
108.162.216.62 - - [27/Apr/2015:23:31:24 +0000] "GET /sites/all/modules/ctools/css/ctools.css?nnhmlz HTTP/1.1" 200 587 "http://canvas.infowall.net/" "Mozilla/5.0 (Windows NT 6.1; WOW64; rv:37.0) Gecko/20100101 Firefox/37.0"
108.162.216.81 - - [27/Apr/2015:23:31:25 +0000] "GET /sites/all/modules/panels/plugins/layouts/threecol_33_34_33_stacked/threecol_33_34_33_stacked.css?nnhmlz HTTP/1.1" 200 552 "http://canvas.infowall.net/" "Mozilla/5.0 (Windows NT 6.1; WOW64; rv:37.0) Gecko/20100101 Firefox/37.0"
108.162.216.52 - - [27/Apr/2015:23:31:25 +0000] "GET /sites/default/files/ctools/css/0beaaff2fbaac16070a2d56205dd4573.css?nnhmlz HTTP/1.1" 200 422 "http://canvas.infowall.net/" "Mozilla/5.0 (Windows NT 6.1; WOW64; rv:37.0) Gecko/20100101 Firefox/37.0"
108.162.216.86 - - [27/Apr/2015:23:31:25 +0000] "GET /sites/all/modules/nice_menus/css/nice_menus.css?nnhmlz HTTP/1.1" 200 1266 "http://canvas.infowall.net/" "Mozilla/5.0 (Windows NT 6.1; WOW64; rv:37.0) Gecko/20100101 Firefox/37.0"
108.162.216.83 - - [27/Apr/2015:23:31:25 +0000] "GET /sites/all/modules/colorbox/styles/default/colorbox_style.css?nnhmlz HTTP/1.1" 200 1574 "http://canvas.infowall.net/" "Mozilla/5.0 (Windows NT 6.1; WOW64; rv:37.0) Gecko/20100101 Firefox/37.0"
108.162.216.63 - - [27/Apr/2015:23:31:25 +0000] "GET /sites/all/modules/nice_menus/css/nice_menus_default.css?nnhmlz HTTP/1.1" 200 1487 "http://canvas.infowall.net/" "Mozilla/5.0 (Windows NT 6.1; WOW64; rv:37.0) Gecko/20100101 Firefox/37.0"
108.162.216.93 - - [27/Apr/2015:23:31:25 +0000] "GET /sites/all/modules/panels/plugins/layouts/threecol_33_34_33/threecol_33_34_33.css?nnhmlz HTTP/1.1" 200 507 "http://canvas.infowall.net/" "Mozilla/5.0 (Windows NT 6.1; WOW64; rv:37.0) Gecko/20100101 Firefox/37.0"
108.162.216.85 - - [27/Apr/2015:23:31:25 +0000] "GET /sites/all/modules/userloginbar/userloginbar.css?nnhmlz HTTP/1.1" 200 1131 "http://canvas.infowall.net/" "Mozilla/5.0 (Windows NT 6.1; WOW64; rv:37.0) Gecko/20100101 Firefox/37.0"
108.162.216.69 - - [27/Apr/2015:23:31:25 +0000] "GET /sites/all/themes/canvasresearch/favicon.ico HTTP/1.1" 200 15388 "-" "Mozilla/5.0 (Windows NT 6.1; WOW64; rv:37.0) Gecko/20100101 Firefox/37.0"
108.162.216.55 - - [27/Apr/2015:23:31:25 +0000] "GET /sites/all/themes/canvasresearch/css/styles.css?nnhmlz HTTP/1.1" 200 671 "http://canvas.infowall.net/" "Mozilla/5.0 (Windows NT 6.1; WOW64; rv:37.0) Gecko/20100101 Firefox/37.0"
108.162.216.85 - - [27/Apr/2015:23:31:25 +0000] "GET /sites/all/themes/canvasresearch/css/layouts/responsive.css HTTP/1.1" 200 1638 "http://canvas.infowall.net/sites/all/themes/canvasresearch/css/styles.css?nnhmlz" "Mozilla/5.0 (Windows NT 6.1; WOW64; rv:37.0) Gecko/20100101 Firefox/37.0"
108.162.216.57 - - [27/Apr/2015:23:31:25 +0000] "GET /sites/all/themes/canvasresearch/css/print.css HTTP/1.1" 200 1033 "http://canvas.infowall.net/sites/all/themes/canvasresearch/css/styles.css?nnhmlz" "Mozilla/5.0 (Windows NT 6.1; WOW64; rv:37.0) Gecko/20100101 Firefox/37.0"
108.162.216.61 - - [27/Apr/2015:23:31:25 +0000] "GET /sites/all/themes/canvasresearch/css/normalize.css HTTP/1.1" 200 5861 "http://canvas.infowall.net/sites/all/themes/canvasresearch/css/styles.css?nnhmlz" "Mozilla/5.0 (Windows NT 6.1; WOW64; rv:37.0) Gecko/20100101 Firefox/37.0"
108.162.216.54 - - [27/Apr/2015:23:31:25 +0000] "GET /sites/all/themes/canvasresearch/css/components/misc.css HTTP/1.1" 200 8489 "http://canvas.infowall.net/sites/all/themes/canvasresearch/css/styles.css?nnhmlz" "Mozilla/5.0 (Windows NT 6.1; WOW64; rv:37.0) Gecko/20100101 Firefox/37.0"
108.162.216.74 - - [27/Apr/2015:23:31:25 +0000] "GET /sites/default/files/imagegallery/123-file-canvas.png HTTP/1.1" 200 25686 "http://canvas.infowall.net/" "Mozilla/5.0 (Windows NT 6.1; WOW64; rv:37.0) Gecko/20100101 Firefox/37.0"
108.162.216.80 - - [27/Apr/2015:23:31:25 +0000] "GET /sites/default/files/header-object.png HTTP/1.1" 200 8421 "http://canvas.infowall.net/" "Mozilla/5.0 (Windows NT 6.1; WOW64; rv:37.0) Gecko/20100101 Firefox/37.0"
::1 - - [27/Apr/2015:23:31:27 +0000] "OPTIONS * HTTP/1.0" 200 125 "-" "Apache/2.4.7 (Ubuntu) PHP/5.5.9-1ubuntu4.7 (internal dummy connection)"
::1 - - [27/Apr/2015:23:31:28 +0000] "OPTIONS * HTTP/1.0" 200 125 "-" "Apache/2.4.7 (Ubuntu) PHP/5.5.9-1ubuntu4.7 (internal dummy connection)"
::1 - - [27/Apr/2015:23:31:29 +0000] "OPTIONS * HTTP/1.0" 200 125 "-" "Apache/2.4.7 (Ubuntu) PHP/5.5.9-1ubuntu4.7 (internal dummy connection)"
::1 - - [27/Apr/2015:23:31:30 +0000] "OPTIONS * HTTP/1.0" 200 125 "-" "Apache/2.4.7 (Ubuntu) PHP/5.5.9-1ubuntu4.7 (internal dummy connection)"
::1 - - [27/Apr/2015:23:31:31 +0000] "OPTIONS * HTTP/1.0" 200 125 "-" "Apache/2.4.7 (Ubuntu) PHP/5.5.9-1ubuntu4.7 (internal dummy connection)"
::1 - - [27/Apr/2015:23:31:32 +0000] "OPTIONS * HTTP/1.0" 200 125 "-" "Apache/2.4.7 (Ubuntu) PHP/5.5.9-1ubuntu4.7 (internal dummy connection)"
::1 - - [27/Apr/2015:23:31:33 +0000] "OPTIONS * HTTP/1.0" 200 125 "-" "Apache/2.4.7 (Ubuntu) PHP/5.5.9-1ubuntu4.7 (internal dummy connection)"
::1 - - [27/Apr/2015:23:31:34 +0000] "OPTIONS * HTTP/1.0" 200 125 "-" "Apache/2.4.7 (Ubuntu) PHP/5.5.9-1ubuntu4.7 (internal dummy connection)"
::1 - - [27/Apr/2015:23:31:35 +0000] "OPTIONS * HTTP/1.0" 200 125 "-" "Apache/2.4.7 (Ubuntu) PHP/5.5.9-1ubuntu4.7 (internal dummy connection)"
::1 - - [27/Apr/2015:23:31:36 +0000] "OPTIONS * HTTP/1.0" 200 125 "-" "Apache/2.4.7 (Ubuntu) PHP/5.5.9-1ubuntu4.7 (internal dummy connection)"
::1 - - [27/Apr/2015:23:31:37 +0000] "OPTIONS * HTTP/1.0" 200 125 "-" "Apache/2.4.7 (Ubuntu) PHP/5.5.9-1ubuntu4.7 (internal dummy connection)"
::1 - - [27/Apr/2015:23:31:38 +0000] "OPTIONS * HTTP/1.0" 200 125 "-" "Apache/2.4.7 (Ubuntu) PHP/5.5.9-1ubuntu4.7 (internal dummy connection)"
::1 - - [27/Apr/2015:23:31:39 +0000] "OPTIONS * HTTP/1.0" 200 125 "-" "Apache/2.4.7 (Ubuntu) PHP/5.5.9-1ubuntu4.7 (internal dummy connection)"
::1 - - [27/Apr/2015:23:31:40 +0000] "OPTIONS * HTTP/1.0" 200 125 "-" "Apache/2.4.7 (Ubuntu) PHP/5.5.9-1ubuntu4.7 (internal dummy connection)"
::1 - - [27/Apr/2015:23:31:41 +0000] "OPTIONS * HTTP/1.0" 200 125 "-" "Apache/2.4.7 (Ubuntu) PHP/5.5.9-1ubuntu4.7 (internal dummy connection)"
::1 - - [27/Apr/2015:23:31:42 +0000] "OPTIONS * HTTP/1.0" 200 125 "-" "Apache/2.4.7 (Ubuntu) PHP/5.5.9-1ubuntu4.7 (internal dummy connection)"
::1 - - [27/Apr/2015:23:31:43 +0000] "OPTIONS * HTTP/1.0" 200 125 "-" "Apache/2.4.7 (Ubuntu) PHP/5.5.9-1ubuntu4.7 (internal dummy connection)"
::1 - - [27/Apr/2015:23:31:44 +0000] "OPTIONS * HTTP/1.0" 200 125 "-" "Apache/2.4.7 (Ubuntu) PHP/5.5.9-1ubuntu4.7 (internal dummy connection)"
::1 - - [27/Apr/2015:23:31:45 +0000] "OPTIONS * HTTP/1.0" 200 125 "-" "Apache/2.4.7 (Ubuntu) PHP/5.5.9-1ubuntu4.7 (internal dummy connection)"
::1 - - [27/Apr/2015:23:31:46 +0000] "OPTIONS * HTTP/1.0" 200 125 "-" "Apache/2.4.7 (Ubuntu) PHP/5.5.9-1ubuntu4.7 (internal dummy connection)"
::1 - - [27/Apr/2015:23:31:47 +0000] "OPTIONS * HTTP/1.0" 200 125 "-" "Apache/2.4.7 (Ubuntu) PHP/5.5.9-1ubuntu4.7 (internal dummy connection)"
::1 - - [27/Apr/2015:23:31:48 +0000] "OPTIONS * HTTP/1.0" 200 125 "-" "Apache/2.4.7 (Ubuntu) PHP/5.5.9-1ubuntu4.7 (internal dummy connection)"
::1 - - [27/Apr/2015:23:31:49 +0000] "OPTIONS * HTTP/1.0" 200 125 "-" "Apache/2.4.7 (Ubuntu) PHP/5.5.9-1ubuntu4.7 (internal dummy connection)"
::1 - - [27/Apr/2015:23:31:50 +0000] "OPTIONS * HTTP/1.0" 200 125 "-" "Apache/2.4.7 (Ubuntu) PHP/5.5.9-1ubuntu4.7 (internal dummy connection)"
::1 - - [27/Apr/2015:23:31:51 +0000] "OPTIONS * HTTP/1.0" 200 125 "-" "Apache/2.4.7 (Ubuntu) PHP/5.5.9-1ubuntu4.7 (internal dummy connection)"
::1 - - [27/Apr/2015:23:31:52 +0000] "OPTIONS * HTTP/1.0" 200 125 "-" "Apache/2.4.7 (Ubuntu) PHP/5.5.9-1ubuntu4.7 (internal dummy connection)"
::1 - - [27/Apr/2015:23:31:53 +0000] "OPTIONS * HTTP/1.0" 200 125 "-" "Apache/2.4.7 (Ubuntu) PHP/5.5.9-1ubuntu4.7 (internal dummy connection)"
::1 - - [27/Apr/2015:23:31:54 +0000] "OPTIONS * HTTP/1.0" 200 125 "-" "Apache/2.4.7 (Ubuntu) PHP/5.5.9-1ubuntu4.7 (internal dummy connection)"
::1 - - [27/Apr/2015:23:31:55 +0000] "OPTIONS * HTTP/1.0" 200 125 "-" "Apache/2.4.7 (Ubuntu) PHP/5.5.9-1ubuntu4.7 (internal dummy connection)"
::1 - - [27/Apr/2015:23:31:56 +0000] "OPTIONS * HTTP/1.0" 200 125 "-" "Apache/2.4.7 (Ubuntu) PHP/5.5.9-1ubuntu4.7 (internal dummy connection)"
::1 - - [27/Apr/2015:23:31:57 +0000] "OPTIONS * HTTP/1.0" 200 125 "-" "Apache/2.4.7 (Ubuntu) PHP/5.5.9-1ubuntu4.7 (internal dummy connection)"
::1 - - [27/Apr/2015:23:31:58 +0000] "OPTIONS * HTTP/1.0" 200 125 "-" "Apache/2.4.7 (Ubuntu) PHP/5.5.9-1ubuntu4.7 (internal dummy connection)"
::1 - - [27/Apr/2015:23:31:59 +0000] "OPTIONS * HTTP/1.0" 200 125 "-" "Apache/2.4.7 (Ubuntu) PHP/5.5.9-1ubuntu4.7 (internal dummy connection)"
::1 - - [27/Apr/2015:23:32:00 +0000] "OPTIONS * HTTP/1.0" 200 125 "-" "Apache/2.4.7 (Ubuntu) PHP/5.5.9-1ubuntu4.7 (internal dummy connection)"
::1 - - [27/Apr/2015:23:32:01 +0000] "OPTIONS * HTTP/1.0" 200 125 "-" "Apache/2.4.7 (Ubuntu) PHP/5.5.9-1ubuntu4.7 (internal dummy connection)"
::1 - - [27/Apr/2015:23:32:02 +0000] "OPTIONS * HTTP/1.0" 200 125 "-" "Apache/2.4.7 (Ubuntu) PHP/5.5.9-1ubuntu4.7 (internal dummy connection)"
::1 - - [27/Apr/2015:23:32:03 +0000] "OPTIONS * HTTP/1.0" 200 125 "-" "Apache/2.4.7 (Ubuntu) PHP/5.5.9-1ubuntu4.7 (internal dummy connection)"
::1 - - [27/Apr/2015:23:32:04 +0000] "OPTIONS * HTTP/1.0" 200 125 "-" "Apache/2.4.7 (Ubuntu) PHP/5.5.9-1ubuntu4.7 (internal dummy connection)"
::1 - - [27/Apr/2015:23:32:05 +0000] "OPTIONS * HTTP/1.0" 200 125 "-" "Apache/2.4.7 (Ubuntu) PHP/5.5.9-1ubuntu4.7 (internal dummy connection)"
::1 - - [27/Apr/2015:23:32:06 +0000] "OPTIONS * HTTP/1.0" 200 125 "-" "Apache/2.4.7 (Ubuntu) PHP/5.5.9-1ubuntu4.7 (internal dummy connection)"
::1 - - [27/Apr/2015:23:32:07 +0000] "OPTIONS * HTTP/1.0" 200 125 "-" "Apache/2.4.7 (Ubuntu) PHP/5.5.9-1ubuntu4.7 (internal dummy connection)"
::1 - - [27/Apr/2015:23:32:08 +0000] "OPTIONS * HTTP/1.0" 200 125 "-" "Apache/2.4.7 (Ubuntu) PHP/5.5.9-1ubuntu4.7 (internal dummy connection)"
::1 - - [27/Apr/2015:23:32:09 +0000] "OPTIONS * HTTP/1.0" 200 125 "-" "Apache/2.4.7 (Ubuntu) PHP/5.5.9-1ubuntu4.7 (internal dummy connection)"
::1 - - [27/Apr/2015:23:32:10 +0000] "OPTIONS * HTTP/1.0" 200 125 "-" "Apache/2.4.7 (Ubuntu) PHP/5.5.9-1ubuntu4.7 (internal dummy connection)"
::1 - - [27/Apr/2015:23:32:11 +0000] "OPTIONS * HTTP/1.0" 200 125 "-" "Apache/2.4.7 (Ubuntu) PHP/5.5.9-1ubuntu4.7 (internal dummy connection)"
::1 - - [27/Apr/2015:23:32:12 +0000] "OPTIONS * HTTP/1.0" 200 125 "-" "Apache/2.4.7 (Ubuntu) PHP/5.5.9-1ubuntu4.7 (internal dummy connection)"
::1 - - [27/Apr/2015:23:32:13 +0000] "OPTIONS * HTTP/1.0" 200 125 "-" "Apache/2.4.7 (Ubuntu) PHP/5.5.9-1ubuntu4.7 (internal dummy connection)"
::1 - - [27/Apr/2015:23:32:14 +0000] "OPTIONS * HTTP/1.0" 200 125 "-" "Apache/2.4.7 (Ubuntu) PHP/5.5.9-1ubuntu4.7 (internal dummy connection)"
::1 - - [27/Apr/2015:23:32:15 +0000] "OPTIONS * HTTP/1.0" 200 125 "-" "Apache/2.4.7 (Ubuntu) PHP/5.5.9-1ubuntu4.7 (internal dummy connection)"
::1 - - [27/Apr/2015:23:32:16 +0000] "OPTIONS * HTTP/1.0" 200 125 "-" "Apache/2.4.7 (Ubuntu) PHP/5.5.9-1ubuntu4.7 (internal dummy connection)"
::1 - - [27/Apr/2015:23:32:17 +0000] "OPTIONS * HTTP/1.0" 200 125 "-" "Apache/2.4.7 (Ubuntu) PHP/5.5.9-1ubuntu4.7 (internal dummy connection)"
::1 - - [27/Apr/2015:23:32:18 +0000] "OPTIONS * HTTP/1.0" 200 125 "-" "Apache/2.4.7 (Ubuntu) PHP/5.5.9-1ubuntu4.7 (internal dummy connection)"
::1 - - [27/Apr/2015:23:32:19 +0000] "OPTIONS * HTTP/1.0" 200 125 "-" "Apache/2.4.7 (Ubuntu) PHP/5.5.9-1ubuntu4.7 (internal dummy connection)"
::1 - - [27/Apr/2015:23:32:20 +0000] "OPTIONS * HTTP/1.0" 200 125 "-" "Apache/2.4.7 (Ubuntu) PHP/5.5.9-1ubuntu4.7 (internal dummy connection)"
::1 - - [27/Apr/2015:23:32:21 +0000] "OPTIONS * HTTP/1.0" 200 125 "-" "Apache/2.4.7 (Ubuntu) PHP/5.5.9-1ubuntu4.7 (internal dummy connection)"
::1 - - [27/Apr/2015:23:32:22 +0000] "OPTIONS * HTTP/1.0" 200 125 "-" "Apache/2.4.7 (Ubuntu) PHP/5.5.9-1ubuntu4.7 (internal dummy connection)"
::1 - - [27/Apr/2015:23:32:23 +0000] "OPTIONS * HTTP/1.0" 200 125 "-" "Apache/2.4.7 (Ubuntu) PHP/5.5.9-1ubuntu4.7 (internal dummy connection)"
::1 - - [27/Apr/2015:23:32:24 +0000] "OPTIONS * HTTP/1.0" 200 125 "-" "Apache/2.4.7 (Ubuntu) PHP/5.5.9-1ubuntu4.7 (internal dummy connection)"
::1 - - [27/Apr/2015:23:32:25 +0000] "OPTIONS * HTTP/1.0" 200 125 "-" "Apache/2.4.7 (Ubuntu) PHP/5.5.9-1ubuntu4.7 (internal dummy connection)"
::1 - - [27/Apr/2015:23:32:26 +0000] "OPTIONS * HTTP/1.0" 200 125 "-" "Apache/2.4.7 (Ubuntu) PHP/5.5.9-1ubuntu4.7 (internal dummy connection)"
::1 - - [27/Apr/2015:23:32:27 +0000] "OPTIONS * HTTP/1.0" 200 125 "-" "Apache/2.4.7 (Ubuntu) PHP/5.5.9-1ubuntu4.7 (internal dummy connection)"
::1 - - [27/Apr/2015:23:32:28 +0000] "OPTIONS * HTTP/1.0" 200 125 "-" "Apache/2.4.7 (Ubuntu) PHP/5.5.9-1ubuntu4.7 (internal dummy connection)"
::1 - - [27/Apr/2015:23:32:29 +0000] "OPTIONS * HTTP/1.0" 200 125 "-" "Apache/2.4.7 (Ubuntu) PHP/5.5.9-1ubuntu4.7 (internal dummy connection)"
108.162.216.62 - - [27/Apr/2015:23:36:23 +0000] "POST /?q=user&destination=index HTTP/1.1" 200 4025 "http://canvas.infowall.net/" "Mozilla/5.0 (Windows NT 6.1; WOW64; rv:37.0) Gecko/20100101 Firefox/37.0"
108.162.216.81 - - [27/Apr/2015:23:36:25 +0000] "GET /modules/poll/poll.css?nnhmlz HTTP/1.1" 200 674 "http://canvas.infowall.net/?q=user&destination=index" "Mozilla/5.0 (Windows NT 6.1; WOW64; rv:37.0) Gecko/20100101 Firefox/37.0"
108.162.216.90 - - [27/Apr/2015:23:36:25 +0000] "GET /modules/user/user.css?nnhmlz HTTP/1.1" 200 1033 "http://canvas.infowall.net/?q=user&destination=index" "Mozilla/5.0 (Windows NT 6.1; WOW64; rv:37.0) Gecko/20100101 Firefox/37.0"
108.162.216.83 - - [27/Apr/2015:23:36:25 +0000] "GET /sites/all/modules/colorbox/styles/default/colorbox_style.css?nnhmlz HTTP/1.1" 200 1574 "http://canvas.infowall.net/?q=user&destination=index" "Mozilla/5.0 (Windows NT 6.1; WOW64; rv:37.0) Gecko/20100101 Firefox/37.0"
108.162.216.94 - - [27/Apr/2015:23:36:25 +0000] "GET /sites/all/modules/webform_steps/webform_steps.css?nnhmlz HTTP/1.1" 200 773 "http://canvas.infowall.net/?q=user&destination=index" "Mozilla/5.0 (Windows NT 6.1; WOW64; rv:37.0) Gecko/20100101 Firefox/37.0"
108.162.216.58 - - [27/Apr/2015:23:36:25 +0000] "GET /sites/all/modules/views/css/views.css?nnhmlz HTTP/1.1" 200 644 "http://canvas.infowall.net/?q=user&destination=index" "Mozilla/5.0 (Windows NT 6.1; WOW64; rv:37.0) Gecko/20100101 Firefox/37.0"
108.162.216.86 - - [27/Apr/2015:23:36:25 +0000] "GET /modules/search/search.css?nnhmlz HTTP/1.1" 200 567 "http://canvas.infowall.net/?q=user&destination=index" "Mozilla/5.0 (Windows NT 6.1; WOW64; rv:37.0) Gecko/20100101 Firefox/37.0"
108.162.216.62 - - [27/Apr/2015:23:36:26 +0000] "GET /sites/all/modules/ctools/css/ctools.css?nnhmlz HTTP/1.1" 200 587 "http://canvas.infowall.net/?q=user&destination=index" "Mozilla/5.0 (Windows NT 6.1; WOW64; rv:37.0) Gecko/20100101 Firefox/37.0"
108.162.216.86 - - [27/Apr/2015:23:36:26 +0000] "GET /sites/all/modules/nice_menus/css/nice_menus.css?nnhmlz HTTP/1.1" 200 1266 "http://canvas.infowall.net/?q=user&destination=index" "Mozilla/5.0 (Windows NT 6.1; WOW64; rv:37.0) Gecko/20100101 Firefox/37.0"
108.162.216.62 - - [27/Apr/2015:23:36:26 +0000] "GET /sites/all/modules/panels/css/panels.css?nnhmlz HTTP/1.1" 200 677 "http://canvas.infowall.net/?q=user&destination=index" "Mozilla/5.0 (Windows NT 6.1; WOW64; rv:37.0) Gecko/20100101 Firefox/37.0"
108.162.216.87 - - [27/Apr/2015:23:36:26 +0000] "GET /misc/jquery.once.js?v=1.2 HTTP/1.1" 200 1416 "http://canvas.infowall.net/?q=user&destination=index" "Mozilla/5.0 (Windows NT 6.1; WOW64; rv:37.0) Gecko/20100101 Firefox/37.0"
108.162.216.65 - - [27/Apr/2015:23:36:27 +0000] "GET /misc/drupal.js?nnhmlz HTTP/1.1" 200 5327 "http://canvas.infowall.net/?q=user&destination=index" "Mozilla/5.0 (Windows NT 6.1; WOW64; rv:37.0) Gecko/20100101 Firefox/37.0"
108.162.216.66 - - [27/Apr/2015:23:36:27 +0000] "GET /misc/jquery.js?v=1.4.4 HTTP/1.1" 200 27427 "http://canvas.infowall.net/?q=user&destination=index" "Mozilla/5.0 (Windows NT 6.1; WOW64; rv:37.0) Gecko/20100101 Firefox/37.0"
108.162.216.73 - - [27/Apr/2015:23:36:28 +0000] "GET /sites/all/modules/nice_menus/js/jquery.bgiframe.js?v=2.1 HTTP/1.1" 200 1158 "http://canvas.infowall.net/?q=user&destination=index" "Mozilla/5.0 (Windows NT 6.1; WOW64; rv:37.0) Gecko/20100101 Firefox/37.0"
108.162.216.72 - - [27/Apr/2015:23:36:28 +0000] "GET /sites/all/modules/nice_menus/js/jquery.hoverIntent.js?v=0.5 HTTP/1.1" 200 1054 "http://canvas.infowall.net/?q=user&destination=index" "Mozilla/5.0 (Windows NT 6.1; WOW64; rv:37.0) Gecko/20100101 Firefox/37.0"
108.162.216.92 - - [27/Apr/2015:23:36:28 +0000] "GET /sites/all/modules/nice_menus/js/superfish.js?v=1.4.8 HTTP/1.1" 200 1891 "http://canvas.infowall.net/?q=user&destination=index" "Mozilla/5.0 (Windows NT 6.1; WOW64; rv:37.0) Gecko/20100101 Firefox/37.0"
108.162.216.94 - - [27/Apr/2015:23:36:28 +0000] "GET /sites/all/modules/nice_menus/js/nice_menus.js?v=1.0 HTTP/1.1" 200 915 "http://canvas.infowall.net/?q=user&destination=index" "Mozilla/5.0 (Windows NT 6.1; WOW64; rv:37.0) Gecko/20100101 Firefox/37.0"
108.162.216.55 - - [27/Apr/2015:23:36:29 +0000] "GET /sites/all/modules/media_colorbox/media_colorbox.js?nnhmlz HTTP/1.1" 200 947 "http://canvas.infowall.net/?q=user&destination=index" "Mozilla/5.0 (Windows NT 6.1; WOW64; rv:37.0) Gecko/20100101 Firefox/37.0"
108.162.216.57 - - [27/Apr/2015:23:36:29 +0000] "GET /sites/all/modules/webform_steps/webform_steps.js?nnhmlz HTTP/1.1" 200 667 "http://canvas.infowall.net/?q=user&destination=index" "Mozilla/5.0 (Windows NT 6.1; WOW64; rv:37.0) Gecko/20100101 Firefox/37.0"
108.162.216.53 - - [27/Apr/2015:23:36:29 +0000] "GET /sites/all/libraries/colorbox/jquery.colorbox-min.js?nnhmlz HTTP/1.1" 200 5074 "http://canvas.infowall.net/?q=user&destination=index" "Mozilla/5.0 (Windows NT 6.1; WOW64; rv:37.0) Gecko/20100101 Firefox/37.0"
108.162.216.83 - - [27/Apr/2015:23:36:29 +0000] "GET /sites/all/modules/colorbox/js/colorbox.js?nnhmlz HTTP/1.1" 200 689 "http://canvas.infowall.net/?q=user&destination=index" "Mozilla/5.0 (Windows NT 6.1; WOW64; rv:37.0) Gecko/20100101 Firefox/37.0"
108.162.216.81 - - [27/Apr/2015:23:36:29 +0000] "GET /sites/all/modules/colorbox/styles/default/colorbox_style.js?nnhmlz HTTP/1.1" 200 639 "http://canvas.infowall.net/?q=user&destination=index" "Mozilla/5.0 (Windows NT 6.1; WOW64; rv:37.0) Gecko/20100101 Firefox/37.0"
108.162.216.60 - - [27/Apr/2015:23:36:29 +0000] "GET /sites/all/modules/colorbox/js/colorbox_load.js?nnhmlz HTTP/1.1" 200 881 "http://canvas.infowall.net/?q=user&destination=index" "Mozilla/5.0 (Windows NT 6.1; WOW64; rv:37.0) Gecko/20100101 Firefox/37.0"
108.162.216.81 - - [27/Apr/2015:23:36:29 +0000] "GET /sites/all/modules/clientside_validation/clientside_validation_html5/clientside_validation_html5.js?nnhmlz HTTP/1.1" 200 1404 "http://canvas.infowall.net/?q=user&destination=index" "Mozilla/5.0 (Windows NT 6.1; WOW64; rv:37.0) Gecko/20100101 Firefox/37.0"
108.162.216.94 - - [27/Apr/2015:23:36:29 +0000] "GET /sites/all/modules/colorbox/js/colorbox_inline.js?nnhmlz HTTP/1.1" 200 925 "http://canvas.infowall.net/?q=user&destination=index" "Mozilla/5.0 (Windows NT 6.1; WOW64; rv:37.0) Gecko/20100101 Firefox/37.0"
108.162.216.94 - - [27/Apr/2015:23:36:29 +0000] "GET /sites/all/modules/clientside_validation/clientside_validation.js?nnhmlz HTTP/1.1" 200 9982 "http://canvas.infowall.net/?q=user&destination=index" "Mozilla/5.0 (Windows NT 6.1; WOW64; rv:37.0) Gecko/20100101 Firefox/37.0"
108.162.216.88 - - [27/Apr/2015:23:36:29 +0000] "GET /sites/all/modules/clientside_validation/clientside_validation.ie8.js?nnhmlz HTTP/1.1" 200 2301 "http://canvas.infowall.net/?q=user&destination=index" "Mozilla/5.0 (Windows NT 6.1; WOW64; rv:37.0) Gecko/20100101 Firefox/37.0"
108.162.216.67 - - [27/Apr/2015:23:36:30 +0000] "GET /sites/all/modules/clientside_validation/jquery-validate/jquery.validate.js?nnhmlz HTTP/1.1" 200 10271 "http://canvas.infowall.net/?q=user&destination=index" "Mozilla/5.0 (Windows NT 6.1; WOW64; rv:37.0) Gecko/20100101 Firefox/37.0"
108.162.216.52 - - [27/Apr/2015:23:36:30 +0000] "GET /modules/system/system.base.css?nnhmlz HTTP/1.1" 200 2220 "http://canvas.infowall.net/?q=user&destination=index" "Mozilla/5.0 (Windows NT 6.1; WOW64; rv:37.0) Gecko/20100101 Firefox/37.0"
108.162.216.82 - - [27/Apr/2015:23:36:30 +0000] "GET /modules/comment/comment.css?nnhmlz HTTP/1.1" 200 476 "http://canvas.infowall.net/?q=user&destination=index" "Mozilla/5.0 (Windows NT 6.1; WOW64; rv:37.0) Gecko/20100101 Firefox/37.0"
108.162.216.87 - - [27/Apr/2015:23:36:30 +0000] "GET /sites/all/modules/date/date_api/date.css?nnhmlz HTTP/1.1" 200 1484 "http://canvas.infowall.net/?q=user&destination=index" "Mozilla/5.0 (Windows NT 6.1; WOW64; rv:37.0) Gecko/20100101 Firefox/37.0"
108.162.216.64 - - [27/Apr/2015:23:36:30 +0000] "GET /sites/all/modules/date/date_repeat_field/date_repeat_field.css?nnhmlz HTTP/1.1" 200 882 "http://canvas.infowall.net/?q=user&destination=index" "Mozilla/5.0 (Windows NT 6.1; WOW64; rv:37.0) Gecko/20100101 Firefox/37.0"
108.162.216.92 - - [27/Apr/2015:23:36:30 +0000] "GET /sites/all/modules/date/date_popup/themes/datepicker.1.7.css?nnhmlz HTTP/1.1" 200 1242 "http://canvas.infowall.net/?q=user&destination=index" "Mozilla/5.0 (Windows NT 6.1; WOW64; rv:37.0) Gecko/20100101 Firefox/37.0"
108.162.216.86 - - [27/Apr/2015:23:36:30 +0000] "GET /sites/all/modules/quiz/quiz.css?nnhmlz HTTP/1.1" 200 2044 "http://canvas.infowall.net/?q=user&destination=index" "Mozilla/5.0 (Windows NT 6.1; WOW64; rv:37.0) Gecko/20100101 Firefox/37.0"
108.162.216.72 - - [27/Apr/2015:23:36:30 +0000] "GET /sites/all/modules/fences/field.css?nnhmlz HTTP/1.1" 200 545 "http://canvas.infowall.net/?q=user&destination=index" "Mozilla/5.0 (Windows NT 6.1; WOW64; rv:37.0) Gecko/20100101 Firefox/37.0"
108.162.216.61 - - [27/Apr/2015:23:36:30 +0000] "GET /sites/all/modules/logintoboggan/logintoboggan.css?nnhmlz HTTP/1.1" 200 663 "http://canvas.infowall.net/?q=user&destination=index" "Mozilla/5.0 (Windows NT 6.1; WOW64; rv:37.0) Gecko/20100101 Firefox/37.0"
108.162.216.57 - - [27/Apr/2015:23:36:30 +0000] "GET /sites/all/modules/ckeditor/css/ckeditor.css?nnhmlz HTTP/1.1" 200 521 "http://canvas.infowall.net/?q=user&destination=index" "Mozilla/5.0 (Windows NT 6.1; WOW64; rv:37.0) Gecko/20100101 Firefox/37.0"
108.162.216.84 - - [27/Apr/2015:23:36:30 +0000] "GET /modules/node/node.css?nnhmlz HTTP/1.1" 200 443 "http://canvas.infowall.net/?q=user&destination=index" "Mozilla/5.0 (Windows NT 6.1; WOW64; rv:37.0) Gecko/20100101 Firefox/37.0"
108.162.216.63 - - [27/Apr/2015:23:36:30 +0000] "GET /sites/all/modules/nice_menus/css/nice_menus_default.css?nnhmlz HTTP/1.1" 200 1487 "http://canvas.infowall.net/?q=user&destination=index" "Mozilla/5.0 (Windows NT 6.1; WOW64; rv:37.0) Gecko/20100101 Firefox/37.0"
108.162.216.55 - - [27/Apr/2015:23:36:30 +0000] "GET /sites/all/themes/canvasresearch/css/styles.css?nnhmlz HTTP/1.1" 200 670 "http://canvas.infowall.net/?q=user&destination=index" "Mozilla/5.0 (Windows NT 6.1; WOW64; rv:37.0) Gecko/20100101 Firefox/37.0"
108.162.216.93 - - [27/Apr/2015:23:36:30 +0000] "GET /sites/all/modules/panels/plugins/layouts/threecol_33_34_33/threecol_33_34_33.css?nnhmlz HTTP/1.1" 200 507 "http://canvas.infowall.net/?q=user&destination=index" "Mozilla/5.0 (Windows NT 6.1; WOW64; rv:37.0) Gecko/20100101 Firefox/37.0"
108.162.216.85 - - [27/Apr/2015:23:36:30 +0000] "GET /sites/all/modules/userloginbar/userloginbar.css?nnhmlz HTTP/1.1" 200 1131 "http://canvas.infowall.net/?q=user&destination=index" "Mozilla/5.0 (Windows NT 6.1; WOW64; rv:37.0) Gecko/20100101 Firefox/37.0"
::1 - - [27/Apr/2015:23:36:31 +0000] "OPTIONS * HTTP/1.0" 200 125 "-" "Apache/2.4.7 (Ubuntu) PHP/5.5.9-1ubuntu4.7 (internal dummy connection)"
::1 - - [27/Apr/2015:23:36:32 +0000] "OPTIONS * HTTP/1.0" 200 125 "-" "Apache/2.4.7 (Ubuntu) PHP/5.5.9-1ubuntu4.7 (internal dummy connection)"
::1 - - [27/Apr/2015:23:36:33 +0000] "OPTIONS * HTTP/1.0" 200 125 "-" "Apache/2.4.7 (Ubuntu) PHP/5.5.9-1ubuntu4.7 (internal dummy connection)"
::1 - - [27/Apr/2015:23:36:34 +0000] "OPTIONS * HTTP/1.0" 200 125 "-" "Apache/2.4.7 (Ubuntu) PHP/5.5.9-1ubuntu4.7 (internal dummy connection)"
108.162.216.70 - - [27/Apr/2015:23:36:35 +0000] "GET /favicon.ico HTTP/1.1" 404 672 "-" "Mozilla/5.0 (Windows NT 6.1; WOW64; rv:37.0) Gecko/20100101 Firefox/37.0"
108.162.216.70 - - [27/Apr/2015:23:36:35 +0000] "GET /favicon.ico HTTP/1.1" 404 671 "-" "Mozilla/5.0 (Windows NT 6.1; WOW64; rv:37.0) Gecko/20100101 Firefox/37.0"
::1 - - [27/Apr/2015:23:36:35 +0000] "OPTIONS * HTTP/1.0" 200 125 "-" "Apache/2.4.7 (Ubuntu) PHP/5.5.9-1ubuntu4.7 (internal dummy connection)"
::1 - - [27/Apr/2015:23:36:36 +0000] "OPTIONS * HTTP/1.0" 200 125 "-" "Apache/2.4.7 (Ubuntu) PHP/5.5.9-1ubuntu4.7 (internal dummy connection)"
::1 - - [27/Apr/2015:23:36:37 +0000] "OPTIONS * HTTP/1.0" 200 125 "-" "Apache/2.4.7 (Ubuntu) PHP/5.5.9-1ubuntu4.7 (internal dummy connection)"
::1 - - [27/Apr/2015:23:36:38 +0000] "OPTIONS * HTTP/1.0" 200 125 "-" "Apache/2.4.7 (Ubuntu) PHP/5.5.9-1ubuntu4.7 (internal dummy connection)"
::1 - - [27/Apr/2015:23:36:39 +0000] "OPTIONS * HTTP/1.0" 200 125 "-" "Apache/2.4.7 (Ubuntu) PHP/5.5.9-1ubuntu4.7 (internal dummy connection)"
::1 - - [27/Apr/2015:23:36:40 +0000] "OPTIONS * HTTP/1.0" 200 125 "-" "Apache/2.4.7 (Ubuntu) PHP/5.5.9-1ubuntu4.7 (internal dummy connection)"
::1 - - [27/Apr/2015:23:36:41 +0000] "OPTIONS * HTTP/1.0" 200 125 "-" "Apache/2.4.7 (Ubuntu) PHP/5.5.9-1ubuntu4.7 (internal dummy connection)"
::1 - - [27/Apr/2015:23:36:42 +0000] "OPTIONS * HTTP/1.0" 200 125 "-" "Apache/2.4.7 (Ubuntu) PHP/5.5.9-1ubuntu4.7 (internal dummy connection)"
::1 - - [27/Apr/2015:23:36:43 +0000] "OPTIONS * HTTP/1.0" 200 125 "-" "Apache/2.4.7 (Ubuntu) PHP/5.5.9-1ubuntu4.7 (internal dummy connection)"
::1 - - [27/Apr/2015:23:36:44 +0000] "OPTIONS * HTTP/1.0" 200 125 "-" "Apache/2.4.7 (Ubuntu) PHP/5.5.9-1ubuntu4.7 (internal dummy connection)"
::1 - - [27/Apr/2015:23:36:45 +0000] "OPTIONS * HTTP/1.0" 200 125 "-" "Apache/2.4.7 (Ubuntu) PHP/5.5.9-1ubuntu4.7 (internal dummy connection)"
::1 - - [27/Apr/2015:23:36:46 +0000] "OPTIONS * HTTP/1.0" 200 125 "-" "Apache/2.4.7 (Ubuntu) PHP/5.5.9-1ubuntu4.7 (internal dummy connection)"
::1 - - [27/Apr/2015:23:36:47 +0000] "OPTIONS * HTTP/1.0" 200 125 "-" "Apache/2.4.7 (Ubuntu) PHP/5.5.9-1ubuntu4.7 (internal dummy connection)"
::1 - - [27/Apr/2015:23:36:48 +0000] "OPTIONS * HTTP/1.0" 200 125 "-" "Apache/2.4.7 (Ubuntu) PHP/5.5.9-1ubuntu4.7 (internal dummy connection)"
::1 - - [27/Apr/2015:23:36:49 +0000] "OPTIONS * HTTP/1.0" 200 125 "-" "Apache/2.4.7 (Ubuntu) PHP/5.5.9-1ubuntu4.7 (internal dummy connection)"
::1 - - [27/Apr/2015:23:36:50 +0000] "OPTIONS * HTTP/1.0" 200 125 "-" "Apache/2.4.7 (Ubuntu) PHP/5.5.9-1ubuntu4.7 (internal dummy connection)"
::1 - - [27/Apr/2015:23:36:51 +0000] "OPTIONS * HTTP/1.0" 200 125 "-" "Apache/2.4.7 (Ubuntu) PHP/5.5.9-1ubuntu4.7 (internal dummy connection)"
::1 - - [27/Apr/2015:23:36:52 +0000] "OPTIONS * HTTP/1.0" 200 125 "-" "Apache/2.4.7 (Ubuntu) PHP/5.5.9-1ubuntu4.7 (internal dummy connection)"
::1 - - [27/Apr/2015:23:36:53 +0000] "OPTIONS * HTTP/1.0" 200 125 "-" "Apache/2.4.7 (Ubuntu) PHP/5.5.9-1ubuntu4.7 (internal dummy connection)"
::1 - - [27/Apr/2015:23:36:54 +0000] "OPTIONS * HTTP/1.0" 200 125 "-" "Apache/2.4.7 (Ubuntu) PHP/5.5.9-1ubuntu4.7 (internal dummy connection)"
::1 - - [27/Apr/2015:23:36:55 +0000] "OPTIONS * HTTP/1.0" 200 125 "-" "Apache/2.4.7 (Ubuntu) PHP/5.5.9-1ubuntu4.7 (internal dummy connection)"
::1 - - [27/Apr/2015:23:36:56 +0000] "OPTIONS * HTTP/1.0" 200 125 "-" "Apache/2.4.7 (Ubuntu) PHP/5.5.9-1ubuntu4.7 (internal dummy connection)"
::1 - - [27/Apr/2015:23:36:57 +0000] "OPTIONS * HTTP/1.0" 200 125 "-" "Apache/2.4.7 (Ubuntu) PHP/5.5.9-1ubuntu4.7 (internal dummy connection)"
::1 - - [27/Apr/2015:23:36:58 +0000] "OPTIONS * HTTP/1.0" 200 125 "-" "Apache/2.4.7 (Ubuntu) PHP/5.5.9-1ubuntu4.7 (internal dummy connection)"
::1 - - [27/Apr/2015:23:36:59 +0000] "OPTIONS * HTTP/1.0" 200 125 "-" "Apache/2.4.7 (Ubuntu) PHP/5.5.9-1ubuntu4.7 (internal dummy connection)"
::1 - - [27/Apr/2015:23:37:00 +0000] "OPTIONS * HTTP/1.0" 200 125 "-" "Apache/2.4.7 (Ubuntu) PHP/5.5.9-1ubuntu4.7 (internal dummy connection)"
::1 - - [27/Apr/2015:23:37:01 +0000] "OPTIONS * HTTP/1.0" 200 125 "-" "Apache/2.4.7 (Ubuntu) PHP/5.5.9-1ubuntu4.7 (internal dummy connection)"
108.162.216.62 - - [27/Apr/2015:23:37:24 +0000] "POST /?q=user&destination=index HTTP/1.1" 200 4032 "http://canvas.infowall.net/" "Mozilla/5.0 (Windows NT 6.1; WOW64; rv:37.0) Gecko/20100101 Firefox/37.0"
108.162.216.66 - - [27/Apr/2015:23:37:26 +0000] "GET /misc/jquery.js?v=1.4.4 HTTP/1.1" 200 27427 "http://canvas.infowall.net/?q=user&destination=index" "Mozilla/5.0 (Windows NT 6.1; WOW64; rv:37.0) Gecko/20100101 Firefox/37.0"
108.162.216.65 - - [27/Apr/2015:23:37:26 +0000] "GET /misc/drupal.js?nnhmlz HTTP/1.1" 200 5327 "http://canvas.infowall.net/?q=user&destination=index" "Mozilla/5.0 (Windows NT 6.1; WOW64; rv:37.0) Gecko/20100101 Firefox/37.0"
108.162.216.73 - - [27/Apr/2015:23:37:26 +0000] "GET /sites/all/modules/nice_menus/js/jquery.bgiframe.js?v=2.1 HTTP/1.1" 200 1158 "http://canvas.infowall.net/?q=user&destination=index" "Mozilla/5.0 (Windows NT 6.1; WOW64; rv:37.0) Gecko/20100101 Firefox/37.0"
108.162.216.72 - - [27/Apr/2015:23:37:26 +0000] "GET /sites/all/modules/nice_menus/js/jquery.hoverIntent.js?v=0.5 HTTP/1.1" 200 1054 "http://canvas.infowall.net/?q=user&destination=index" "Mozilla/5.0 (Windows NT 6.1; WOW64; rv:37.0) Gecko/20100101 Firefox/37.0"
108.162.216.92 - - [27/Apr/2015:23:37:26 +0000] "GET /sites/all/modules/nice_menus/js/superfish.js?v=1.4.8 HTTP/1.1" 200 1891 "http://canvas.infowall.net/?q=user&destination=index" "Mozilla/5.0 (Windows NT 6.1; WOW64; rv:37.0) Gecko/20100101 Firefox/37.0"
108.162.216.94 - - [27/Apr/2015:23:37:26 +0000] "GET /sites/all/modules/nice_menus/js/nice_menus.js?v=1.0 HTTP/1.1" 200 915 "http://canvas.infowall.net/?q=user&destination=index" "Mozilla/5.0 (Windows NT 6.1; WOW64; rv:37.0) Gecko/20100101 Firefox/37.0"
108.162.216.83 - - [27/Apr/2015:23:37:26 +0000] "GET /sites/all/modules/colorbox/js/colorbox.js?nnhmlz HTTP/1.1" 200 689 "http://canvas.infowall.net/?q=user&destination=index" "Mozilla/5.0 (Windows NT 6.1; WOW64; rv:37.0) Gecko/20100101 Firefox/37.0"
108.162.216.55 - - [27/Apr/2015:23:37:26 +0000] "GET /sites/all/modules/media_colorbox/media_colorbox.js?nnhmlz HTTP/1.1" 200 947 "http://canvas.infowall.net/?q=user&destination=index" "Mozilla/5.0 (Windows NT 6.1; WOW64; rv:37.0) Gecko/20100101 Firefox/37.0"
108.162.216.53 - - [27/Apr/2015:23:37:26 +0000] "GET /sites/all/libraries/colorbox/jquery.colorbox-min.js?nnhmlz HTTP/1.1" 200 5074 "http://canvas.infowall.net/?q=user&destination=index" "Mozilla/5.0 (Windows NT 6.1; WOW64; rv:37.0) Gecko/20100101 Firefox/37.0"
108.162.216.57 - - [27/Apr/2015:23:37:26 +0000] "GET /sites/all/modules/webform_steps/webform_steps.js?nnhmlz HTTP/1.1" 200 667 "http://canvas.infowall.net/?q=user&destination=index" "Mozilla/5.0 (Windows NT 6.1; WOW64; rv:37.0) Gecko/20100101 Firefox/37.0"
108.162.216.81 - - [27/Apr/2015:23:37:27 +0000] "GET /sites/all/modules/colorbox/styles/default/colorbox_style.js?nnhmlz HTTP/1.1" 200 639 "http://canvas.infowall.net/?q=user&destination=index" "Mozilla/5.0 (Windows NT 6.1; WOW64; rv:37.0) Gecko/20100101 Firefox/37.0"
108.162.216.60 - - [27/Apr/2015:23:37:27 +0000] "GET /sites/all/modules/colorbox/js/colorbox_load.js?nnhmlz HTTP/1.1" 200 881 "http://canvas.infowall.net/?q=user&destination=index" "Mozilla/5.0 (Windows NT 6.1; WOW64; rv:37.0) Gecko/20100101 Firefox/37.0"
108.162.216.94 - - [27/Apr/2015:23:37:28 +0000] "GET /sites/all/modules/colorbox/js/colorbox_inline.js?nnhmlz HTTP/1.1" 200 925 "http://canvas.infowall.net/?q=user&destination=index" "Mozilla/5.0 (Windows NT 6.1; WOW64; rv:37.0) Gecko/20100101 Firefox/37.0"
108.162.216.67 - - [27/Apr/2015:23:37:28 +0000] "GET /sites/all/modules/clientside_validation/jquery-validate/jquery.validate.js?nnhmlz HTTP/1.1" 200 10271 "http://canvas.infowall.net/?q=user&destination=index" "Mozilla/5.0 (Windows NT 6.1; WOW64; rv:37.0) Gecko/20100101 Firefox/37.0"
108.162.216.52 - - [27/Apr/2015:23:37:28 +0000] "GET /modules/system/system.base.css?nnhmlz HTTP/1.1" 200 2220 "http://canvas.infowall.net/?q=user&destination=index" "Mozilla/5.0 (Windows NT 6.1; WOW64; rv:37.0) Gecko/20100101 Firefox/37.0"
108.162.216.82 - - [27/Apr/2015:23:37:28 +0000] "GET /modules/comment/comment.css?nnhmlz HTTP/1.1" 200 476 "http://canvas.infowall.net/?q=user&destination=index" "Mozilla/5.0 (Windows NT 6.1; WOW64; rv:37.0) Gecko/20100101 Firefox/37.0"
108.162.216.92 - - [27/Apr/2015:23:37:29 +0000] "GET /sites/all/modules/date/date_popup/themes/datepicker.1.7.css?nnhmlz HTTP/1.1" 200 1242 "http://canvas.infowall.net/?q=user&destination=index" "Mozilla/5.0 (Windows NT 6.1; WOW64; rv:37.0) Gecko/20100101 Firefox/37.0"
108.162.216.87 - - [27/Apr/2015:23:37:29 +0000] "GET /sites/all/modules/date/date_api/date.css?nnhmlz HTTP/1.1" 200 1484 "http://canvas.infowall.net/?q=user&destination=index" "Mozilla/5.0 (Windows NT 6.1; WOW64; rv:37.0) Gecko/20100101 Firefox/37.0"
108.162.216.64 - - [27/Apr/2015:23:37:29 +0000] "GET /sites/all/modules/date/date_repeat_field/date_repeat_field.css?nnhmlz HTTP/1.1" 200 882 "http://canvas.infowall.net/?q=user&destination=index" "Mozilla/5.0 (Windows NT 6.1; WOW64; rv:37.0) Gecko/20100101 Firefox/37.0"
108.162.216.72 - - [27/Apr/2015:23:37:29 +0000] "GET /sites/all/modules/fences/field.css?nnhmlz HTTP/1.1" 200 545 "http://canvas.infowall.net/?q=user&destination=index" "Mozilla/5.0 (Windows NT 6.1; WOW64; rv:37.0) Gecko/20100101 Firefox/37.0"
108.162.216.61 - - [27/Apr/2015:23:37:29 +0000] "GET /sites/all/modules/logintoboggan/logintoboggan.css?nnhmlz HTTP/1.1" 200 663 "http://canvas.infowall.net/?q=user&destination=index" "Mozilla/5.0 (Windows NT 6.1; WOW64; rv:37.0) Gecko/20100101 Firefox/37.0"
108.162.216.84 - - [27/Apr/2015:23:37:29 +0000] "GET /modules/node/node.css?nnhmlz HTTP/1.1" 200 443 "http://canvas.infowall.net/?q=user&destination=index" "Mozilla/5.0 (Windows NT 6.1; WOW64; rv:37.0) Gecko/20100101 Firefox/37.0"
108.162.216.63 - - [27/Apr/2015:23:37:29 +0000] "GET /sites/all/modules/nice_menus/css/nice_menus_default.css?nnhmlz HTTP/1.1" 200 1487 "http://canvas.infowall.net/?q=user&destination=index" "Mozilla/5.0 (Windows NT 6.1; WOW64; rv:37.0) Gecko/20100101 Firefox/37.0"
108.162.216.86 - - [27/Apr/2015:23:37:29 +0000] "GET /sites/all/modules/quiz/quiz.css?nnhmlz HTTP/1.1" 200 2045 "http://canvas.infowall.net/?q=user&destination=index" "Mozilla/5.0 (Windows NT 6.1; WOW64; rv:37.0) Gecko/20100101 Firefox/37.0"
108.162.216.57 - - [27/Apr/2015:23:37:30 +0000] "GET /sites/all/modules/ckeditor/css/ckeditor.css?nnhmlz HTTP/1.1" 200 521 "http://canvas.infowall.net/?q=user&destination=index" "Mozilla/5.0 (Windows NT 6.1; WOW64; rv:37.0) Gecko/20100101 Firefox/37.0"
108.162.216.93 - - [27/Apr/2015:23:37:30 +0000] "GET /sites/all/modules/panels/plugins/layouts/threecol_33_34_33/threecol_33_34_33.css?nnhmlz HTTP/1.1" 200 507 "http://canvas.infowall.net/?q=user&destination=index" "Mozilla/5.0 (Windows NT 6.1; WOW64; rv:37.0) Gecko/20100101 Firefox/37.0"
108.162.216.55 - - [27/Apr/2015:23:37:30 +0000] "GET /sites/all/themes/canvasresearch/css/styles.css?nnhmlz HTTP/1.1" 200 671 "http://canvas.infowall.net/?q=user&destination=index" "Mozilla/5.0 (Windows NT 6.1; WOW64; rv:37.0) Gecko/20100101 Firefox/37.0"
108.162.216.85 - - [27/Apr/2015:23:37:30 +0000] "GET /sites/all/modules/userloginbar/userloginbar.css?nnhmlz HTTP/1.1" 200 1131 "http://canvas.infowall.net/?q=user&destination=index" "Mozilla/5.0 (Windows NT 6.1; WOW64; rv:37.0) Gecko/20100101 Firefox/37.0"
108.162.216.88 - - [27/Apr/2015:23:37:30 +0000] "GET /sites/all/modules/clientside_validation/clientside_validation.ie8.js?nnhmlz HTTP/1.1" 200 2301 "http://canvas.infowall.net/?q=user&destination=index" "Mozilla/5.0 (Windows NT 6.1; WOW64; rv:37.0) Gecko/20100101 Firefox/37.0"
108.162.216.81 - - [27/Apr/2015:23:37:30 +0000] "GET /sites/all/modules/clientside_validation/clientside_validation_html5/clientside_validation_html5.js?nnhmlz HTTP/1.1" 200 1405 "http://canvas.infowall.net/?q=user&destination=index" "Mozilla/5.0 (Windows NT 6.1; WOW64; rv:37.0) Gecko/20100101 Firefox/37.0"
108.162.216.94 - - [27/Apr/2015:23:37:30 +0000] "GET /sites/all/modules/clientside_validation/clientside_validation.js?nnhmlz HTTP/1.1" 200 9983 "http://canvas.infowall.net/?q=user&destination=index" "Mozilla/5.0 (Windows NT 6.1; WOW64; rv:37.0) Gecko/20100101 Firefox/37.0"
108.162.216.87 - - [27/Apr/2015:23:37:30 +0000] "GET /misc/jquery.once.js?v=1.2 HTTP/1.1" 200 1416 "http://canvas.infowall.net/?q=user&destination=index" "Mozilla/5.0 (Windows NT 6.1; WOW64; rv:37.0) Gecko/20100101 Firefox/37.0"
108.162.216.81 - - [27/Apr/2015:23:37:30 +0000] "GET /modules/poll/poll.css?nnhmlz HTTP/1.1" 200 674 "http://canvas.infowall.net/?q=user&destination=index" "Mozilla/5.0 (Windows NT 6.1; WOW64; rv:37.0) Gecko/20100101 Firefox/37.0"
108.162.216.90 - - [27/Apr/2015:23:37:30 +0000] "GET /modules/user/user.css?nnhmlz HTTP/1.1" 200 1033 "http://canvas.infowall.net/?q=user&destination=index" "Mozilla/5.0 (Windows NT 6.1; WOW64; rv:37.0) Gecko/20100101 Firefox/37.0"
108.162.216.94 - - [27/Apr/2015:23:37:30 +0000] "GET /sites/all/modules/webform_steps/webform_steps.css?nnhmlz HTTP/1.1" 200 773 "http://canvas.infowall.net/?q=user&destination=index" "Mozilla/5.0 (Windows NT 6.1; WOW64; rv:37.0) Gecko/20100101 Firefox/37.0"
108.162.216.86 - - [27/Apr/2015:23:37:30 +0000] "GET /modules/search/search.css?nnhmlz HTTP/1.1" 200 567 "http://canvas.infowall.net/?q=user&destination=index" "Mozilla/5.0 (Windows NT 6.1; WOW64; rv:37.0) Gecko/20100101 Firefox/37.0"
108.162.216.62 - - [27/Apr/2015:23:37:31 +0000] "GET /sites/all/modules/panels/css/panels.css?nnhmlz HTTP/1.1" 200 677 "http://canvas.infowall.net/?q=user&destination=index" "Mozilla/5.0 (Windows NT 6.1; WOW64; rv:37.0) Gecko/20100101 Firefox/37.0"
108.162.216.62 - - [27/Apr/2015:23:37:31 +0000] "GET /sites/all/modules/ctools/css/ctools.css?nnhmlz HTTP/1.1" 200 587 "http://canvas.infowall.net/?q=user&destination=index" "Mozilla/5.0 (Windows NT 6.1; WOW64; rv:37.0) Gecko/20100101 Firefox/37.0"
108.162.216.83 - - [27/Apr/2015:23:37:31 +0000] "GET /sites/all/modules/colorbox/styles/default/colorbox_style.css?nnhmlz HTTP/1.1" 200 1574 "http://canvas.infowall.net/?q=user&destination=index" "Mozilla/5.0 (Windows NT 6.1; WOW64; rv:37.0) Gecko/20100101 Firefox/37.0"
108.162.216.58 - - [27/Apr/2015:23:37:31 +0000] "GET /sites/all/modules/views/css/views.css?nnhmlz HTTP/1.1" 200 644 "http://canvas.infowall.net/?q=user&destination=index" "Mozilla/5.0 (Windows NT 6.1; WOW64; rv:37.0) Gecko/20100101 Firefox/37.0"
108.162.216.86 - - [27/Apr/2015:23:37:31 +0000] "GET /sites/all/modules/nice_menus/css/nice_menus.css?nnhmlz HTTP/1.1" 200 1266 "http://canvas.infowall.net/?q=user&destination=index" "Mozilla/5.0 (Windows NT 6.1; WOW64; rv:37.0) Gecko/20100101 Firefox/37.0"
::1 - - [27/Apr/2015:23:37:32 +0000] "OPTIONS * HTTP/1.0" 200 125 "-" "Apache/2.4.7 (Ubuntu) PHP/5.5.9-1ubuntu4.7 (internal dummy connection)"
::1 - - [27/Apr/2015:23:37:33 +0000] "OPTIONS * HTTP/1.0" 200 125 "-" "Apache/2.4.7 (Ubuntu) PHP/5.5.9-1ubuntu4.7 (internal dummy connection)"
::1 - - [27/Apr/2015:23:37:34 +0000] "OPTIONS * HTTP/1.0" 200 125 "-" "Apache/2.4.7 (Ubuntu) PHP/5.5.9-1ubuntu4.7 (internal dummy connection)"
::1 - - [27/Apr/2015:23:37:35 +0000] "OPTIONS * HTTP/1.0" 200 125 "-" "Apache/2.4.7 (Ubuntu) PHP/5.5.9-1ubuntu4.7 (internal dummy connection)"
::1 - - [27/Apr/2015:23:37:36 +0000] "OPTIONS * HTTP/1.0" 200 125 "-" "Apache/2.4.7 (Ubuntu) PHP/5.5.9-1ubuntu4.7 (internal dummy connection)"
::1 - - [27/Apr/2015:23:37:37 +0000] "OPTIONS * HTTP/1.0" 200 125 "-" "Apache/2.4.7 (Ubuntu) PHP/5.5.9-1ubuntu4.7 (internal dummy connection)"
::1 - - [27/Apr/2015:23:37:38 +0000] "OPTIONS * HTTP/1.0" 200 125 "-" "Apache/2.4.7 (Ubuntu) PHP/5.5.9-1ubuntu4.7 (internal dummy connection)"
::1 - - [27/Apr/2015:23:37:39 +0000] "OPTIONS * HTTP/1.0" 200 125 "-" "Apache/2.4.7 (Ubuntu) PHP/5.5.9-1ubuntu4.7 (internal dummy connection)"
::1 - - [27/Apr/2015:23:37:40 +0000] "OPTIONS * HTTP/1.0" 200 125 "-" "Apache/2.4.7 (Ubuntu) PHP/5.5.9-1ubuntu4.7 (internal dummy connection)"
::1 - - [27/Apr/2015:23:37:41 +0000] "OPTIONS * HTTP/1.0" 200 125 "-" "Apache/2.4.7 (Ubuntu) PHP/5.5.9-1ubuntu4.7 (internal dummy connection)"
::1 - - [27/Apr/2015:23:37:42 +0000] "OPTIONS * HTTP/1.0" 200 125 "-" "Apache/2.4.7 (Ubuntu) PHP/5.5.9-1ubuntu4.7 (internal dummy connection)"
::1 - - [27/Apr/2015:23:37:43 +0000] "OPTIONS * HTTP/1.0" 200 125 "-" "Apache/2.4.7 (Ubuntu) PHP/5.5.9-1ubuntu4.7 (internal dummy connection)"
::1 - - [27/Apr/2015:23:37:44 +0000] "OPTIONS * HTTP/1.0" 200 125 "-" "Apache/2.4.7 (Ubuntu) PHP/5.5.9-1ubuntu4.7 (internal dummy connection)"
::1 - - [27/Apr/2015:23:37:45 +0000] "OPTIONS * HTTP/1.0" 200 125 "-" "Apache/2.4.7 (Ubuntu) PHP/5.5.9-1ubuntu4.7 (internal dummy connection)"
::1 - - [27/Apr/2015:23:37:46 +0000] "OPTIONS * HTTP/1.0" 200 125 "-" "Apache/2.4.7 (Ubuntu) PHP/5.5.9-1ubuntu4.7 (internal dummy connection)"
::1 - - [27/Apr/2015:23:37:47 +0000] "OPTIONS * HTTP/1.0" 200 125 "-" "Apache/2.4.7 (Ubuntu) PHP/5.5.9-1ubuntu4.7 (internal dummy connection)"
::1 - - [27/Apr/2015:23:37:48 +0000] "OPTIONS * HTTP/1.0" 200 125 "-" "Apache/2.4.7 (Ubuntu) PHP/5.5.9-1ubuntu4.7 (internal dummy connection)"
::1 - - [27/Apr/2015:23:37:49 +0000] "OPTIONS * HTTP/1.0" 200 125 "-" "Apache/2.4.7 (Ubuntu) PHP/5.5.9-1ubuntu4.7 (internal dummy connection)"
::1 - - [27/Apr/2015:23:37:50 +0000] "OPTIONS * HTTP/1.0" 200 125 "-" "Apache/2.4.7 (Ubuntu) PHP/5.5.9-1ubuntu4.7 (internal dummy connection)"
::1 - - [27/Apr/2015:23:37:51 +0000] "OPTIONS * HTTP/1.0" 200 125 "-" "Apache/2.4.7 (Ubuntu) PHP/5.5.9-1ubuntu4.7 (internal dummy connection)"
::1 - - [27/Apr/2015:23:37:52 +0000] "OPTIONS * HTTP/1.0" 200 125 "-" "Apache/2.4.7 (Ubuntu) PHP/5.5.9-1ubuntu4.7 (internal dummy connection)"
108.162.216.62 - - [27/Apr/2015:23:37:52 +0000] "GET /user/password?name=shelli HTTP/1.1" 200 3854 "http://canvas.infowall.net/?q=user&destination=index" "Mozilla/5.0 (Windows NT 6.1; WOW64; rv:37.0) Gecko/20100101 Firefox/37.0"
108.162.216.66 - - [27/Apr/2015:23:37:53 +0000] "GET /misc/jquery.js?v=1.4.4 HTTP/1.1" 200 27427 "http://canvas.infowall.net/user/password?name=shelli" "Mozilla/5.0 (Windows NT 6.1; WOW64; rv:37.0) Gecko/20100101 Firefox/37.0"
108.162.216.87 - - [27/Apr/2015:23:37:53 +0000] "GET /misc/jquery.once.js?v=1.2 HTTP/1.1" 200 1416 "http://canvas.infowall.net/user/password?name=shelli" "Mozilla/5.0 (Windows NT 6.1; WOW64; rv:37.0) Gecko/20100101 Firefox/37.0"
108.162.216.65 - - [27/Apr/2015:23:37:53 +0000] "GET /misc/drupal.js?nnhmlz HTTP/1.1" 200 5327 "http://canvas.infowall.net/user/password?name=shelli" "Mozilla/5.0 (Windows NT 6.1; WOW64; rv:37.0) Gecko/20100101 Firefox/37.0"
108.162.216.92 - - [27/Apr/2015:23:37:53 +0000] "GET /sites/all/modules/nice_menus/js/superfish.js?v=1.4.8 HTTP/1.1" 200 1891 "http://canvas.infowall.net/user/password?name=shelli" "Mozilla/5.0 (Windows NT 6.1; WOW64; rv:37.0) Gecko/20100101 Firefox/37.0"
108.162.216.72 - - [27/Apr/2015:23:37:53 +0000] "GET /sites/all/modules/nice_menus/js/jquery.hoverIntent.js?v=0.5 HTTP/1.1" 200 1054 "http://canvas.infowall.net/user/password?name=shelli" "Mozilla/5.0 (Windows NT 6.1; WOW64; rv:37.0) Gecko/20100101 Firefox/37.0"
